03-31 07:44:23.959  1200  1268 D gralloc : Registering a buffer in the process that created it. This may cause memory ordering problems.
03-31 07:44:23.959  1478  1478 V StatusBar: mStatusBarWindow: com.android.systemui.statusbar.phone.StatusBarWindowView{252c310 V.ED..... ........ 0,0-1024,24} canPanelBeCollapsed(): false
03-31 07:44:23.960  1478  1478 I vol.Events: writeEvent dismiss_dialog volume_controller
03-31 07:44:24.012  1200  1200 D gralloc : Registering a buffer in the process that created it. This may cause memory ordering problems.
03-31 07:44:24.039  3408  3408 D OpenGLRenderer: Skia GL Pipeline
03-31 07:44:24.147  3408  3408 D SettingsActivity: Starting onCreate
03-31 07:44:24.149  1200  1783 D gralloc : Registering a buffer in the process that created it. This may cause memory ordering problems.
03-31 07:44:24.193  1200  1200 D gralloc : Registering a buffer in the process that created it. This may cause memory ordering problems.
03-31 07:44:24.293  3408  3408 D SettingsActivity: Starting to set activity title
03-31 07:44:24.293  3408  3408 D SettingsActivity: Done setting title
03-31 07:44:24.293  3408  3408 D SettingsActivity: Switching to fragment com.android.settings.applications.appinfo.AppInfoDashboardFragment
03-31 07:44:24.323  3408  3408 D PrefCtrlListHelper: Could not find Context-only controller for pref: com.android.settings.applications.appinfo.AppNotificationPreferenceController
03-31 07:44:24.323  3408  3408 D PrefCtrlListHelper: Could not find Context-only controller for pref: com.android.settings.applications.appinfo.AppPermissionPreferenceController
03-31 07:44:24.323  3408  3408 D PrefCtrlListHelper: Could not find Context-only controller for pref: com.android.settings.applications.appinfo.AppStoragePreferenceController
03-31 07:44:24.323  3408  3408 D PrefCtrlListHelper: Could not find Context-only controller for pref: com.android.settings.applications.appinfo.InstantAppDomainsPreferenceController
03-31 07:44:24.323  3408  3408 D PrefCtrlListHelper: Could not find Context-only controller for pref: com.android.settings.applications.appinfo.AppDataUsagePreferenceController
03-31 07:44:24.324  3408  3408 D PrefCtrlListHelper: Could not find Context-only controller for pref: com.android.settings.applications.appinfo.TimeSpentInAppPreferenceController
03-31 07:44:24.324  3408  3408 D PrefCtrlListHelper: Could not find Context-only controller for pref: com.android.settings.applications.appinfo.AppOpenByDefaultPreferenceController
03-31 07:44:24.325  3408  3408 D PrefCtrlListHelper: Could not find Context-only controller for pref: com.android.settings.applications.appinfo.AdvancedAppInfoPreferenceCategoryController
03-31 07:44:24.325  3408  3408 D PrefCtrlListHelper: Could not find Context-only controller for pref: com.android.settings.applications.appinfo.DrawOverlayDetailPreferenceController
03-31 07:44:24.325  3408  3408 D PrefCtrlListHelper: Could not find Context-only controller for pref: com.android.settings.applications.appinfo.WriteSystemSettingsPreferenceController
03-31 07:44:24.325  3408  3408 D PrefCtrlListHelper: Could not find Context-only controller for pref: com.android.settings.applications.appinfo.PictureInPictureDetailPreferenceController
03-31 07:44:24.325  3408  3408 D PrefCtrlListHelper: Could not find Context-only controller for pref: com.android.settings.applications.appinfo.ExternalSourceDetailPreferenceController
03-31 07:44:24.325  3408  3408 D PrefCtrlListHelper: Could not find Context-only controller for pref: com.android.settings.applications.appinfo.AppInstallerPreferenceCategoryController
03-31 07:44:24.325  3408  3408 D PrefCtrlListHelper: Could not find Context-only controller for pref: com.android.settings.applications.appinfo.AppInstallerInfoPreferenceController
03-31 07:44:24.325  3408  3408 D PrefCtrlListHelper: Could not find Context-only controller for pref: com.android.settings.applications.appinfo.AppSettingPreferenceController
03-31 07:44:24.326  3408  3408 D PrefCtrlListHelper: Could not find Context-only controller for pref: com.android.settings.applications.appinfo.AppVersionPreferenceController
03-31 07:44:24.327  3408  3408 W Settings: Unable to find info for package: null
03-31 07:44:24.355  3408  3408 W InstrumentedPrefFrag: Screen title missing for fragment com.android.settings.applications.appinfo.AppInfoDashboardFragment
03-31 07:44:24.370  3408  3408 W TileUtils: Found com.android.settings.Settings$NotificationAppListActivity for intent Intent { act=com.android.settings.action.SETTINGS pkg=com.android.settings } missing metadata com.android.settings.category
03-31 07:44:24.381  3408  3408 W TileUtils: Ignoring icon tintable for ActivityInfo{d782197 com.google.android.gms.security.settings.VerifyAppsSettingsActivity}
03-31 07:44:24.381  3408  3408 W TileUtils: Ignoring icon tintable for ActivityInfo{82c7f84 com.google.android.gms.update.SystemUpdateActivity}
03-31 07:44:24.381  3408  3408 W TileUtils: Ignoring icon tintable for ActivityInfo{de4b36d com.google.android.gms.adsidentity.settings.AdsIdentitySettingsActivity}
03-31 07:44:24.382  3408  3408 W TileUtils: Ignoring icon tintable for ActivityInfo{c59cba2 com.google.android.gms.autofill.ui.AutofillSettingsPrivacyHubActivity}
03-31 07:44:24.382  3408  3408 W TileUtils: Ignoring icon tintable for ActivityInfo{f934033 com.google.android.gms.mdm.settings.AdmSettingsActivity}
03-31 07:44:24.382  3408  3408 W TileUtils: Ignoring icon tintable for ActivityInfo{9b40ff0 com.google.android.gms.usagereporting.settings.UsageReportingActivity}
03-31 07:44:24.384  3408  3408 W TileUtils: Ignoring icon tintable for ActivityInfo{2261969 com.google.android.gms.nearby.sharing.SettingsPreferenceActivityAlias}
03-31 07:44:24.384  3408  3408 D AppInfoDashboard: NO dashboard tiles for AppInfoDashboard
03-31 07:44:24.385  3408  3408 D SettingsActivity: Executed frag manager pendingTransactions
03-31 07:44:24.401  3408  3427 W TileUtils: Found com.android.settings.Settings$NotificationAppListActivity for intent Intent { act=com.android.settings.action.SETTINGS pkg=com.android.settings } missing metadata com.android.settings.category
03-31 07:44:24.401  3408  3428 I DeviceIndex: Skipping: device index is not enabled
03-31 07:44:24.403  1208  1208 I Binder:1208_3: type=1400 audit(0.0:660): avc: denied { dac_read_search } for capability=2 scontext=u:r:installd:s0 tcontext=u:r:installd:s0 tclass=capability permissive=1
03-31 07:44:24.404  1340  1359 E BatteryExternalStatsWorker: no controller energy info supplied for wifi
03-31 07:44:24.404  1340  1359 E BatteryExternalStatsWorker: no controller energy info supplied for bluetooth
03-31 07:44:24.405  1563  1563 E PhoneInterfaceManager: [PhoneIntfMgr] queryModemActivityInfo: Empty response
03-31 07:44:24.406  1340  1359 E KernelUidCpuFreqTimeReader: Failed to read /proc/uid_time_in_state: java.io.FileNotFoundException: /proc/uid_time_in_state (No such file or directory)
03-31 07:44:24.407  1340  1359 W KernelCpuProcReader: File not exist: /proc/uid_cpupower/concurrent_active_time
03-31 07:44:24.407  1340  1359 W KernelCpuProcReader: File not exist: /proc/uid_cpupower/concurrent_policy_time
03-31 07:44:24.407  1340  1359 E KernelCpuSpeedReader: Failed to read cpu-freq: /sys/devices/system/cpu/cpu0/cpufreq/stats/time_in_state (No such file or directory)
03-31 07:44:24.408  1340  1359 W BatteryExternalStatsWorker: modem info is invalid: ModemActivityInfo{ mTimestamp=0 mSleepTimeMs=0 mIdleTimeMs=0 mTxTimeMs[]=[0, 0, 0, 0, 0] mRxTimeMs=0 mEnergyUsed=0}
03-31 07:44:24.414  3408  3408 I com.android.settings: type=1400 audit(0.0:661): avc: denied { read } for comm=4173796E635461736B202332 path=2F6465762F6173686D656D2F626174746572792D7374617473202864656C6574656429 dev="tmpfs" ino=45276 scontext=u:r:system_app:s0 tcontext=u:object_r:system_server_tmpfs:s0 tclass=file permissive=1
03-31 07:44:24.420  3408  3408 I com.android.settings: type=1400 audit(0.0:662): avc: denied { search } for comm=4173796E635461736B202332 name="/" dev="bpf" ino=1 scontext=u:r:system_app:s0 tcontext=u:object_r:fs_bpf:s0 tclass=dir permissive=1
03-31 07:44:24.514  3408  3419 I ndroid.setting: Background concurrent copying GC freed 10637(967KB) AllocSpace objects, 0(0B) LOS objects, 49% free, 2MB/5MB, paused 20us total 108.360ms
03-31 07:44:24.519  3408  3427 D SettingsActivity: Enabled state changed for some tiles, reloading all categories {com.android.settings/com.android.settings.Settings$PowerUsageSummaryActivity},
03-31 07:44:24.525  3408  3408 W ContextImpl: Calling a method in the system process without a qualified user: android.app.ContextImpl.bindService:1611 android.content.ContextWrapper.bindService:698 android.content.pm.permission.RuntimePermissionPresenter$RemoteService.processMessage:171 android.content.pm.permission.RuntimePermissionPresenter.getAppPermissions:118 com.android.settingslib.applications.PermissionsSummaryHelper.getPermissionSummary:34 
03-31 07:44:24.531  3408  3408 D AppUtils: Have 0 number of activities in preferred list
03-31 07:44:24.532  3430  3430 I Zygote  : seccomp disabled by setenforce 0
03-31 07:44:24.534  3430  3430 W ackageinstalle: Unexpected CPU variant for X86 using defaults: x86_64
03-31 07:44:24.536  1340  1357 I ActivityManager: Start proc 3430:com.google.android.packageinstaller/u0a23 for service com.google.android.packageinstaller/com.android.packageinstaller.permission.service.RuntimePermissionPresenterServiceImpl
03-31 07:44:24.538  3408  3408 W AppActionButtonControl: App is not explicitly stopped
03-31 07:44:24.539  3408  3408 D AppUtils: Have 0 number of activities in preferred list
03-31 07:44:24.541  1340  3394 I ProcessStatsService: Added stats: 2023-03-31-01-31-52, over +1h31m20s51ms
03-31 07:44:24.543  1181  1258 E TrafficController: Failed to set the counterSet: Bad file descriptor, fd: -1
03-31 07:44:24.547  3430  3430 I ackageinstalle: The ClassLoaderContext is a special shared library.
03-31 07:44:24.558  3408  3427 W ProcStatsManager: No process android.process.media/10006 for service com.android.providers.media.MediaScannerService
03-31 07:44:24.559  3408  3427 W ProcStatsManager: No process android.process.media/10006 for service com.android.providers.downloads.DownloadJobService
03-31 07:44:24.559  3408  3427 W ProcStatsManager: No process com.android.vending:instant_app_installer/10033 for service com.google.android.finsky.instantapps.PhenotypeUpdateService
03-31 07:44:24.559  3408  3427 W ProcStatsManager: No process com.android.vending:instant_app_installer/10033 for service com.google.android.finsky.instantapps.PhenotypeUpdateService
03-31 07:44:24.559  3408  3427 W ProcStatsManager: No process com.android.vending:instant_app_installer/10033 for service com.google.android.finsky.instantapps.metrics.LogFlushJob
03-31 07:44:24.559  3408  3427 W ProcStatsManager: No process com.android.vending:quick_launch/10033 for service com.google.android.finsky.ipcservers.quicklaunch.QuickLaunchGrpcServerAndroidService
03-31 07:44:24.559  3408  3427 W ProcStatsManager: No process com.android.vending:instant_app_installer/10033 for service com.google.android.finsky.instantapps.hint.AppPreloadHygieneService
03-31 07:44:24.559  3408  3427 W ProcStatsManager: No process com.android.vending:instant_app_installer/10033 for service com.google.android.finsky.instantapps.dna.ArchivePrefetchService
03-31 07:44:24.559  3408  3427 W ProcStatsManager: No process com.google.android.gm/10075 for service com.google.android.gm.GoogleMailSwitchService
03-31 07:44:24.559  3408  3427 W ProcStatsManager: No process com.google.android.gm/10075 for service com.android.mail.widget.BaseGmailWidgetProviderService
03-31 07:44:24.559  3408  3427 W ProcStatsManager: No process com.google.android.gm/10075 for service com.google.android.gm.GmailIntentService
03-31 07:44:24.559  3408  3427 W ProcStatsManager: No process com.google.android.gm/10075 for service com.android.email.service.EmailBroadcastProcessorService
03-31 07:44:24.559  3408  3427 W ProcStatsManager: No process com.google.android.gm/10075 for service com.android.exchange.service.EasService
03-31 07:44:24.559  3408  3427 W ProcStatsManager: No process com.android.cellbroadcastreceiver/10025 for service com.android.cellbroadcastreceiver.CellBroadcastConfigService
03-31 07:44:24.559  3408  3427 W ProcStatsManager: No process com.google.process.gapps/10055 for service com.google.android.syncadapters.contacts.ContactsSyncAdapterIntentService
03-31 07:44:24.559  3408  3427 W ProcStatsManager: No process com.android.keychain/1000 for service com.android.keychain.KeyChainService
03-31 07:44:24.559  3408  3427 W ProcStatsManager: No process com.android.chrome:sandboxed_process0/10008 for service org.chromium.content.app.SandboxedProcessService0
03-31 07:44:24.559  3408  3427 W ProcStatsManager: No process com.android.chrome:sandboxed_process0/10028 for service org.chromium.content.app.SandboxedProcessService0
03-31 07:44:24.559  3408  3427 W ProcStatsManager: No process com.android.chrome:webview_service/10073 for service org.chromium.android_webview.services.AwVariationsSeedFetcher
03-31 07:44:24.559  3408  3427 W ProcStatsManager: No process com.android.chrome:webview_service/10073 for service org.chromium.android_webview.services.VariationsSeedServer
03-31 07:44:24.559  3408  3427 W ProcStatsManager: No process com.android.chrome/10073 for service org.chromium.chrome.browser.customtabs.CustomTabsConnectionService
03-31 07:44:24.559  3408  3427 W ProcStatsManager: No process com.android.dialer/10018 for service com.android.voicemail.impl.StatusCheckJobService
03-31 07:44:24.559  3408  3427 W ProcStatsManager: No process com.android.gallery3d/10074 for service com.android.gallery3d.app.PackagesMonitor$AsyncService
03-31 07:44:24.560  3408  3427 W ProcStatsManager: No process com.google.android.partnersetup/10029 for service com.google.android.partnersetup.InstalledAppJobService
03-31 07:44:24.585  1340  1889 I ProcessStatsService: Added stats: 2023-03-31-01-31-52, over +1h31m20s51ms
03-31 07:44:24.588  3408  3427 W ProcStatsManager: No process android.process.media/10006 for service com.android.providers.media.MediaScannerService
03-31 07:44:24.589  3408  3427 W ProcStatsManager: No process android.process.media/10006 for service com.android.providers.downloads.DownloadJobService
03-31 07:44:24.589  3408  3427 W ProcStatsManager: No process com.android.vending:instant_app_installer/10033 for service com.google.android.finsky.instantapps.PhenotypeUpdateService
03-31 07:44:24.589  3408  3427 W ProcStatsManager: No process com.android.vending:instant_app_installer/10033 for service com.google.android.finsky.instantapps.PhenotypeUpdateService
03-31 07:44:24.589  3408  3427 W ProcStatsManager: No process com.android.vending:instant_app_installer/10033 for service com.google.android.finsky.instantapps.metrics.LogFlushJob
03-31 07:44:24.589  3408  3427 W ProcStatsManager: No process com.android.vending:quick_launch/10033 for service com.google.android.finsky.ipcservers.quicklaunch.QuickLaunchGrpcServerAndroidService
03-31 07:44:24.589  3408  3427 W ProcStatsManager: No process com.android.vending:instant_app_installer/10033 for service com.google.android.finsky.instantapps.hint.AppPreloadHygieneService
03-31 07:44:24.589  3408  3427 W ProcStatsManager: No process com.android.vending:instant_app_installer/10033 for service com.google.android.finsky.instantapps.dna.ArchivePrefetchService
03-31 07:44:24.589  3408  3427 W ProcStatsManager: No process com.google.android.gm/10075 for service com.google.android.gm.GoogleMailSwitchService
03-31 07:44:24.589  3408  3427 W ProcStatsManager: No process com.google.android.gm/10075 for service com.android.mail.widget.BaseGmailWidgetProviderService
03-31 07:44:24.589  3408  3427 W ProcStatsManager: No process com.google.android.gm/10075 for service com.google.android.gm.GmailIntentService
03-31 07:44:24.589  3408  3427 W ProcStatsManager: No process com.google.android.gm/10075 for service com.android.email.service.EmailBroadcastProcessorService
03-31 07:44:24.589  3408  3427 W ProcStatsManager: No process com.google.android.gm/10075 for service com.android.exchange.service.EasService
03-31 07:44:24.589  3408  3427 W ProcStatsManager: No process com.android.cellbroadcastreceiver/10025 for service com.android.cellbroadcastreceiver.CellBroadcastConfigService
03-31 07:44:24.589  3408  3427 W ProcStatsManager: No process com.google.process.gapps/10055 for service com.google.android.syncadapters.contacts.ContactsSyncAdapterIntentService
03-31 07:44:24.589  3408  3427 W ProcStatsManager: No process com.android.keychain/1000 for service com.android.keychain.KeyChainService
03-31 07:44:24.589  3408  3427 W ProcStatsManager: No process com.android.chrome:sandboxed_process0/10008 for service org.chromium.content.app.SandboxedProcessService0
03-31 07:44:24.589  3408  3427 W ProcStatsManager: No process com.android.chrome:sandboxed_process0/10028 for service org.chromium.content.app.SandboxedProcessService0
03-31 07:44:24.589  3408  3427 W ProcStatsManager: No process com.android.chrome:webview_service/10073 for service org.chromium.android_webview.services.AwVariationsSeedFetcher
03-31 07:44:24.589  3408  3427 W ProcStatsManager: No process com.android.chrome:webview_service/10073 for service org.chromium.android_webview.services.VariationsSeedServer
03-31 07:44:24.589  3408  3427 W ProcStatsManager: No process com.android.chrome/10073 for service org.chromium.chrome.browser.customtabs.CustomTabsConnectionService
03-31 07:44:24.589  3408  3427 W ProcStatsManager: No process com.android.dialer/10018 for service com.android.voicemail.impl.StatusCheckJobService
03-31 07:44:24.589  3408  3427 W ProcStatsManager: No process com.android.gallery3d/10074 for service com.android.gallery3d.app.PackagesMonitor$AsyncService
03-31 07:44:24.590  3408  3427 W ProcStatsManager: No process com.google.android.partnersetup/10029 for service com.google.android.partnersetup.InstalledAppJobService
03-31 07:44:24.599  3408  3408 I RenderThread: type=1400 audit(0.0:663): avc: denied { search } for name="graphics" dev="tmpfs" ino=6710 scontext=u:r:system_app:s0 tcontext=u:object_r:graphics_device:s0 tclass=dir permissive=1
03-31 07:44:24.600  3408  3427 W TileUtils: Found com.android.settings.Settings$NotificationAppListActivity for intent Intent { act=com.android.settings.action.SETTINGS pkg=com.android.settings } missing metadata com.android.settings.category
03-31 07:44:24.600  1200  1324 D gralloc : Registering a buffer in the process that created it. This may cause memory ordering problems.
03-31 07:44:24.600  1200  1324 I chatty  : uid=0(root) Binder:1200_3 identical 1 line
03-31 07:44:24.600  1200  1324 D gralloc : Registering a buffer in the process that created it. This may cause memory ordering problems.
03-31 07:44:24.601  3408  3445 I ConfigStore: android::hardware::configstore::V1_0::ISurfaceFlingerConfigs::hasWideColorDisplay retrieved: 0
03-31 07:44:24.601  3408  3445 I ConfigStore: android::hardware::configstore::V1_0::ISurfaceFlingerConfigs::hasHDRDisplay retrieved: 0
03-31 07:44:24.601  3408  3445 I OpenGLRenderer: Initialized EGL, version 1.4
03-31 07:44:24.601  3408  3445 D OpenGLRenderer: Swap behavior 1
03-31 07:44:24.635  3408  3427 D SettingsActivity: Enabled state changed for some tiles, reloading all categories {com.android.settings/com.android.settings.Settings$PowerUsageSummaryActivity},
03-31 07:44:24.638  3408  3427 W TileUtils: Found com.android.settings.Settings$NotificationAppListActivity for intent Intent { act=com.android.settings.action.SETTINGS pkg=com.android.settings } missing metadata com.android.settings.category
03-31 07:44:24.885  1340  1363 I system_server: Explicit concurrent copying GC freed 51218(2MB) AllocSpace objects, 32(1280KB) LOS objects, 42% free, 9MB/15MB, paused 25us total 34.893ms
03-31 07:44:24.924  1208  1208 I Binder:1208_3: type=1400 audit(0.0:664): avc: denied { dac_read_search } for capability=2 scontext=u:r:installd:s0 tcontext=u:r:installd:s0 tclass=capability permissive=1
03-31 07:44:25.127  1200  1324 D gralloc : Registering a buffer in the process that created it. This may cause memory ordering problems.
03-31 07:44:25.128  3408  3445 D vndksupport: Loading /vendor/lib64/hw/android.hardware.graphics.mapper@2.0-impl.so from current namespace instead of sphal namespace.
03-31 07:44:25.128  3408  3445 D vndksupport: Loading /vendor/lib64/hw/gralloc.default.so from current namespace instead of sphal namespace.
03-31 07:44:25.129  3408  3445 D vndksupport: Loading /vendor/lib64/hw/gralloc.default.so from current namespace instead of sphal namespace.
03-31 07:44:25.137  1340  1363 I ActivityManager: Displayed com.android.settings/.applications.InstalledAppDetailsTop: +1s405ms (total +3s454ms)
03-31 07:44:25.145  3408  3408 I Choreographer: Skipped 45 frames!  The application may be doing too much work on its main thread.
03-31 07:44:25.147  3408  3408 D AppInfoDashboard: Package change irrelevant, skipping
03-31 07:44:25.147  3408  3408 I chatty  : uid=1000(system) com.android.settings identical 10 lines
03-31 07:44:25.147  3408  3408 D AppInfoDashboard: Package change irrelevant, skipping
03-31 07:44:25.149  3408  3408 W AppActionButtonControl: App is not explicitly stopped
03-31 07:44:25.150  3408  3408 D AppUtils: Have 0 number of activities in preferred list
03-31 07:44:25.158  3408  3408 D AppInfoDashboard: Package change irrelevant, skipping
03-31 07:44:25.159  3408  3408 I chatty  : uid=1000(system) com.android.settings identical 42 lines
03-31 07:44:25.159  3408  3408 D AppInfoDashboard: Package change irrelevant, skipping
03-31 07:44:25.162  1200  1200 D gralloc : Registering a buffer in the process that created it. This may cause memory ordering problems.
03-31 07:44:25.375  1200  1267 D gralloc : Registering a buffer in the process that created it. This may cause memory ordering problems.
03-31 07:44:25.380  1200  1267 D gralloc : Registering a buffer in the process that created it. This may cause memory ordering problems.
03-31 07:44:25.380  3408  3408 D AppInfoDashboard: Package change irrelevant, skipping
03-31 07:44:25.388  3408  3408 I chatty  : uid=1000(system) com.android.settings identical 3 lines
03-31 07:44:25.388  3408  3408 D AppInfoDashboard: Package change irrelevant, skipping
03-31 07:44:25.391  1200  1200 D gralloc : Registering a buffer in the process that created it. This may cause memory ordering problems.
03-31 07:44:25.401  1200  1200 D gralloc : Registering a buffer in the process that created it. This may cause memory ordering problems.
03-31 07:44:25.493  3408  3408 D AppInfoDashboard: Package change irrelevant, skipping
03-31 07:44:30.551  1897  1897 W ViewRootImpl[Launcher]: Cancelling event due to no window focus: MotionEvent { action=ACTION_CANCEL, actionButton=0, id[0]=0, x[0]=1008.96875, y[0]=439.96875, toolType[0]=TOOL_TYPE_MOUSE, buttonState=0, metaState=META_NUM_LOCK_ON, flags=0x0, edgeFlags=0x0, pointerCount=1, historySize=0, eventTime=247527, downTime=238528, deviceId=3, source=0x2002 }
03-31 07:44:30.551  1897  1897 I chatty  : uid=10040(com.android.launcher3) identical 2 lines
03-31 07:44:30.551  1897  1897 W ViewRootImpl[Launcher]: Cancelling event due to no window focus: MotionEvent { action=ACTION_CANCEL, actionButton=0, id[0]=0, x[0]=1008.96875, y[0]=439.96875, toolType[0]=TOOL_TYPE_MOUSE, buttonState=0, metaState=META_NUM_LOCK_ON, flags=0x0, edgeFlags=0x0, pointerCount=1, historySize=0, eventTime=247527, downTime=238528, deviceId=3, source=0x2002 }
03-31 07:44:30.630  1215  1225 E storaged: getDiskStats failed with result NOT_SUPPORTED and size 0
03-31 07:44:25.494  3408  3408 I chatty  : uid=1000(system) com.android.settings identical 35 lines
03-31 07:44:25.494  3408  3408 D AppInfoDashboard: Package change irrelevant, skipping
03-31 07:44:33.947  1187  3377 I audio_hw_primary: choose pcmC0D0p for 0
03-31 07:44:33.965  1200  1324 D gralloc : Registering a buffer in the process that created it. This may cause memory ordering problems.
03-31 07:44:33.972  1200  1200 D gralloc : Registering a buffer in the process that created it. This may cause memory ordering problems.
03-31 07:44:34.052  1340  1361 D AutofillManagerService: Close system dialogs
03-31 07:44:34.054  1478  1478 V StatusBar: mStatusBarWindow: com.android.systemui.statusbar.phone.StatusBarWindowView{252c310 V.ED..... ........ 0,0-1024,24} canPanelBeCollapsed(): false
03-31 07:44:34.055  1478  1478 I vol.Events: writeEvent dismiss_dialog volume_controller
03-31 07:44:34.055  1340  2439 I ActivityManager: START u0 {act=android.intent.action.MAIN cat=[android.intent.category.HOME] flg=0x10000000 cmp=com.android.launcher3/.Launcher (has extras)} from uid 10040
03-31 07:44:34.076  1181  1258 E TrafficController: Failed to delete the counterSet: Bad file descriptor
03-31 07:44:34.082  1200  1783 D gralloc : Registering a buffer in the process that created it. This may cause memory ordering problems.
03-31 07:44:34.082  1200  1783 I chatty  : uid=0(root) Binder:1200_4 identical 1 line
03-31 07:44:34.082  1200  1783 D gralloc : Registering a buffer in the process that created it. This may cause memory ordering problems.
03-31 07:44:34.083  1340  3382 I ConfigStore: android::hardware::configstore::V1_0::ISurfaceFlingerConfigs::hasWideColorDisplay retrieved: 0
03-31 07:44:34.083  1340  3382 I ConfigStore: android::hardware::configstore::V1_0::ISurfaceFlingerConfigs::hasHDRDisplay retrieved: 0
03-31 07:44:34.083  1340  3382 I OpenGLRenderer: Initialized EGL, version 1.4
03-31 07:44:34.083  1340  3382 D OpenGLRenderer: Swap behavior 1
03-31 07:44:34.089  1340  3382 D gralloc : Registering a buffer in the process that created it. This may cause memory ordering problems.
03-31 07:44:34.177  1340  3382 D gralloc : Registering a buffer in the process that created it. This may cause memory ordering problems.
03-31 07:44:34.221  1200  1783 D gralloc : Registering a buffer in the process that created it. This may cause memory ordering problems.
03-31 07:44:34.234  1200  1200 D gralloc : Registering a buffer in the process that created it. This may cause memory ordering problems.
03-31 07:44:34.247  1200  1268 D gralloc : Registering a buffer in the process that created it. This may cause memory ordering problems.
03-31 07:44:34.249  1200  1783 D gralloc : Registering a buffer in the process that created it. This may cause memory ordering problems.
03-31 07:44:34.288  1200  1200 D gralloc : Registering a buffer in the process that created it. This may cause memory ordering problems.
03-31 07:44:34.310  1200  1267 D gralloc : Registering a buffer in the process that created it. This may cause memory ordering problems.
03-31 07:44:34.321  1200  1200 D gralloc : Registering a buffer in the process that created it. This may cause memory ordering problems.
03-31 07:44:34.347  1200  1200 D gralloc : Registering a buffer in the process that created it. This may cause memory ordering problems.
03-31 07:44:34.531  1200  1267 W SurfaceFlinger: Attempting to set client state on removed layer: com.android.settings/com.android.settings.applications.InstalledAppDetailsTop#0
03-31 07:44:34.531  1200  1267 W SurfaceFlinger: Attempting to destroy on removed layer: com.android.settings/com.android.settings.applications.InstalledAppDetailsTop#0
03-31 07:44:34.531  1200  1783 W SurfaceFlinger: Attempting to set client state on removed layer: com.android.settings/com.android.settings.applications.InstalledAppDetailsTop#0
03-31 07:44:34.531  1200  1783 W SurfaceFlinger: Attempting to destroy on removed layer: com.android.settings/com.android.settings.applications.InstalledAppDetailsTop#0
03-31 07:44:34.602  1563  1563 E PhoneInterfaceManager: [PhoneIntfMgr] getCarrierPackageNamesForIntent: No UICC
03-31 07:44:34.603  1563  1563 D CarrierSvcBindHelper: No carrier app for: 0
03-31 07:44:34.666  1933  3456 I Fitness : OnPackageChangedOperation got intent: Intent { act=android.intent.action.PACKAGE_CHANGED dat=package:com.android.settings flg=0x45000010 pkg=com.google.android.gms cmp=com.google.android.gms/.chimera.PersistentIntentOperationService (has extras) } [CONTEXT service_id=17 ]
03-31 07:44:34.701  1933  3456 I Fitness : FitCleanupIntentOperation received Intent android.intent.action.PACKAGE_CHANGED [CONTEXT service_id=17 ]
03-31 07:44:34.729  1340  1415 I InputReader: Reconfiguring input devices.  changes=0x00000010
03-31 07:44:34.741  1340  1340 W Looper  : Slow dispatch took 148ms main h=android.app.ActivityThread$H c=android.app.-$$Lambda$LoadedApk$ReceiverDispatcher$Args$_BumDX2UKsnxLVrE6UJsJZkotuA@cb0ca10 m=0
03-31 07:44:34.853  1340  1340 W Looper  : Slow delivery took 238ms main h=com.android.server.media.MediaRouterService$UserHandler c=android.app.-$$Lambda$LoadedApk$ReceiverDispatcher$Args$_BumDX2UKsnxLVrE6UJsJZkotuA@2c5bb1 m=0
03-31 07:44:34.885  1340  1354 E system_server: No package ID 7f found for ID 0x7f080195.
03-31 07:44:34.885  1340  1354 E system_server: No package ID 7f found for ID 0x7f120fce.
03-31 07:44:34.885  1340  1354 E system_server: No package ID 7f found for ID 0x7f080194.
03-31 07:44:34.885  1340  1354 E system_server: No package ID 7f found for ID 0x7f12048c.
03-31 07:44:34.885  1340  1354 E system_server: No package ID 7f found for ID 0x7f080193.
03-31 07:44:34.885  1340  1354 E system_server: No package ID 7f found for ID 0x7f1209d8.
03-31 07:44:34.987  1340  1340 W Looper  : Drained
03-31 07:44:35.007  1933  2133 W ChimeraUtils: Module com.google.android.gms.nearby_en has empty metadata display_name_string_id
03-31 07:44:35.135  1996  2204 I Icing   : IndexChimeraService.getServiceInterface callingPackage=com.google.android.gms componentName=AppsCorpus serviceId=36
03-31 07:44:35.136  1996  1996 D BoundBrokerSvc: onBind: Intent { act=com.google.android.gms.feedback.internal.IFeedbackService dat=chimera-action: cmp=com.google.android.gms/.chimera.GmsBoundBrokerService }
03-31 07:44:35.136  1996  1996 D BoundBrokerSvc: Loading bound service for intent: Intent { act=com.google.android.gms.feedback.internal.IFeedbackService dat=chimera-action: cmp=com.google.android.gms/.chimera.GmsBoundBrokerService }
03-31 07:44:35.369  1996  2119 W Icing   : No valid account for uploading user actions
03-31 07:44:35.397  1933  1933 D BoundBrokerSvc: onBind: Intent { act=com.google.android.gms.icing.LIGHTWEIGHT_INDEX_SERVICE dat=chimera-action: cmp=com.google.android.gms/.chimera.PersistentApiService }
03-31 07:44:35.397  1933  1933 D BoundBrokerSvc: Loading bound service for intent: Intent { act=com.google.android.gms.icing.LIGHTWEIGHT_INDEX_SERVICE dat=chimera-action: cmp=com.google.android.gms/.chimera.PersistentApiService }
03-31 07:44:35.407  1933  2133 W ChimeraUtils: Module com.google.android.gms.nearby_en has empty metadata display_name_string_id
03-31 07:44:35.413  1933  2133 W ChimeraUtils: Module com.google.android.gms.nearby_en has empty metadata display_name_string_id
03-31 07:44:35.425  3151  3151 I Finsky:quick_launch: [2] ppn.onTrimMemory(1): Memory trim requested to level 60
03-31 07:44:35.445  1996  2204 I Icing   : IndexChimeraService.getServiceInterface callingPackage=com.google.android.gms componentName=null serviceId=30
03-31 07:44:35.478  1996  2119 I Icing   : Usage reports ok 2, Failed Usage reports 0, indexed 0, rejected 0
03-31 07:44:35.479  1996  2119 W Icing   : No valid account for uploading user actions
03-31 07:44:35.503  1996  2119 I Icing   : Usage reports ok 0, Failed Usage reports 0, indexed 0, rejected 0
03-31 07:44:35.504  1996  2119 I Icing   : Indexing com.google.android.gms-apps from com.google.android.gms
03-31 07:44:35.508  1996  2119 I Icing   : Indexing com.google.android.gms-internal.3p:MobileApplication from com.google.android.gms
03-31 07:44:35.511  1996  2119 I Icing   : Indexing done com.google.android.gms-apps
03-31 07:44:35.512  1996  2119 I Icing   : Indexing done com.google.android.gms-internal.3p:MobileApplication
03-31 07:44:50.455  1996  1996 D BoundBrokerSvc: onUnbind: Intent { act=com.google.android.gms.feedback.internal.IFeedbackService dat=chimera-action: cmp=com.google.android.gms/.chimera.GmsBoundBrokerService }
03-31 07:44:50.487  1933  1933 D BoundBrokerSvc: onUnbind: Intent { act=com.google.android.gms.icing.LIGHTWEIGHT_INDEX_SERVICE dat=chimera-action: cmp=com.google.android.gms/.chimera.PersistentApiService }
03-31 07:45:30.630  1215  1225 E storaged: getDiskStats failed with result NOT_SUPPORTED and size 0
03-31 07:45:41.226  1933  1933 I Thread-35: type=1400 audit(0.0:665): avc: denied { call } for scontext=u:r:priv_app:s0:c512,c768 tcontext=u:r:hal_memtrack_default:s0 tclass=binder permissive=1
03-31 07:45:41.226  1996  1996 I Thread-41: type=1400 audit(0.0:666): avc: denied { call } for scontext=u:r:priv_app:s0:c512,c768 tcontext=u:r:hal_memtrack_default:s0 tclass=binder permissive=1
03-31 07:45:47.097  2585  2648 I PlayCommon: [162] agpk.j(22): Preparing logs for uploading
03-31 07:45:47.098  2585  2648 W PlayCommon: [162] agpk.l(1): No account for auth token provided
03-31 07:45:47.098  2585  2648 I PlayCommon: [162] agpk.j(177): Connecting to server: https://play.googleapis.com/play/log?format=raw&proto_v2=true
03-31 07:45:47.185  1181  1258 E TrafficController: Failed to tag the socket: Bad file descriptor, fd: -1
03-31 07:45:47.475  2585  2648 I PlayCommon: [162] agpk.j(211): Successfully uploaded logs.
03-31 07:45:58.576  3151  3200 I PlayCommon: [189] agpk.j(22): Preparing logs for uploading
03-31 07:45:58.577  3151  3200 W PlayCommon: [189] agpk.l(1): No account for auth token provided
03-31 07:45:58.577  3151  3200 I PlayCommon: [189] agpk.j(177): Connecting to server: https://play.googleapis.com/play/log?format=raw&proto_v2=true
03-31 07:45:58.579  1181  1258 E TrafficController: Failed to tag the socket: Bad file descriptor, fd: -1
03-31 07:45:58.870  3151  3200 I PlayCommon: [189] agpk.j(211): Successfully uploaded logs.
03-31 07:46:23.027  1822  1822 I BgTaskExecutorImpl: (REDACTED) Starting %s background task %s.
03-31 07:46:23.031  1822  2075 I A       : Flag is_largescreen_foldable_phone is false
03-31 07:46:23.031  1822  2075 I A       : (REDACTED) Flag is_whitelisted_as_tablet is %b
03-31 07:46:23.031  1822  2075 I A       : (REDACTED) R.bool.is_tablet is %b
03-31 07:46:23.032  1822  3483 I NetworkRecognitionRnr: Using pair HTTP connection
03-31 07:46:23.033  1822  2778 I A       : [Upload] Connected
03-31 07:46:23.033  1822  2075 I A       : Flag is_largescreen_foldable_phone is false
03-31 07:46:23.034  1822  2075 I A       : (REDACTED) Flag is_whitelisted_as_tablet is %b
03-31 07:46:23.035  1822  2075 I A       : (REDACTED) R.bool.is_tablet is %b
03-31 07:46:23.036  1822  2075 I A       : Flag is_largescreen_foldable_phone is false
03-31 07:46:23.036  1822  2075 I A       : (REDACTED) Flag is_whitelisted_as_tablet is %b
03-31 07:46:23.036  1822  2075 I A       : (REDACTED) R.bool.is_tablet is %b
03-31 07:46:23.043  1822  2059 W CronetNetworkRqstWrppr: Upload request without a content type.
03-31 07:46:23.044  1822  1822 E A       : onError
03-31 07:46:23.044  1822  1822 E A       : com.google.android.apps.gsa.shared.speech.a.m: errorCode: 65561, engine: 2
03-31 07:46:23.044  1822  1822 E A       : 	at com.google.android.apps.gsa.staticplugins.cy.a.f.a(PG:3)
03-31 07:46:23.044  1822  1822 E A       : 	at com.google.android.apps.gsa.s3.o.gO(PG:1)
03-31 07:46:23.044  1822  1822 E A       : 	at com.google.cd.g.a.f.e(PG:2)
03-31 07:46:23.044  1822  1822 E A       : 	at com.google.android.apps.gsa.speech.k.a.g.d(PG:22)
03-31 07:46:23.044  1822  1822 E A       : 	at com.google.android.apps.gsa.speech.k.a.g.jy(PG:6)
03-31 07:46:23.044  1822  1822 E A       : 	at com.google.android.apps.gsa.s3.p.c(PG:14)
03-31 07:46:23.044  1822  1822 E A       : 	at com.google.android.apps.gsa.s3.q.run(PG:1)
03-31 07:46:23.044  1822  1822 E A       : 	at java.util.concurrent.Executors$RunnableAdapter.call(Executors.java:458)
03-31 07:46:23.044  1822  1822 E A       : 	at java.util.concurrent.FutureTask.run(FutureTask.java:266)
03-31 07:46:23.044  1822  1822 E A       : 	at com.google.android.apps.gsa.shared.util.c.a.e.run(PG:2)
03-31 07:46:23.044  1822  1822 E A       : 	at com.google.android.apps.gsa.shared.util.c.a.bh.run(PG:1)
03-31 07:46:23.044  1822  1822 E A       : 	at com.google.android.apps.gsa.shared.util.c.a.bh.run(PG:1)
03-31 07:46:23.044  1822  1822 E A       : 	at java.util.concurrent.ThreadPoolExecutor.runWorker(ThreadPoolExecutor.java:1167)
03-31 07:46:23.044  1822  1822 E A       : 	at java.util.concurrent.ThreadPoolExecutor$Worker.run(ThreadPoolExecutor.java:641)
03-31 07:46:23.044  1822  1822 E A       : 	at java.lang.Thread.run(Thread.java:764)
03-31 07:46:23.044  1822  1822 E A       : 	at com.google.android.apps.gsa.shared.util.c.a.l.run(PG:5)
03-31 07:46:23.044  1822  1822 E A       : Caused by: com.google.android.apps.gsa.shared.speech.a.o: errorCode: 65586, engine: 2
03-31 07:46:23.044  1822  1822 E A       : 	... 15 more
03-31 07:46:23.044  1822  1822 E A       : Caused by: com.google.android.apps.gsa.shared.speech.a.k: errorCode: 401, engine: 2
03-31 07:46:23.044  1822  1822 E A       : 	at com.google.android.apps.gsa.assistant.shared.n.h.a(PG:5)
03-31 07:46:23.044  1822  1822 E A       : 	at com.google.android.apps.gsa.s3.producers.j.hj(PG:2)
03-31 07:46:23.044  1822  1822 E A       : 	at com.google.android.apps.gsa.speech.k.a.g.d(PG:16)
03-31 07:46:23.044  1822  1822 E A       : 	... 12 more
03-31 07:46:23.044  1822  2778 I NetworkRecognitionRnr: Using pair HTTP connection
03-31 07:46:23.045  1822  2780 I A       : [Upload] Connected
03-31 07:46:23.046  1822  2075 I A       : Flag is_largescreen_foldable_phone is false
03-31 07:46:23.046  1822  2075 I A       : (REDACTED) Flag is_whitelisted_as_tablet is %b
03-31 07:46:23.046  1822  2075 I A       : (REDACTED) R.bool.is_tablet is %b
03-31 07:46:23.047  1822  2075 I A       : Flag is_largescreen_foldable_phone is false
03-31 07:46:23.047  1822  2075 I A       : (REDACTED) Flag is_whitelisted_as_tablet is %b
03-31 07:46:23.047  1822  2075 I A       : (REDACTED) R.bool.is_tablet is %b
03-31 07:46:23.048  1822  1822 W A       : Failed to sync device settings.
03-31 07:46:23.048  1822  1822 I A       : Retrying to sync device settings.
03-31 07:46:23.048  1933  1933 D BoundBrokerSvc: onBind: Intent { act=com.google.android.gms.phenotype.service.START dat=chimera-action: cmp=com.google.android.gms/.chimera.PersistentApiService }
03-31 07:46:23.048  1933  1933 D BoundBrokerSvc: Loading bound service for intent: Intent { act=com.google.android.gms.phenotype.service.START dat=chimera-action: cmp=com.google.android.gms/.chimera.PersistentApiService }
03-31 07:46:23.102  1340  1340 V SettingsProvider: Notifying for 0: content://settings/global/Phenotype_boot_count
03-31 07:46:23.106  1933  3481 I bklq    : updateFromConfigurations using legacy put method [CONTEXT service_id=204 ]
03-31 07:46:23.122  1933  3481 I bklq    : updateFromConfigurations using legacy put method [CONTEXT service_id=204 ]
03-31 07:46:25.088  1181  1251 E TrafficController: Failed to add iface wlan0(5): Bad file descriptor
03-31 07:46:25.088  1340  2439 D WificondControl: Scan result ready event
03-31 07:46:25.088  1340  1361 I EthernetTracker: interfaceLinkStateChanged, iface: wlan0, up: true
03-31 07:46:25.122  1340  2439 D ConnectivityService: requestNetwork for uid/pid:10028/1822 NetworkRequest [ REQUEST id=22, [ Transports: CELLULAR Capabilities: INTERNET&NOT_RESTRICTED&TRUSTED&NOT_VPN Unwanted:  Uid: 10028] ]
03-31 07:46:25.123  1340  1430 D WIFI    : got request NetworkRequest [ REQUEST id=22, [ Transports: CELLULAR Capabilities: INTERNET&NOT_RESTRICTED&TRUSTED&NOT_VPN Unwanted:  Uid: 10028] ] with score 0
03-31 07:46:25.123  1340  1430 D WIFI_UT : got request NetworkRequest [ REQUEST id=22, [ Transports: CELLULAR Capabilities: INTERNET&NOT_RESTRICTED&TRUSTED&NOT_VPN Unwanted:  Uid: 10028] ] with score 0
03-31 07:46:25.123  1340  1456 D Ethernet: got request NetworkRequest [ REQUEST id=22, [ Transports: CELLULAR Capabilities: INTERNET&NOT_RESTRICTED&TRUSTED&NOT_VPN Unwanted:  Uid: 10028] ] with score 0
03-31 07:46:25.123  1563  1563 D PhoneSwitcherNetworkRequstListener: got request NetworkRequest [ REQUEST id=22, [ Transports: CELLULAR Capabilities: INTERNET&NOT_RESTRICTED&TRUSTED&NOT_VPN Unwanted:  Uid: 10028] ] with score 0
03-31 07:46:25.123  1340  1433 D ConnectivityService: reportNetworkConnectivity(100, false) by 10028
03-31 07:46:25.123  1340  2026 D NetworkMonitor/NetworkAgentInfo [WIFI () - 100]: Forcing reevaluation for UID 10028
03-31 07:46:25.188  1340  3489 D NetworkMonitor/NetworkAgentInfo [WIFI () - 100]: PROBE_DNS connectivitycheck.gstatic.com 64ms OK 142.250.183.67
03-31 07:46:25.191  1340  3488 D NetworkMonitor/NetworkAgentInfo [WIFI () - 100]: PROBE_DNS www.google.com 68ms OK 172.217.166.68
03-31 07:46:25.226  1340  3488 D NetworkMonitor/NetworkAgentInfo [WIFI () - 100]: PROBE_HTTPS https://www.google.com/generate_204 time=34ms ret=204 request={User-Agent=[Mozilla/5.0 (X11; Linux x86_64) AppleWebKit/537.36 (KHTML, like Gecko) Chrome/60.0.3112.32 Safari/537.36]} headers={null=[HTTP/1.1 204 No Content], Alt-Svc=[h3=":443"; ma=2592000,h3-29=":443"; ma=2592000], Content-Length=[0], Cross-Origin-Resource-Policy=[cross-origin], Date=[Fri, 31 Mar 2023 11:46:25 GMT], X-Android-Received-Millis=[1680263185226], X-Android-Response-Source=[NETWORK 204], X-Android-Selected-Protocol=[http/1.1], X-Android-Sent-Millis=[1680263185192]}
03-31 07:46:25.227  1340  1355 W BroadcastQueue: Background execution not allowed: receiving Intent { act=android.net.conn.NETWORK_CONDITIONS_MEASURED flg=0x10 (has extras) } to com.google.android.gms/.chimera.GmsIntentOperationService$PersistentTrustedReceiver
03-31 07:46:25.227  1340  1433 D ConnectivityService: NetworkAgentInfo [WIFI () - 100] validation passed
03-31 07:46:25.228  1340  3489 D NetworkMonitor/NetworkAgentInfo [WIFI () - 100]: PROBE_HTTP http://connectivitycheck.gstatic.com/generate_204 time=40ms ret=204 request={User-Agent=[Mozilla/5.0 (X11; Linux x86_64) AppleWebKit/537.36 (KHTML, like Gecko) Chrome/60.0.3112.32 Safari/537.36]} headers={null=[HTTP/1.1 204 No Content], Content-Length=[0], Cross-Origin-Resource-Policy=[cross-origin], Date=[Fri, 31 Mar 2023 11:46:25 GMT], X-Android-Received-Millis=[1680263185228], X-Android-Response-Source=[NETWORK 204], X-Android-Selected-Protocol=[http/1.1], X-Android-Sent-Millis=[1680263185188]}
03-31 07:46:26.955  1822  2754 W A       : (REDACTED) [%s] response code: %d
03-31 07:46:30.631  1215  1225 E storaged: getDiskStats failed with result NOT_SUPPORTED and size 0
03-31 07:46:38.123  1933  1933 D BoundBrokerSvc: onUnbind: Intent { act=com.google.android.gms.phenotype.service.START dat=chimera-action: cmp=com.google.android.gms/.chimera.PersistentApiService }
03-31 07:47:05.163  1340  1433 D ConnectivityService: releasing NetworkRequest [ REQUEST id=22, [ Transports: CELLULAR Capabilities: INTERNET&NOT_RESTRICTED&TRUSTED&NOT_VPN Unwanted:  Uid: 10028] ] (release request)
03-31 07:47:30.631  1215  1225 E storaged: getDiskStats failed with result NOT_SUPPORTED and size 0
03-31 07:47:42.855  1181  2253 W DnsTlsSocket: SSL_connect error 5, errno=111
03-31 07:47:42.855  1181  2253 E DnsTlsSocket: Failed to increment eventfd by -9223372036854775808
03-31 07:47:42.855  1340  1433 E ConnectivityService: Can't set TCP buffer sizes:java.io.FileNotFoundException: /sys/kernel/ipv4/tcp_rmem_min (No such file or directory)
03-31 07:48:00.521  1200  1200 D gralloc : Registering a buffer in the process that created it. This may cause memory ordering problems.
03-31 07:48:00.674  1340  3111 I ActivityManager: Killing 3408:com.android.settings/1000 (adj 900): remove task
03-31 07:48:00.674  1340  1358 W libprocessgroup: kill(-3408, 9) failed: No such process
03-31 07:48:00.718  1340  1414 W InputDispatcher: channel 'ceeb5d6 com.android.settings/com.android.settings.applications.InstalledAppDetailsTop (server)' ~ Consumer closed input channel or an error occurred.  events=0x9
03-31 07:48:00.718  1340  1414 E InputDispatcher: channel 'ceeb5d6 com.android.settings/com.android.settings.applications.InstalledAppDetailsTop (server)' ~ Channel is unrecoverably broken and will be disposed!
03-31 07:48:00.719  1182  1182 I Zygote  : Process 3408 exited due to signal (9)
03-31 07:48:00.720  1340  1358 W libprocessgroup: kill(-3408, 9) failed: No such process
03-31 07:48:00.720  1340  1358 I libprocessgroup: Successfully killed process cgroup uid 1000 pid 3408 in 45ms
03-31 07:48:00.720  1340  3111 I WindowManager: WIN DEATH: Window{ceeb5d6 u0 com.android.settings/com.android.settings.applications.InstalledAppDetailsTop}
03-31 07:48:00.720  1340  3111 W InputDispatcher: Attempted to unregister already unregistered input channel 'ceeb5d6 com.android.settings/com.android.settings.applications.InstalledAppDetailsTop (server)'
03-31 07:48:00.723  1200  1790 W SurfaceFlinger: Attempting to destroy on removed layer: AppWindowToken{9bf25ab token=Token{f087bfa ActivityRecord{8490e25 u0 com.android.settings/.applications.InstalledAppDetailsTop t25}}}#0
03-31 07:48:00.724  1340  1363 W ActivityManager: setHasOverlayUi called on unknown pid: 3408
03-31 07:48:02.164  1200  1783 D gralloc : Registering a buffer in the process that created it. This may cause memory ordering problems.
03-31 07:48:02.168  1200  1200 E SurfaceFlinger: [Sprite#0] rejecting buffer: bufWidth=25, bufHeight=25, front.active.{w=22, h=28}
03-31 07:48:02.168  1200  1790 D gralloc : Registering a buffer in the process that created it. This may cause memory ordering problems.
03-31 07:48:02.190  1200  1200 D gralloc : Registering a buffer in the process that created it. This may cause memory ordering problems.
03-31 07:48:03.235  1340  3394 I ActivityManager: START u0 {act=android.intent.action.MAIN cat=[android.intent.category.LAUNCHER] flg=0x10200000 cmp=org.test.jeapp2.jeapp2/org.kivy.android.PythonActivity bnds=[844,200][1010,314]} from uid 10040
03-31 07:48:03.237  1187  3377 I audio_hw_primary: choose pcmC0D0p for 0
03-31 07:48:03.273  1340  1357 I ActivityManager: Start proc 3497:org.test.jeapp2.jeapp2/u0a76 for activity org.test.jeapp2.jeapp2/org.kivy.android.PythonActivity
03-31 07:48:03.272  3497  3497 I main    : type=1400 audit(0.0:667): avc: denied { mounton } for path="/storage" dev="tmpfs" ino=7377 scontext=u:r:zygote:s0 tcontext=u:object_r:tmpfs:s0 tclass=dir permissive=1
03-31 07:48:03.273  3497  3497 I main    : type=1400 audit(0.0:668): avc: denied { dac_read_search } for capability=2 scontext=u:r:zygote:s0 tcontext=u:r:zygote:s0 tclass=capability permissive=1
03-31 07:48:03.275  3497  3497 W nativebridge: Failed to bind-mount /system/lib/arm/cpuinfo as /proc/cpuinfo: No such file or directory
03-31 07:48:03.277  3497  3497 I Zygote  : seccomp disabled by setenforce 0
03-31 07:48:03.278  3497  3497 I t.jeapp2.jeapp: Late-enabling -Xcheck:jni
03-31 07:48:03.286  1200  1268 D gralloc : Registering a buffer in the process that created it. This may cause memory ordering problems.
03-31 07:48:03.276  3497  3497 I main    : type=1400 audit(0.0:669): avc: denied { read } for name="vendor" dev="tmpfs" ino=7382 scontext=u:r:zygote:s0 tcontext=u:object_r:tmpfs:s0 tclass=lnk_file permissive=1
03-31 07:48:03.328  1200  1268 D gralloc : Registering a buffer in the process that created it. This may cause memory ordering problems.
03-31 07:48:03.336  1200  1200 D gralloc : Registering a buffer in the process that created it. This may cause memory ordering problems.
03-31 07:48:03.347  1340  1392 I ActivityManager: Config changes=20000d80 {1.0 ?mcc?mnc [en_US] ldltr sw590dp w590dp h696dp 160dpi lrg port -touch qwerty/v/v -nav/h winConfig={ mBounds=Rect(0, 0 - 0, 0) mAppBounds=Rect(0, 0 - 590, 720) mWindowingMode=fullscreen mActivityType=undefined} s.10}
03-31 07:48:03.367  1340  1392 I ActivityManager: Override config changes=20000d80 {1.0 ?mcc?mnc [en_US] ldltr sw590dp w590dp h696dp 160dpi lrg port -touch qwerty/v/v -nav/h winConfig={ mBounds=Rect(0, 0 - 1024, 720) mAppBounds=Rect(0, 0 - 590, 720) mWindowingMode=fullscreen mActivityType=undefined} s.10} for displayId=0
03-31 07:48:03.377  1200  1200 D DisplayDevice: Open /dev/tty0 OK
03-31 07:48:03.389  3497  3497 W libnb   : Native bridge is disabled
03-31 07:48:03.390  3497  3497 W t.jeapp2.jeapp: Unexpected CPU variant for X86 using defaults: x86_64
03-31 07:48:03.376  1200  1200 I surfaceflinger: type=1400 audit(0.0:670): avc: denied { ioctl } for path="/dev/tty0" dev="tmpfs" ino=5293 ioctlcmd=0x4b3a scontext=u:r:surfaceflinger:s0 tcontext=u:object_r:gpu_device:s0 tclass=chr_file permissive=1
03-31 07:48:03.432  1187  3377 W audio_hw_primary: out_write underrun: -32
03-31 07:48:03.432  1187  3377 W StreamHAL: Error from HAL stream in function write: Broken pipe
03-31 07:48:03.432  1198  1307 E AudioStreamOutSink: Error while writing data to HAL: -61
03-31 07:48:03.444  1159  1159 I v86d    : type=1400 audit(0.0:671): avc: denied { sys_admin } for capability=21 scontext=u:r:kernel:s0 tcontext=u:r:kernel:s0 tclass=capability permissive=1
03-31 07:48:03.446  1200  1200 I surfaceflinger: type=1400 audit(0.0:672): avc: denied { ioctl } for path="/dev/tty0" dev="tmpfs" ino=5293 ioctlcmd=0x5603 scontext=u:r:surfaceflinger:s0 tcontext=u:object_r:gpu_device:s0 tclass=chr_file permissive=1
03-31 07:48:03.446  1200  1200 I surfaceflinger: type=1400 audit(0.0:673): avc: denied { ioctl } for path="/dev/tty0" dev="tmpfs" ino=5293 ioctlcmd=0x5606 scontext=u:r:surfaceflinger:s0 tcontext=u:object_r:gpu_device:s0 tclass=chr_file permissive=1
03-31 07:48:03.460  1340  1415 I InputReader: Reconfiguring input devices.  changes=0x00000004
03-31 07:48:03.462  1200  1200 D gralloc : Registering a buffer in the process that created it. This may cause memory ordering problems.
