03-31 07:42:57.947  1933  3128 W GLSUser : 	at java.util.concurrent.ThreadPoolExecutor.runWorker(ThreadPoolExecutor.java:1167)
03-31 07:42:57.947  1933  3128 W GLSUser : 	at java.util.concurrent.ThreadPoolExecutor$Worker.run(ThreadPoolExecutor.java:641)
03-31 07:42:57.947  1933  3128 W GLSUser : 	at acrx.run(:com.google.android.gms@231115032@23.11.15 (100800-520109968):0)
03-31 07:42:57.947  1933  3128 W GLSUser : 	at java.lang.Thread.run(Thread.java:764)
03-31 07:42:57.951  1933  2981 I NetworkScheduler.Stats: Task com.google.android.gms/com.google.android.gms.auth.account.be.legacy.AuthCronService finished executing. cause:5 result: 3 elapsed_millis: 1208 uptime_millis: 1208 exec_start_elapsed_seconds: 153 [CONTEXT service_id=218 ]
03-31 07:42:58.761  1340  2439 D ConnectivityService: requestNetwork for uid/pid:10028/1822 NetworkRequest [ REQUEST id=21, [ Transports: CELLULAR Capabilities: INTERNET&NOT_RESTRICTED&TRUSTED&NOT_VPN Unwanted:  Uid: 10028] ]
03-31 07:42:58.761  1340  1456 D Ethernet: got request NetworkRequest [ REQUEST id=21, [ Transports: CELLULAR Capabilities: INTERNET&NOT_RESTRICTED&TRUSTED&NOT_VPN Unwanted:  Uid: 10028] ] with score 0
03-31 07:42:58.761  1340  1430 D WIFI    : got request NetworkRequest [ REQUEST id=21, [ Transports: CELLULAR Capabilities: INTERNET&NOT_RESTRICTED&TRUSTED&NOT_VPN Unwanted:  Uid: 10028] ] with score 0
03-31 07:42:58.761  1340  1430 D WIFI_UT : got request NetworkRequest [ REQUEST id=21, [ Transports: CELLULAR Capabilities: INTERNET&NOT_RESTRICTED&TRUSTED&NOT_VPN Unwanted:  Uid: 10028] ] with score 0
03-31 07:42:58.761  1563  1563 D PhoneSwitcherNetworkRequstListener: got request NetworkRequest [ REQUEST id=21, [ Transports: CELLULAR Capabilities: INTERNET&NOT_RESTRICTED&TRUSTED&NOT_VPN Unwanted:  Uid: 10028] ] with score 0
03-31 07:42:58.761  1340  1433 D ConnectivityService: reportNetworkConnectivity(100, false) by 10028
03-31 07:42:58.761  1340  2026 D NetworkMonitor/NetworkAgentInfo [WIFI () - 100]: Forcing reevaluation for UID 10028
03-31 07:42:58.762  1340  3357 D NetworkMonitor/NetworkAgentInfo [WIFI () - 100]: PROBE_DNS www.google.com 1ms OK 142.250.192.36
03-31 07:42:58.798  1340  3358 D NetworkMonitor/NetworkAgentInfo [WIFI () - 100]: PROBE_DNS connectivitycheck.gstatic.com 36ms OK 142.250.199.163
03-31 07:42:58.798  1340  3357 D NetworkMonitor/NetworkAgentInfo [WIFI () - 100]: PROBE_HTTPS https://www.google.com/generate_204 time=36ms ret=204 request={User-Agent=[Mozilla/5.0 (X11; Linux x86_64) AppleWebKit/537.36 (KHTML, like Gecko) Chrome/60.0.3112.32 Safari/537.36]} headers={null=[HTTP/1.1 204 No Content], Alt-Svc=[h3=":443"; ma=2592000,h3-29=":443"; ma=2592000], Content-Length=[0], Cross-Origin-Resource-Policy=[cross-origin], Date=[Fri, 31 Mar 2023 11:42:59 GMT], X-Android-Received-Millis=[1680262978798], X-Android-Response-Source=[NETWORK 204], X-Android-Selected-Protocol=[http/1.1], X-Android-Sent-Millis=[1680262978762]}
03-31 07:42:58.799  1340  1433 D ConnectivityService: NetworkAgentInfo [WIFI () - 100] validation passed
03-31 07:42:58.799  1340  1355 W BroadcastQueue: Background execution not allowed: receiving Intent { act=android.net.conn.NETWORK_CONDITIONS_MEASURED flg=0x10 (has extras) } to com.google.android.gms/.chimera.GmsIntentOperationService$PersistentTrustedReceiver
03-31 07:42:58.838  1340  3358 D NetworkMonitor/NetworkAgentInfo [WIFI () - 100]: PROBE_HTTP http://connectivitycheck.gstatic.com/generate_204 time=40ms ret=204 request={User-Agent=[Mozilla/5.0 (X11; Linux x86_64) AppleWebKit/537.36 (KHTML, like Gecko) Chrome/60.0.3112.32 Safari/537.36]} headers={null=[HTTP/1.1 204 No Content], Content-Length=[0], Cross-Origin-Resource-Policy=[cross-origin], Date=[Fri, 31 Mar 2023 11:42:59 GMT], X-Android-Received-Millis=[1680262978838], X-Android-Response-Source=[NETWORK 204], X-Android-Selected-Protocol=[http/1.1], X-Android-Sent-Millis=[1680262978798]}
03-31 07:43:00.589  1822  2754 W A       : (REDACTED) [%s] response code: %d
03-31 07:43:12.997  1933  1933 D BoundBrokerSvc: onUnbind: Intent { act=com.google.android.gms.scheduler.ACTION_PROXY_SCHEDULE dat=chimera-action: cmp=com.google.android.gms/.chimera.PersistentApiService }
03-31 07:43:30.627  1215  1225 E storaged: getDiskStats failed with result NOT_SUPPORTED and size 0
03-31 07:43:38.801  1340  1433 D ConnectivityService: releasing NetworkRequest [ REQUEST id=21, [ Transports: CELLULAR Capabilities: INTERNET&NOT_RESTRICTED&TRUSTED&NOT_VPN Unwanted:  Uid: 10028] ] (release request)
03-31 07:43:42.854  1181  2253 W DnsTlsSocket: SSL_connect error 5, errno=111
03-31 07:43:42.854  1181  2253 E DnsTlsSocket: Failed to increment eventfd by -9223372036854775808
03-31 07:43:42.854  1340  1433 E ConnectivityService: Can't set TCP buffer sizes:java.io.FileNotFoundException: /sys/kernel/ipv4/tcp_rmem_min (No such file or directory)
03-31 07:43:45.024  1181  1251 E TrafficController: Failed to add iface wlan0(5): Bad file descriptor
03-31 07:43:45.024  1340  2439 D WificondControl: Scan result ready event
03-31 07:43:45.025  1340  1361 I EthernetTracker: interfaceLinkStateChanged, iface: wlan0, up: true
03-31 07:43:56.917  1933  3063 I NearbyDiscovery: FastPair: isDestroyable: Scanner is alive. [CONTEXT service_id=265 ]
03-31 07:43:56.917  1933  3063 I NearbyDiscovery: DiscoveryService: Skip stopSelf(), fast pair controller is not destroyable. [CONTEXT service_id=265 ]
03-31 07:44:18.260  1200  1200 D gralloc : Registering a buffer in the process that created it. This may cause memory ordering problems.
03-31 07:44:19.710  1897  1897 I Choreographer: Skipped 49 frames!  The application may be doing too much work on its main thread.
03-31 07:44:20.046  1897  1972 I OpenGLRenderer: Davey! duration=778ms; Flags=0, IntendedVsync=236153107496, Vsync=236687388698, OldestInputEvent=236221513000, NewestInputEvent=236664512000, HandleInputStart=236693983630, AnimationStart=236697151255, PerformTraversalsStart=236697272700, DrawStart=236697338805, SyncQueued=236697674962, SyncStart=236790111375, IssueDrawCommandsStart=236791129402, SwapBuffers=237022776353, FrameCompleted=237024099686, DequeueBufferDuration=126000, QueueBufferDuration=143000, 
03-31 07:44:21.666  1340  2984 I ActivityManager: START u0 {act=android.intent.action.MAIN cat=[android.intent.category.LAUNCHER] flg=0x10200000 cmp=org.test.jeapp2.jeapp2/org.kivy.android.PythonActivity bnds=[844,200][1010,314]} from uid 10040
03-31 07:44:21.669  1340  1441 W AudioTrack: AUDIO_OUTPUT_FLAG_FAST denied by server; frameCount 0 -> 4146
03-31 07:44:21.693  1187  1310 W DeviceHAL: Error from HAL Device in function set_voice_volume: Function not implemented
03-31 07:44:21.735  1200  1324 D PermissionCache: checking android.permission.READ_FRAME_BUFFER for uid=1000 => granted (325 us)
03-31 07:44:21.735  1200  1324 D gralloc : Registering a buffer in the process that created it. This may cause memory ordering problems.
03-31 07:44:21.748  1340  1357 W ActivityManager: Slow operation: 66ms so far, now at startProcess: asking zygote to start proc
03-31 07:44:21.746  1200  1324 D gralloc : Registering a buffer in the process that created it. This may cause memory ordering problems.
03-31 07:44:21.749  1200  1200 D gralloc : Registering a buffer in the process that created it. This may cause memory ordering problems.
03-31 07:44:21.791  1200  1200 I surfaceflinger: type=1400 audit(0.0:632): avc: denied { ioctl } for path="/dev/tty0" dev="tmpfs" ino=5293 ioctlcmd=0x4b3a scontext=u:r:surfaceflinger:s0 tcontext=u:object_r:gpu_device:s0 tclass=chr_file permissive=1
03-31 07:44:21.771  1340  1392 I ActivityManager: Config changes=20000d80 {1.0 ?mcc?mnc [en_US] ldltr sw590dp w590dp h696dp 160dpi lrg port -touch qwerty/v/v -nav/h winConfig={ mBounds=Rect(0, 0 - 0, 0) mAppBounds=Rect(0, 0 - 590, 720) mWindowingMode=fullscreen mActivityType=undefined} s.8}
03-31 07:44:21.774  1340  1392 I ActivityManager: Override config changes=20000d80 {1.0 ?mcc?mnc [en_US] ldltr sw590dp w590dp h696dp 160dpi lrg port -touch qwerty/v/v -nav/h winConfig={ mBounds=Rect(0, 0 - 1024, 720) mAppBounds=Rect(0, 0 - 590, 720) mWindowingMode=fullscreen mActivityType=undefined} s.8} for displayId=0
03-31 07:44:21.792  1200  1200 D DisplayDevice: Open /dev/tty0 OK
03-31 07:44:21.845  1340  1357 W ActivityManager: Slow operation: 162ms so far, now at startProcess: returned from zygote!
03-31 07:44:21.851  3371  3371 I main    : type=1400 audit(0.0:633): avc: denied { mounton } for path="/storage" dev="tmpfs" ino=7377 scontext=u:r:zygote:s0 tcontext=u:object_r:tmpfs:s0 tclass=dir permissive=1
03-31 07:44:21.851  3371  3371 I main    : type=1400 audit(0.0:634): avc: denied { dac_read_search } for capability=2 scontext=u:r:zygote:s0 tcontext=u:r:zygote:s0 tclass=capability permissive=1
03-31 07:44:21.916  1159  1159 I v86d    : type=1400 audit(0.0:635): avc: denied { sys_admin } for capability=21 scontext=u:r:kernel:s0 tcontext=u:r:kernel:s0 tclass=capability permissive=1
03-31 07:44:21.918  1200  1200 I surfaceflinger: type=1400 audit(0.0:636): avc: denied { ioctl } for path="/dev/tty0" dev="tmpfs" ino=5293 ioctlcmd=0x5603 scontext=u:r:surfaceflinger:s0 tcontext=u:object_r:gpu_device:s0 tclass=chr_file permissive=1
03-31 07:44:21.923  1340  1357 W ActivityManager: Slow operation: 241ms so far, now at startProcess: done updating battery stats
03-31 07:44:21.923  1340  1357 W ActivityManager: Slow operation: 241ms so far, now at startProcess: building log message
03-31 07:44:21.923  1340  1357 I ActivityManager: Start proc 3371:org.test.jeapp2.jeapp2/u0a76 for activity org.test.jeapp2.jeapp2/org.kivy.android.PythonActivity
03-31 07:44:21.923  1340  1357 W ActivityManager: Slow operation: 241ms so far, now at startProcess: starting to update pids map
03-31 07:44:21.923  1340  1357 W ActivityManager: Slow operation: 241ms so far, now at startProcess: done updating pids map
03-31 07:44:21.932  3371  3371 W nativebridge: Failed to bind-mount /system/lib/arm/cpuinfo as /proc/cpuinfo: No such file or directory
03-31 07:44:21.932  3371  3371 I Zygote  : seccomp disabled by setenforce 0
03-31 07:44:21.933  3371  3371 I t.jeapp2.jeapp: Late-enabling -Xcheck:jni
03-31 07:44:21.939  1187  3377 I audio_hw_primary: choose pcmC0D0p for 0
03-31 07:44:22.036  1200  1790 D gralloc : Registering a buffer in the process that created it. This may cause memory ordering problems.
03-31 07:44:22.038  1340  1415 I InputReader: Reconfiguring input devices.  changes=0x00000004
03-31 07:44:22.051  1340  1356 W Looper  : Slow dispatch took 113ms android.ui h=com.android.server.am.ActivityManagerService$UiHandler c=null m=53
03-31 07:44:22.055  1200  1200 D gralloc : Registering a buffer in the process that created it. This may cause memory ordering problems.
03-31 07:44:22.073  1340  1415 I InputReader: Reconfiguring input devices.  changes=0x00000004
03-31 07:44:22.083  1340  1415 I InputReader: Reconfiguring input devices.  changes=0x00000004
03-31 07:44:22.087  1200  1200 D gralloc : Registering a buffer in the process that created it. This may cause memory ordering problems.
03-31 07:44:22.106  1200  1790 D gralloc : Registering a buffer in the process that created it. This may cause memory ordering problems.
03-31 07:44:22.119  1340  1415 I InputReader: Reconfiguring input devices.  changes=0x00000004
03-31 07:44:22.120  1200  1200 D gralloc : Registering a buffer in the process that created it. This may cause memory ordering problems.
03-31 07:44:22.155  1478  1478 I ImageWallpaper: Redrawing in rect: RectF(0.0, 0.0, 3107.5, 2560.0) with surface size: 1243x1024
03-31 07:44:22.186  3371  3371 W libnb   : Native bridge is disabled
03-31 07:44:22.188  3371  3371 W t.jeapp2.jeapp: Unexpected CPU variant for X86 using defaults: x86_64
03-31 07:44:22.194  1340  3382 I ConfigStore: android::hardware::configstore::V1_0::ISurfaceFlingerConfigs::hasWideColorDisplay retrieved: 0
03-31 07:44:22.194  1340  3382 I ConfigStore: android::hardware::configstore::V1_0::ISurfaceFlingerConfigs::hasHDRDisplay retrieved: 0
03-31 07:44:22.194  1340  3382 I OpenGLRenderer: Initialized EGL, version 1.4
03-31 07:44:22.194  1340  3382 D OpenGLRenderer: Swap behavior 1
03-31 07:44:22.214  1340  3382 D vndksupport: Loading /vendor/lib64/hw/android.hardware.graphics.allocator@2.0-impl.so from current namespace instead of sphal namespace.
03-31 07:44:22.216  1181  1258 E TrafficController: Failed to set the counterSet: Bad file descriptor, fd: -1
03-31 07:44:22.216  1340  3382 D vndksupport: Loading /vendor/lib64/hw/gralloc.default.so from current namespace instead of sphal namespace.
03-31 07:44:22.217  1340  3382 D gralloc : Registering a buffer in the process that created it. This may cause memory ordering problems.
03-31 07:44:22.218  1340  3382 D vndksupport: Loading /vendor/lib64/hw/gralloc.default.so from current namespace instead of sphal namespace.
03-31 07:44:22.235  1200  1790 D gralloc : Registering a buffer in the process that created it. This may cause memory ordering problems.
03-31 07:44:22.252  3371  3371 V PythonActivity: PythonActivity onCreate running
03-31 07:44:22.252  3371  3371 V PythonActivity: About to do super onCreate
03-31 07:44:22.252  3371  3371 V SDL     : Device: x86_64
03-31 07:44:22.252  3371  3371 V SDL     : Model: Standard PC (i440FX + PIIX, 1996)
03-31 07:44:22.252  3371  3371 V SDL     : onCreate()
03-31 07:44:22.252  3371  3371 V PythonActivity: Did super onCreate
03-31 07:44:22.252  3371  3371 V SDL     : getting identifier
03-31 07:44:22.252  3371  3371 V SDL     : kind is layout and name lottie
03-31 07:44:22.252  3371  3371 V SDL     : result is 0
03-31 07:44:22.252  3371  3371 E t.jeapp2.jeapp: Invalid ID 0x00000000.
03-31 07:44:22.253  3371  3371 V SDL     : couldn't find lottie layout or animation, trying static splash
03-31 07:44:22.253  3371  3371 V SDL     : getting identifier
03-31 07:44:22.253  3371  3371 V SDL     : kind is drawable and name presplash
03-31 07:44:22.253  3371  3371 V SDL     : result is 2130771969
03-31 07:44:22.302  3371  3371 V SDL     : asked to get string presplash_color
03-31 07:44:22.302  3371  3371 V SDL     : getting identifier
03-31 07:44:22.302  3371  3371 V SDL     : kind is string and name presplash_color
03-31 07:44:22.302  3371  3371 V SDL     : result is 2131034113
03-31 07:44:22.312  3371  3371 V SDL     : onStart()
03-31 07:44:22.312  3371  3371 V PythonActivity: onResume()
03-31 07:44:22.312  3371  3371 V SDL     : onResume()
03-31 07:44:22.314  1199  1199 E lowmemorykiller: /dev/memcg/memory.memsw.usage_in_bytes open: No such file or directory
03-31 07:44:22.314  1199  1199 I lowmemorykiller: Kill 'com.google.android.gm' (2522), uid 10075, oom_adj 904 to free 105896kB
03-31 07:44:22.314  1199  1199 I lowmemorykiller: Killing to reclaim 19072kB, reclaimed 105896kB at oom_adj 0
03-31 07:44:22.314  1199  1199 E lowmemorykiller: /dev/memcg/memory.memsw.usage_in_bytes open: No such file or directory
03-31 07:44:22.314  1199  1199 I lowmemorykiller: Kill 'android.process.media' (2148), uid 10006, oom_adj 904 to free 96372kB
03-31 07:44:22.314  1199  1199 I lowmemorykiller: Killing to reclaim 19576kB, reclaimed 96372kB at oom_adj 800
03-31 07:44:22.316  3371  3371 D OpenGLRenderer: Skia GL Pipeline
03-31 07:44:22.316  1199  1199 E lowmemorykiller: /dev/memcg/memory.memsw.usage_in_bytes open: No such file or directory
03-31 07:44:22.316  1199  1199 I lowmemorykiller: Kill 'com.google.process.gapps' (2901), uid 10055, oom_adj 904 to free 86516kB
03-31 07:44:22.316  1199  1199 I lowmemorykiller: Killing to reclaim 19072kB, reclaimed 86516kB at oom_adj 0
03-31 07:44:22.316  1199  1199 E lowmemorykiller: /dev/memcg/memory.memsw.usage_in_bytes open: No such file or directory
03-31 07:44:22.317  1199  1199 I lowmemorykiller: Kill 'com.google.android.partnersetup' (2877), uid 10029, oom_adj 904 to free 88048kB
03-31 07:44:22.317  1199  1199 I lowmemorykiller: Killing to reclaim 19072kB, reclaimed 88048kB at oom_adj 800
03-31 07:44:22.319  1199  1199 E lowmemorykiller: /dev/memcg/memory.memsw.usage_in_bytes open: No such file or directory
03-31 07:44:22.319  1199  1199 I lowmemorykiller: Kill 'com.google.android.packageinstaller' (2860), uid 10023, oom_adj 904 to free 83364kB
03-31 07:44:22.319  1199  1199 I lowmemorykiller: Killing to reclaim 14536kB, reclaimed 83364kB at oom_adj 800
03-31 07:44:22.320  3371  3392 V PythonActivity: Ready to unpack
03-31 07:44:22.324  3371  3392 V pythonutil: Unpacking private app
03-31 07:44:22.324  3371  3392 V pythonutil: Data version is cb28691920ef09d05b41dc17ddbafb294694588d
03-31 07:44:22.329  1182  1182 I Zygote  : Process 2522 exited due to signal (9)
03-31 07:44:22.331  1340  1358 W libprocessgroup: kill(-2522, 9) failed: No such process
03-31 07:44:22.331  1340  1358 I libprocessgroup: Successfully killed process cgroup uid 10075 pid 2522 in 0ms
03-31 07:44:22.331  3371  3392 V pythonutil: Unpacking /data/app/org.test.jeapp2.jeapp2-zpcChVod9PXvGdmvp_jcDA==/lib/arm/libpybundle app
03-31 07:44:22.331  3371  3392 V pythonutil: Data version is cb28691920ef09d05b41dc17ddbafb294694588d
03-31 07:44:22.332  1340  1889 I ActivityManager: Process com.google.android.gm (pid 2522) has died: cch+4CEM 
03-31 07:44:22.333  1199  1199 E lowmemorykiller: /dev/memcg/memory.memsw.usage_in_bytes open: No such file or directory
03-31 07:44:22.333  1199  1199 I lowmemorykiller: Kill 'com.android.vending:background' (2711), uid 10033, oom_adj 902 to free 131200kB
03-31 07:44:22.333  1199  1199 I lowmemorykiller: Killing to reclaim 6976kB, reclaimed 131200kB at oom_adj 0
03-31 07:44:22.334  1199  1199 E lowmemorykiller: /dev/memcg/memory.memsw.usage_in_bytes open: No such file or directory
03-31 07:44:22.334  1199  1199 I lowmemorykiller: Kill 'android.process.acore' (2444), uid 10019, oom_adj 902 to free 101812kB
03-31 07:44:22.334  1199  1199 I lowmemorykiller: Killing to reclaim 6976kB, reclaimed 101812kB at oom_adj 800
03-31 07:44:22.335  1182  1182 I Zygote  : Process 2877 exited due to signal (9)
03-31 07:44:22.337  1182  1182 I Zygote  : Process 2860 exited due to signal (9)
03-31 07:44:22.340  1199  1199 E lowmemorykiller: Error opening /proc/2877/oom_score_adj; errno=2
03-31 07:44:22.340  1199  1199 E lowmemorykiller: Error opening /proc/2860/oom_score_adj; errno=2
03-31 07:44:22.340  1340  2087 I ActivityManager: Process com.google.android.partnersetup (pid 2877) has died: cch+6CEM 
03-31 07:44:22.340  1340  1358 W libprocessgroup: kill(-2877, 9) failed: No such process
03-31 07:44:22.340  1340  1358 I libprocessgroup: Successfully killed process cgroup uid 10029 pid 2877 in 0ms
03-31 07:44:22.341  1182  1182 I Zygote  : Process 2148 exited due to signal (9)
03-31 07:44:22.341  1340  2087 I ActivityManager: Process com.google.process.gapps (pid 2901) has died: cch+4CEM 
03-31 07:44:22.342  1340  1358 W libprocessgroup: kill(-2901, 9) failed: No such process
03-31 07:44:22.342  1199  1199 E lowmemorykiller: Error opening /proc/2860/oom_score_adj; errno=2
03-31 07:44:22.342  1340  2091 I ActivityManager: Process com.google.android.packageinstaller (pid 2860) has died: cch+4CEM 
03-31 07:44:22.342  1182  1182 I Zygote  : Process 2901 exited due to signal (9)
03-31 07:44:22.343  1199  1199 E lowmemorykiller: Error opening /proc/2148/oom_score_adj; errno=2
03-31 07:44:22.343  1340  3394 I ActivityManager: Process android.process.media (pid 2148) has died: cch+6CEM 
03-31 07:44:22.346  1340  3005 I ActivityManager: Process android.process.acore (pid 2444) has died: cch+4CEM 
03-31 07:44:22.347  1182  1182 I Zygote  : Process 2444 exited due to signal (9)
03-31 07:44:22.348  1340  1556 D ConnectivityService: ConnectivityService NetworkRequestInfo binderDied(NetworkRequest [ TRACK_DEFAULT id=15, [ Capabilities: INTERNET&NOT_RESTRICTED&TRUSTED Unwanted:  Uid: 10033] ], android.os.BinderProxy@e151f48)
03-31 07:44:22.349  1340  2091 I ActivityManager: Process com.android.vending:background (pid 2711) has died: cch+4CEM 
03-31 07:44:22.351  1182  1182 I Zygote  : Process 2711 exited due to signal (9)
03-31 07:44:22.351  3151  3151 I Finsky:quick_launch: [2] ppn.onTrimMemory(1): Memory trim requested to level 40
03-31 07:44:22.358  1340  1433 D ConnectivityService: releasing NetworkRequest [ TRACK_DEFAULT id=15, [ Capabilities: INTERNET&NOT_RESTRICTED&TRUSTED Unwanted:  Uid: 10033] ] (release request)
03-31 07:44:22.360  1478  1478 D StatusBar: disable<e i a s b h r c s > disable2<q i n >
03-31 07:44:22.371  2585  2585 I Finsky  : [2] ppn.onTrimMemory(1): Memory trim requested to level 60
03-31 07:44:22.372  2585  2585 I Finsky  : [2] mwu.accept(9): Flushing in-memory image cache
03-31 07:44:22.377  3371  3371 V pythonutil: Checking pattern libsqlite3\.so against libSDL2_mixer.so
03-31 07:44:22.377  3371  3371 V pythonutil: Checking pattern libsqlite3\.so against libSDL2_ttf.so
03-31 07:44:22.377  3371  3371 V pythonutil: Checking pattern libsqlite3\.so against libcrypto1.1.so
03-31 07:44:22.377  3371  3371 V pythonutil: Checking pattern libsqlite3\.so against libSDL2.so
03-31 07:44:22.377  3371  3371 V pythonutil: Checking pattern libsqlite3\.so against libsqlite3.so
03-31 07:44:22.377  3371  3371 V pythonutil: Pattern libsqlite3\.so matched file libsqlite3.so
03-31 07:44:22.377  3371  3371 V pythonutil: Checking pattern libsqlite3\.so against libffi.so
03-31 07:44:22.377  3371  3371 V pythonutil: Checking pattern libsqlite3\.so against libpython3.9.so
03-31 07:44:22.377  3371  3371 V pythonutil: Checking pattern libsqlite3\.so against libssl1.1.so
03-31 07:44:22.377  3371  3371 V pythonutil: Checking pattern libsqlite3\.so against libmain.so
03-31 07:44:22.377  3371  3371 V pythonutil: Checking pattern libsqlite3\.so against libpybundle.so
03-31 07:44:22.377  3371  3371 V pythonutil: Checking pattern libsqlite3\.so against libSDL2_image.so
03-31 07:44:22.378  3371  3371 V pythonutil: Checking pattern libffi\.so against libSDL2_mixer.so
03-31 07:44:22.378  3371  3371 V pythonutil: Checking pattern libffi\.so against libSDL2_ttf.so
03-31 07:44:22.378  3371  3371 V pythonutil: Checking pattern libffi\.so against libcrypto1.1.so
03-31 07:44:22.378  3371  3371 V pythonutil: Checking pattern libffi\.so against libSDL2.so
03-31 07:44:22.378  3371  3371 V pythonutil: Checking pattern libffi\.so against libsqlite3.so
03-31 07:44:22.378  3371  3371 V pythonutil: Checking pattern libffi\.so against libffi.so
03-31 07:44:22.378  3371  3371 V pythonutil: Pattern libffi\.so matched file libffi.so
03-31 07:44:22.378  3371  3371 V pythonutil: Checking pattern libffi\.so against libpython3.9.so
03-31 07:44:22.378  3371  3371 V pythonutil: Checking pattern libffi\.so against libssl1.1.so
03-31 07:44:22.378  3371  3371 V pythonutil: Checking pattern libffi\.so against libmain.so
03-31 07:44:22.378  3371  3371 V pythonutil: Checking pattern libffi\.so against libpybundle.so
03-31 07:44:22.378  3371  3371 V pythonutil: Checking pattern libffi\.so against libSDL2_image.so
03-31 07:44:22.378  3371  3371 V pythonutil: Checking pattern libpng16\.so against libSDL2_mixer.so
03-31 07:44:22.378  3371  3371 V pythonutil: Checking pattern libpng16\.so against libSDL2_ttf.so
03-31 07:44:22.378  3371  3371 V pythonutil: Checking pattern libpng16\.so against libcrypto1.1.so
03-31 07:44:22.378  3371  3371 V pythonutil: Checking pattern libpng16\.so against libSDL2.so
03-31 07:44:22.379  3371  3371 V pythonutil: Checking pattern libpng16\.so against libsqlite3.so
03-31 07:44:22.379  3371  3371 V pythonutil: Checking pattern libpng16\.so against libffi.so
03-31 07:44:22.379  3371  3371 V pythonutil: Checking pattern libpng16\.so against libpython3.9.so
03-31 07:44:22.379  3371  3371 V pythonutil: Checking pattern libpng16\.so against libssl1.1.so
03-31 07:44:22.379  3371  3371 V pythonutil: Checking pattern libpng16\.so against libmain.so
03-31 07:44:22.379  3371  3371 V pythonutil: Checking pattern libpng16\.so against libpybundle.so
03-31 07:44:22.379  3371  3371 V pythonutil: Checking pattern libpng16\.so against libSDL2_image.so
03-31 07:44:22.379  3371  3371 V pythonutil: Checking pattern libssl.*\.so against libSDL2_mixer.so
03-31 07:44:22.379  3371  3371 V pythonutil: Checking pattern libssl.*\.so against libSDL2_ttf.so
03-31 07:44:22.379  3371  3371 V pythonutil: Checking pattern libssl.*\.so against libcrypto1.1.so
03-31 07:44:22.379  3371  3371 V pythonutil: Checking pattern libssl.*\.so against libSDL2.so
03-31 07:44:22.379  3371  3371 V pythonutil: Checking pattern libssl.*\.so against libsqlite3.so
03-31 07:44:22.379  3371  3371 V pythonutil: Checking pattern libssl.*\.so against libffi.so
03-31 07:44:22.379  3371  3371 V pythonutil: Checking pattern libssl.*\.so against libpython3.9.so
03-31 07:44:22.379  3371  3371 V pythonutil: Checking pattern libssl.*\.so against libssl1.1.so
03-31 07:44:22.380  3371  3371 V pythonutil: Pattern libssl.*\.so matched file libssl1.1.so
03-31 07:44:22.380  3371  3371 V pythonutil: Checking pattern libssl.*\.so against libmain.so
03-31 07:44:22.380  3371  3371 V pythonutil: Checking pattern libssl.*\.so against libpybundle.so
03-31 07:44:22.380  3371  3371 V pythonutil: Checking pattern libssl.*\.so against libSDL2_image.so
03-31 07:44:22.380  3371  3371 V pythonutil: Checking pattern libcrypto.*\.so against libSDL2_mixer.so
03-31 07:44:22.380  3371  3371 V pythonutil: Checking pattern libcrypto.*\.so against libSDL2_ttf.so
03-31 07:44:22.380  3371  3371 V pythonutil: Checking pattern libcrypto.*\.so against libcrypto1.1.so
03-31 07:44:22.380  3371  3371 V pythonutil: Pattern libcrypto.*\.so matched file libcrypto1.1.so
03-31 07:44:22.380  3371  3371 V pythonutil: Checking pattern libcrypto.*\.so against libSDL2.so
03-31 07:44:22.380  3371  3371 V pythonutil: Checking pattern libcrypto.*\.so against libsqlite3.so
03-31 07:44:22.380  3371  3371 V pythonutil: Checking pattern libcrypto.*\.so against libffi.so
03-31 07:44:22.380  3371  3371 V pythonutil: Checking pattern libcrypto.*\.so against libpython3.9.so
03-31 07:44:22.380  3371  3371 V pythonutil: Checking pattern libcrypto.*\.so against libssl1.1.so
03-31 07:44:22.380  3371  3371 V pythonutil: Checking pattern libcrypto.*\.so against libmain.so
03-31 07:44:22.380  3371  3371 V pythonutil: Checking pattern libcrypto.*\.so against libpybundle.so
03-31 07:44:22.380  3371  3371 V pythonutil: Checking pattern libcrypto.*\.so against libSDL2_image.so
03-31 07:44:22.380  3371  3371 V pythonutil: Checking pattern libSDL2\.so against libSDL2_mixer.so
03-31 07:44:22.380  3371  3371 V pythonutil: Checking pattern libSDL2\.so against libSDL2_ttf.so
03-31 07:44:22.381  3371  3371 V pythonutil: Checking pattern libSDL2\.so against libcrypto1.1.so
03-31 07:44:22.381  3371  3371 V pythonutil: Checking pattern libSDL2\.so against libSDL2.so
03-31 07:44:22.381  3371  3371 V pythonutil: Pattern libSDL2\.so matched file libSDL2.so
03-31 07:44:22.381  3371  3371 V pythonutil: Checking pattern libSDL2\.so against libsqlite3.so
03-31 07:44:22.381  3371  3371 V pythonutil: Checking pattern libSDL2\.so against libffi.so
03-31 07:44:22.381  3371  3371 V pythonutil: Checking pattern libSDL2\.so against libpython3.9.so
03-31 07:44:22.381  3371  3371 V pythonutil: Checking pattern libSDL2\.so against libssl1.1.so
03-31 07:44:22.381  3371  3371 V pythonutil: Checking pattern libSDL2\.so against libmain.so
03-31 07:44:22.381  3371  3371 V pythonutil: Checking pattern libSDL2\.so against libpybundle.so
03-31 07:44:22.381  3371  3371 V pythonutil: Checking pattern libSDL2\.so against libSDL2_image.so
03-31 07:44:22.386  3371  3371 V pythonutil: Checking pattern libSDL2_image\.so against libSDL2_mixer.so
03-31 07:44:22.386  3371  3371 V pythonutil: Checking pattern libSDL2_image\.so against libSDL2_ttf.so
03-31 07:44:22.387  3371  3371 V pythonutil: Checking pattern libSDL2_image\.so against libcrypto1.1.so
03-31 07:44:22.387  3371  3371 V pythonutil: Checking pattern libSDL2_image\.so against libSDL2.so
03-31 07:44:22.387  3371  3371 V pythonutil: Checking pattern libSDL2_image\.so against libsqlite3.so
03-31 07:44:22.387  3371  3371 V pythonutil: Checking pattern libSDL2_image\.so against libffi.so
03-31 07:44:22.387  3371  3371 V pythonutil: Checking pattern libSDL2_image\.so against libpython3.9.so
03-31 07:44:22.387  1340  1358 W libprocessgroup: kill(-2901, 9) failed: No such process
03-31 07:44:22.387  3371  3371 V pythonutil: Checking pattern libSDL2_image\.so against libssl1.1.so
03-31 07:44:22.387  1340  1358 I libprocessgroup: Successfully killed process cgroup uid 10055 pid 2901 in 45ms
03-31 07:44:22.387  3371  3371 V pythonutil: Checking pattern libSDL2_image\.so against libmain.so
03-31 07:44:22.387  1340  1358 W libprocessgroup: kill(-2860, 9) failed: No such process
03-31 07:44:22.387  1340  1358 I libprocessgroup: Successfully killed process cgroup uid 10023 pid 2860 in 0ms
03-31 07:44:22.387  3371  3371 V pythonutil: Checking pattern libSDL2_image\.so against libpybundle.so
03-31 07:44:22.387  3371  3371 V pythonutil: Checking pattern libSDL2_image\.so against libSDL2_image.so
03-31 07:44:22.387  1340  1358 W libprocessgroup: kill(-2148, 9) failed: No such process
03-31 07:44:22.387  1340  1358 I libprocessgroup: Successfully killed process cgroup uid 10006 pid 2148 in 0ms
03-31 07:44:22.387  3371  3371 V pythonutil: Pattern libSDL2_image\.so matched file libSDL2_image.so
03-31 07:44:22.387  1340  1358 W libprocessgroup: kill(-2444, 9) failed: No such process
03-31 07:44:22.387  1340  1358 I libprocessgroup: Successfully killed process cgroup uid 10019 pid 2444 in 0ms
03-31 07:44:22.387  1340  1358 W libprocessgroup: kill(-2711, 9) failed: No such process
03-31 07:44:22.387  1340  1358 I libprocessgroup: Successfully killed process cgroup uid 10033 pid 2711 in 0ms
03-31 07:44:22.387  3371  3371 V pythonutil: Checking pattern libSDL2_mixer\.so against libSDL2_mixer.so
03-31 07:44:22.387  3371  3371 V pythonutil: Pattern libSDL2_mixer\.so matched file libSDL2_mixer.so
03-31 07:44:22.387  3371  3371 V pythonutil: Checking pattern libSDL2_mixer\.so against libSDL2_ttf.so
03-31 07:44:22.387  3371  3371 V pythonutil: Checking pattern libSDL2_mixer\.so against libcrypto1.1.so
03-31 07:44:22.387  3371  3371 V pythonutil: Checking pattern libSDL2_mixer\.so against libSDL2.so
03-31 07:44:22.387  3371  3371 V pythonutil: Checking pattern libSDL2_mixer\.so against libsqlite3.so
03-31 07:44:22.387  3371  3371 V pythonutil: Checking pattern libSDL2_mixer\.so against libffi.so
03-31 07:44:22.387  3371  3371 V pythonutil: Checking pattern libSDL2_mixer\.so against libpython3.9.so
03-31 07:44:22.387  3371  3371 V pythonutil: Checking pattern libSDL2_mixer\.so against libssl1.1.so
03-31 07:44:22.387  3371  3371 V pythonutil: Checking pattern libSDL2_mixer\.so against libmain.so
03-31 07:44:22.387  3371  3371 V pythonutil: Checking pattern libSDL2_mixer\.so against libpybundle.so
03-31 07:44:22.387  3371  3371 V pythonutil: Checking pattern libSDL2_mixer\.so against libSDL2_image.so
03-31 07:44:22.388  3371  3371 V pythonutil: Checking pattern libSDL2_ttf\.so against libSDL2_mixer.so
03-31 07:44:22.388  3371  3371 V pythonutil: Checking pattern libSDL2_ttf\.so against libSDL2_ttf.so
03-31 07:44:22.388  3371  3371 V pythonutil: Pattern libSDL2_ttf\.so matched file libSDL2_ttf.so
03-31 07:44:22.388  3371  3371 V pythonutil: Checking pattern libSDL2_ttf\.so against libcrypto1.1.so
03-31 07:44:22.388  3371  3371 V pythonutil: Checking pattern libSDL2_ttf\.so against libSDL2.so
03-31 07:44:22.388  3371  3371 V pythonutil: Checking pattern libSDL2_ttf\.so against libsqlite3.so
03-31 07:44:22.388  3371  3371 V pythonutil: Checking pattern libSDL2_ttf\.so against libffi.so
03-31 07:44:22.388  3371  3371 V pythonutil: Checking pattern libSDL2_ttf\.so against libpython3.9.so
03-31 07:44:22.388  3371  3371 V pythonutil: Checking pattern libSDL2_ttf\.so against libssl1.1.so
03-31 07:44:22.388  3371  3371 V pythonutil: Checking pattern libSDL2_ttf\.so against libmain.so
03-31 07:44:22.388  3371  3371 V pythonutil: Checking pattern libSDL2_ttf\.so against libpybundle.so
03-31 07:44:22.388  3371  3371 V pythonutil: Checking pattern libSDL2_ttf\.so against libSDL2_image.so
03-31 07:44:22.388  3371  3371 V pythonutil: Loading library: sqlite3
03-31 07:44:22.391  3371  3371 V pythonutil: Library loading error: dlopen failed: "/data/app/org.test.jeapp2.jeapp2-zpcChVod9PXvGdmvp_jcDA==/lib/arm/libsqlite3.so" has unexpected e_machine: 40 (EM_ARM)
03-31 07:44:22.391  3371  3371 V pythonutil: An UnsatisfiedLinkError occurred loading sqlite3
03-31 07:44:22.391  3371  3371 W System.err: dlopen failed: "/data/app/org.test.jeapp2.jeapp2-zpcChVod9PXvGdmvp_jcDA==/lib/arm/libsqlite3.so" has unexpected e_machine: 40 (EM_ARM)
03-31 07:44:22.407  1478  1478 I Choreographer: Skipped 35 frames!  The application may be doing too much work on its main thread.
03-31 07:44:22.451  3371  3371 E t.jeapp2.jeapp: No implementation found for void org.libsdl.app.SDLActivity.nativeSetenv(java.lang.String, java.lang.String) (tried Java_org_libsdl_app_SDLActivity_nativeSetenv and Java_org_libsdl_app_SDLActivity_nativeSetenv__Ljava_lang_String_2Ljava_lang_String_2)
03-31 07:44:22.451  3371  3371 D AndroidRuntime: Shutting down VM
--------- beginning of crash
03-31 07:44:22.452  3371  3371 E AndroidRuntime: FATAL EXCEPTION: SDLActivity
03-31 07:44:22.452  3371  3371 E AndroidRuntime: Process: org.test.jeapp2.jeapp2, PID: 3371
03-31 07:44:22.452  3371  3371 E AndroidRuntime: java.lang.UnsatisfiedLinkError: No implementation found for void org.libsdl.app.SDLActivity.nativeSetenv(java.lang.String, java.lang.String) (tried Java_org_libsdl_app_SDLActivity_nativeSetenv and Java_org_libsdl_app_SDLActivity_nativeSetenv__Ljava_lang_String_2Ljava_lang_String_2)
03-31 07:44:22.452  3371  3371 E AndroidRuntime: 	at org.libsdl.app.SDLActivity.nativeSetenv(Native Method)
03-31 07:44:22.452  3371  3371 E AndroidRuntime: 	at org.kivy.android.PythonActivity$UnpackFilesTask.onPostExecute(PythonActivity.java:158)
03-31 07:44:22.452  3371  3371 E AndroidRuntime: 	at org.kivy.android.PythonActivity$UnpackFilesTask.onPostExecute(PythonActivity.java:102)
03-31 07:44:22.452  3371  3371 E AndroidRuntime: 	at android.os.AsyncTask.finish(AsyncTask.java:695)
03-31 07:44:22.452  3371  3371 E AndroidRuntime: 	at android.os.AsyncTask.access$600(AsyncTask.java:180)
03-31 07:44:22.452  3371  3371 E AndroidRuntime: 	at android.os.AsyncTask$InternalHandler.handleMessage(AsyncTask.java:712)
03-31 07:44:22.452  3371  3371 E AndroidRuntime: 	at android.os.Handler.dispatchMessage(Handler.java:106)
03-31 07:44:22.452  3371  3371 E AndroidRuntime: 	at android.os.Looper.loop(Looper.java:193)
03-31 07:44:22.452  3371  3371 E AndroidRuntime: 	at android.app.ActivityThread.main(ActivityThread.java:6669)
03-31 07:44:22.452  3371  3371 E AndroidRuntime: 	at java.lang.reflect.Method.invoke(Native Method)
03-31 07:44:22.452  3371  3371 E AndroidRuntime: 	at com.android.internal.os.RuntimeInit$MethodAndArgsCaller.run(RuntimeInit.java:518)
03-31 07:44:22.452  3371  3371 E AndroidRuntime: 	at com.android.internal.os.ZygoteInit.main(ZygoteInit.java:858)
03-31 07:44:22.464  1340  2091 W ActivityManager:   Force finishing activity org.test.jeapp2.jeapp2/org.kivy.android.PythonActivity
03-31 07:44:22.468  1200  1267 D gralloc : Registering a buffer in the process that created it. This may cause memory ordering problems.
03-31 07:44:22.475  1200  1790 D gralloc : Registering a buffer in the process that created it. This may cause memory ordering problems.
03-31 07:44:22.505  1200  1200 D gralloc : Registering a buffer in the process that created it. This may cause memory ordering problems.
03-31 07:44:22.533  1340  3382 I ConfigStore: android::hardware::configstore::V1_0::ISurfaceFlingerConfigs::hasWideColorDisplay retrieved: 0
03-31 07:44:22.533  1340  3382 I ConfigStore: android::hardware::configstore::V1_0::ISurfaceFlingerConfigs::hasHDRDisplay retrieved: 0
03-31 07:44:22.533  1340  3382 I OpenGLRenderer: Initialized EGL, version 1.4
03-31 07:44:22.533  1340  3382 D OpenGLRenderer: Swap behavior 1
03-31 07:44:22.534  1340  1355 W BroadcastQueue: Background execution not allowed: receiving Intent { act=android.intent.action.DROPBOX_ENTRY_ADDED flg=0x10 (has extras) } to com.google.android.gms/.stats.service.DropBoxEntryAddedReceiver
03-31 07:44:22.534  1340  1355 W BroadcastQueue: Background execution not allowed: receiving Intent { act=android.intent.action.DROPBOX_ENTRY_ADDED flg=0x10 (has extras) } to com.google.android.gms/.chimera.GmsIntentOperationService$PersistentTrustedReceiver
03-31 07:44:22.535  3371  3371 I Process : Sending signal. PID: 3371 SIG: 9
03-31 07:44:22.539  1478  1478 D StatusBar: disable<e i a s b h r c s > disable2<q i n >
03-31 07:44:22.542  1200  1267 D gralloc : Registering a buffer in the process that created it. This may cause memory ordering problems.
03-31 07:44:22.553  1340  1414 W InputDispatcher: channel '7927c19 org.test.jeapp2.jeapp2/org.kivy.android.PythonActivity (server)' ~ Consumer closed input channel or an error occurred.  events=0x9
03-31 07:44:22.553  1340  1414 E InputDispatcher: channel '7927c19 org.test.jeapp2.jeapp2/org.kivy.android.PythonActivity (server)' ~ Channel is unrecoverably broken and will be disposed!
03-31 07:44:22.554  1340  1414 W InputDispatcher: channel 'ae73b06 org.test.jeapp2.jeapp2/org.kivy.android.PythonActivity (server)' ~ Consumer closed input channel or an error occurred.  events=0x9
03-31 07:44:22.554  1340  1414 E InputDispatcher: channel 'ae73b06 org.test.jeapp2.jeapp2/org.kivy.android.PythonActivity (server)' ~ Channel is unrecoverably broken and will be disposed!
03-31 07:44:22.554  1340  1889 I ActivityManager: Process org.test.jeapp2.jeapp2 (pid 3371) has died: vis  +99TOP 
03-31 07:44:22.554  1340  1358 W libprocessgroup: kill(-3371, 9) failed: No such process
03-31 07:44:22.556  1200  1200 D gralloc : Registering a buffer in the process that created it. This may cause memory ordering problems.
03-31 07:44:22.560  1183  1183 I Zygote  : Process 3371 exited due to signal (9)
03-31 07:44:22.566  1340  1889 I ActivityManager: Config changes=20000d80 {1.0 ?mcc?mnc [en_US] ldltr sw768dp w1024dp h696dp 160dpi xlrg land -touch qwerty/v/v -nav/h winConfig={ mBounds=Rect(0, 0 - 0, 0) mAppBounds=Rect(0, 0 - 1024, 720) mWindowingMode=fullscreen mActivityType=undefined} s.9}
03-31 07:44:22.568  1340  1889 I ActivityManager: Override config changes=20000d80 {1.0 ?mcc?mnc [en_US] ldltr sw768dp w1024dp h696dp 160dpi xlrg land -touch qwerty/v/v -nav/h winConfig={ mBounds=Rect(0, 0 - 590, 720) mAppBounds=Rect(0, 0 - 1024, 720) mWindowingMode=fullscreen mActivityType=undefined} s.9} for displayId=0
03-31 07:44:22.575  1340  2984 I WindowManager: WIN DEATH: Window{7927c19 u0 org.test.jeapp2.jeapp2/org.kivy.android.PythonActivity}
03-31 07:44:22.575  1340  2984 W InputDispatcher: Attempted to unregister already unregistered input channel '7927c19 org.test.jeapp2.jeapp2/org.kivy.android.PythonActivity (server)'
03-31 07:44:22.577  1200  1200 D DisplayDevice: Open /dev/tty0 OK
03-31 07:44:22.578  1340  2439 I WindowManager: WIN DEATH: Window{ae73b06 u0 org.test.jeapp2.jeapp2/org.kivy.android.PythonActivity}
03-31 07:44:22.578  1340  2439 W InputDispatcher: Attempted to unregister already unregistered input channel 'ae73b06 org.test.jeapp2.jeapp2/org.kivy.android.PythonActivity (server)'
03-31 07:44:22.578  1200  1324 D gralloc : Registering a buffer in the process that created it. This may cause memory ordering problems.
03-31 07:44:22.578  1200  1324 I chatty  : uid=0(root) Binder:1200_3 identical 1 line
03-31 07:44:22.578  1200  1324 D gralloc : Registering a buffer in the process that created it. This may cause memory ordering problems.
03-31 07:44:22.599  1340  1358 W libprocessgroup: kill(-3371, 9) failed: No such process
03-31 07:44:22.599  1340  1358 I libprocessgroup: Successfully killed process cgroup uid 10076 pid 3371 in 45ms
03-31 07:44:22.606  1181  1258 E TrafficController: Failed to delete the counterSet: Bad file descriptor
03-31 07:44:22.650  1200  1200 D gralloc : Registering a buffer in the process that created it. This may cause memory ordering problems.
03-31 07:44:22.725  1340  1415 I InputReader: Reconfiguring input devices.  changes=0x00000004
03-31 07:44:22.727  1340  1363 W ActivityManager: setHasOverlayUi called on unknown pid: 3371
03-31 07:44:22.728  1340  1415 I chatty  : uid=1000(system) InputReader identical 3 lines
03-31 07:44:22.728  1340  1415 I InputReader: Reconfiguring input devices.  changes=0x00000004
03-31 07:44:22.752  1200  1790 D gralloc : Registering a buffer in the process that created it. This may cause memory ordering problems.
03-31 07:44:22.785  1200  1200 D gralloc : Registering a buffer in the process that created it. This may cause memory ordering problems.
03-31 07:44:22.801  1200  1790 D gralloc : Registering a buffer in the process that created it. This may cause memory ordering problems.
03-31 07:44:22.802  1478  1478 I ImageWallpaper: Redrawing in rect: RectF(0.0, 0.0, 1243.0, 1024.0) with surface size: 1243x1024
03-31 07:44:22.803  1200  1324 D gralloc : Registering a buffer in the process that created it. This may cause memory ordering problems.
03-31 07:44:22.804  1478  1478 I ImageWallpaper: Redrawing in rect: RectF(0.0, 0.0, 1243.0, 1024.0) with surface size: 1243x1024
03-31 07:44:22.816  1200  1267 W SurfaceFlinger: Attempting to destroy on removed layer: AppWindowToken{233bd2c token=Token{654acdf ActivityRecord{5b78f7e u0 org.test.jeapp2.jeapp2/org.kivy.android.PythonActivity t26}}}#0
03-31 07:44:22.816  1200  1267 W SurfaceFlinger: Attempting to destroy on removed layer: Task=26#0
03-31 07:44:22.820  1200  1200 D gralloc : Registering a buffer in the process that created it. This may cause memory ordering problems.
03-31 07:44:22.843  1340  1392 I WindowManager: Screen frozen for +1s147ms due to Window{dbec69e u0 com.android.systemui.ImageWallpaper}
03-31 07:44:22.820  1200  1200 D gralloc : Registering a buffer in the process that created it. This may cause memory ordering problems.
03-31 07:44:22.850  1200  1790 D gralloc : Registering a buffer in the process that created it. This may cause memory ordering problems.
03-31 07:44:22.930  1200  1200 D gralloc : Registering a buffer in the process that created it. This may cause memory ordering problems.
03-31 07:44:23.141  1200  1783 W SurfaceFlinger: Attempting to destroy on removed layer: f5bd1ec DockedStackDivider#0
03-31 07:44:23.142  1478  1478 I Choreographer: Skipped 66 frames!  The application may be doing too much work on its main thread.
03-31 07:44:23.144  1478  1710 D gralloc : Registering a buffer in the process that created it. This may cause memory ordering problems.
03-31 07:44:23.152  1478  1710 I chatty  : uid=10017(com.android.systemui) RenderThread identical 4 lines
03-31 07:44:23.152  1478  1710 D gralloc : Registering a buffer in the process that created it. This may cause memory ordering problems.
03-31 07:44:23.179  1200  1783 D gralloc : Registering a buffer in the process that created it. This may cause memory ordering problems.
03-31 07:44:23.179  1478  1710 I OpenGLRenderer: Davey! duration=765ms; Flags=0, IntendedVsync=239391540786, Vsync=240111184854, OldestInputEvent=9223372036854775807, NewestInputEvent=0, HandleInputStart=240119705952, AnimationStart=240119728213, PerformTraversalsStart=240120386950, DrawStart=240121128983, SyncQueued=240130308484, SyncStart=240130335313, IssueDrawCommandsStart=240130592068, SwapBuffers=240156882253, FrameCompleted=240157525985, DequeueBufferDuration=232000, QueueBufferDuration=82000, 
03-31 07:44:23.181  1200  1783 D gralloc : Registering a buffer in the process that created it. This may cause memory ordering problems.
03-31 07:44:23.181  1478  1710 I OpenGLRenderer: Davey! duration=755ms; Flags=0, IntendedVsync=239391540786, Vsync=240111184854, OldestInputEvent=9223372036854775807, NewestInputEvent=0, HandleInputStart=240119705952, AnimationStart=240119728213, PerformTraversalsStart=240120386950, DrawStart=240144571410, SyncQueued=240145228175, SyncStart=240157580634, IssueDrawCommandsStart=240157758662, SwapBuffers=240158627582, FrameCompleted=240159155593, DequeueBufferDuration=204000, QueueBufferDuration=54000, 
03-31 07:44:23.188  1200  1200 D gralloc : Registering a buffer in the process that created it. This may cause memory ordering problems.
03-31 07:44:23.188  1200  1200 D gralloc : Registering a buffer in the process that created it. This may cause memory ordering problems.
03-31 07:44:23.198  1478  1478 D StatusBar: disable<e i a s b h r c s > disable2<q i n >
03-31 07:44:23.225  1478  1478 I ImageWallpaper: Redrawing in rect: RectF(0.0, 0.0, 1243.0, 1024.0) with surface size: 1243x1024
03-31 07:44:23.264  1478  1478 I chatty  : uid=10017(com.android.systemui) identical 1 line
03-31 07:44:23.277  1478  1478 I ImageWallpaper: Redrawing in rect: RectF(0.0, 0.0, 1243.0, 1024.0) with surface size: 1243x1024
03-31 07:44:23.278  1200  1790 D gralloc : Registering a buffer in the process that created it. This may cause memory ordering problems.
03-31 07:44:23.297  1200  1200 D gralloc : Registering a buffer in the process that created it. This may cause memory ordering problems.
03-31 07:44:23.329  1340  1361 D AutofillManagerService: Close system dialogs
03-31 07:44:23.356  1340  3382 I ConfigStore: android::hardware::configstore::V1_0::ISurfaceFlingerConfigs::hasWideColorDisplay retrieved: 0
03-31 07:44:23.356  1340  3382 I ConfigStore: android::hardware::configstore::V1_0::ISurfaceFlingerConfigs::hasHDRDisplay retrieved: 0
03-31 07:44:23.356  1340  3382 I OpenGLRenderer: Initialized EGL, version 1.4
03-31 07:44:23.356  1340  3382 D OpenGLRenderer: Swap behavior 1
03-31 07:44:23.360  1200  1783 D gralloc : Registering a buffer in the process that created it. This may cause memory ordering problems.
03-31 07:44:23.362  1340  3382 D gralloc : Registering a buffer in the process that created it. This may cause memory ordering problems.
03-31 07:44:23.375  1340  3382 D gralloc : Registering a buffer in the process that created it. This may cause memory ordering problems.
03-31 07:44:23.385  1200  1200 D gralloc : Registering a buffer in the process that created it. This may cause memory ordering problems.
03-31 07:44:23.420  1478  1478 D StatusBar: disable<e i a s b h r c s > disable2<q i n >
03-31 07:44:23.426  1200  1268 D gralloc : Registering a buffer in the process that created it. This may cause memory ordering problems.
03-31 07:44:23.439  1200  1200 D gralloc : Registering a buffer in the process that created it. This may cause memory ordering problems.
03-31 07:44:23.639  1340  1889 I ActivityManager: START u0 {act=android.settings.APPLICATION_DETAILS_SETTINGS dat=package:org.test.jeapp2.jeapp2 flg=0x10100000 cmp=com.android.settings/.applications.InstalledAppDetailsTop} from uid 1000
03-31 07:44:23.751  1200  1268 D gralloc : Registering a buffer in the process that created it. This may cause memory ordering problems.
03-31 07:44:23.769  1200  1200 D gralloc : Registering a buffer in the process that created it. This may cause memory ordering problems.
03-31 07:44:23.797  1200  1324 D gralloc : Registering a buffer in the process that created it. This may cause memory ordering problems.
03-31 07:44:23.806  1340  1357 W ActivityManager: Slow operation: 74ms so far, now at startProcess: returned from zygote!
03-31 07:44:23.806  1340  1357 W ActivityManager: Slow operation: 74ms so far, now at startProcess: done updating battery stats
03-31 07:44:23.806  1340  1357 W ActivityManager: Slow operation: 74ms so far, now at startProcess: building log message
03-31 07:44:23.806  1340  1357 I ActivityManager: Start proc 3408:com.android.settings/1000 for activity com.android.settings/.applications.InstalledAppDetailsTop
03-31 07:44:23.806  1340  1357 W ActivityManager: Slow operation: 74ms so far, now at startProcess: starting to update pids map
03-31 07:44:23.806  1340  1357 W ActivityManager: Slow operation: 74ms so far, now at startProcess: done updating pids map
03-31 07:44:23.808  3408  3408 I Zygote  : seccomp disabled by setenforce 0
03-31 07:44:23.806  3408  3408 I main    : type=1400 audit(0.0:659): avc: denied { dac_read_search } for capability=2 scontext=u:r:zygote:s0 tcontext=u:r:zygote:s0 tclass=capability permissive=1
03-31 07:44:23.825  3408  3408 W ndroid.setting: Unexpected CPU variant for X86 using defaults: x86_64
03-31 07:44:23.827  1200  1324 W SurfaceFlinger: Attempting to destroy on removed layer: 98c15eb AssistPreviewPanel#0
03-31 07:44:23.828  1200  1324 W SurfaceFlinger: Attempting to destroy on removed layer: c2c0192 DockedStackDivider#0
03-31 07:44:23.828  1478  1478 I Choreographer: Skipped 46 frames!  The application may be doing too much work on its main thread.
03-31 07:44:23.831  1478  1710 D gralloc : Registering a buffer in the process that created it. This may cause memory ordering problems.
03-31 07:44:23.832  1478  1710 I chatty  : uid=10017(com.android.systemui) RenderThread identical 4 lines
03-31 07:44:23.856  1478  1710 D gralloc : Registering a buffer in the process that created it. This may cause memory ordering problems.
03-31 07:44:23.871  3408  3408 I ndroid.setting: The ClassLoaderContext is a special shared library.
03-31 07:44:23.874  1200  1268 D gralloc : Registering a buffer in the process that created it. This may cause memory ordering problems.
03-31 07:44:23.885  3408  3408 I ndroid.setting: The ClassLoaderContext is a special shared library.
03-31 07:44:23.886  1200  1200 D gralloc : Registering a buffer in the process that created it. This may cause memory ordering problems.
03-31 07:44:23.930  1200  1200 D gralloc : Registering a buffer in the process that created it. This may cause memory ordering problems.
