03-31 07:40:58.333  2585  2651 E Finsky  : 	at ajin.a(PG:6)
03-31 07:40:58.333  2585  2651 E Finsky  : 	at ajkc.a(PG:2)
03-31 07:40:58.333  2585  2651 E Finsky  : 	at ajji.run(PG:3)
03-31 07:40:58.333  2585  2651 E Finsky  : 	at ajke.run(Unknown Source:4)
03-31 07:40:58.333  2585  2651 E Finsky  : 	at java.util.concurrent.ThreadPoolExecutor.runWorker(ThreadPoolExecutor.java:1167)
03-31 07:40:58.333  2585  2651 E Finsky  : 	at java.util.concurrent.ThreadPoolExecutor$Worker.run(ThreadPoolExecutor.java:641)
03-31 07:40:58.333  2585  2651 E Finsky  : 	at aazf.run(PG:23)
03-31 07:40:58.333  2585  2651 E Finsky  : 	at java.lang.Thread.run(Thread.java:764)
03-31 07:40:58.333  2585  2644 E Finsky  : [158] tgt.a(26): SCH: Job 10-119 threw exception
03-31 07:40:58.333  2585  2644 E Finsky  : java.lang.UnsatisfiedLinkError: dalvik.system.PathClassLoader[DexPathList[[zip file "/system/framework/org.apache.http.legacy.boot.jar", zip file "/data/app/com.android.vending-pR86j0eo9UrJ2FHz0WzXQw==/base.apk"],nativeLibraryDirectories=[/data/app/com.android.vending-pR86j0eo9UrJ2FHz0WzXQw==/lib/x86_64, /data/app/com.android.vending-pR86j0eo9UrJ2FHz0WzXQw==/base.apk!/lib/x86_64, /system/lib64, /system/vendor/lib64]]] couldn't find "libmappedcountercacheversionjni.so"
03-31 07:40:58.333  2585  2644 E Finsky  : 	at java.lang.Runtime.loadLibrary0(Runtime.java:1012)
03-31 07:40:58.333  2585  2644 E Finsky  : 	at java.lang.System.loadLibrary(System.java:1669)
03-31 07:40:58.333  2585  2644 E Finsky  : 	at agde.a(PG:8)
03-31 07:40:58.333  2585  2644 E Finsky  : 	at aiip.a(PG:3)
03-31 07:40:58.333  2585  2644 E Finsky  : 	at agde.a(PG:7)
03-31 07:40:58.333  2585  2644 E Finsky  : 	at mrx.a(PG:20)
03-31 07:40:58.333  2585  2644 E Finsky  : 	at ajin.a(PG:6)
03-31 07:40:58.333  2585  2644 E Finsky  : 	at ajkc.a(PG:2)
03-31 07:40:58.333  2585  2644 E Finsky  : 	at ajji.run(PG:3)
03-31 07:40:58.333  2585  2644 E Finsky  : 	at ajke.run(Unknown Source:4)
03-31 07:40:58.333  2585  2644 E Finsky  : 	at java.util.concurrent.ThreadPoolExecutor.runWorker(ThreadPoolExecutor.java:1167)
03-31 07:40:58.333  2585  2644 E Finsky  : 	at java.util.concurrent.ThreadPoolExecutor$Worker.run(ThreadPoolExecutor.java:641)
03-31 07:40:58.333  2585  2644 E Finsky  : 	at aazf.run(PG:23)
03-31 07:40:58.333  2585  2644 E Finsky  : 	at java.lang.Thread.run(Thread.java:764)
03-31 07:40:58.414  1199  1199 E lowmemorykiller: /dev/memcg/memory.memsw.usage_in_bytes open: No such file or directory
03-31 07:40:58.414  1199  1199 I lowmemorykiller: Kill 'com.android.chrome' (2725), uid 10073, oom_adj 904 to free 96344kB
03-31 07:40:58.414  1199  1199 I lowmemorykiller: Killing to reclaim 16088kB, reclaimed 96344kB at oom_adj 800
03-31 07:40:58.415  1199  1199 E lowmemorykiller: /dev/memcg/memory.memsw.usage_in_bytes open: No such file or directory
03-31 07:40:58.415  1199  1199 I lowmemorykiller: Kill 'com.google.android.onetimeinitializer' (2842), uid 10014, oom_adj 904 to free 79164kB
03-31 07:40:58.415  1199  1199 I lowmemorykiller: Killing to reclaim 14072kB, reclaimed 79164kB at oom_adj 800
03-31 07:40:58.426  1340  1889 I ActivityManager: Process com.android.chrome (pid 2725) has died: cch+4CEM 
03-31 07:40:58.426  1183  1183 I Zygote  : Process 2725 exited due to signal (9)
03-31 07:40:58.427  1182  1182 I Zygote  : Process 2842 exited due to signal (9)
03-31 07:40:58.427  1199  1199 E lowmemorykiller: Error opening /proc/2842/oom_score_adj; errno=2
03-31 07:40:58.428  3151  3151 I Finsky:quick_launch: [2] ppn.onTrimMemory(1): Memory trim requested to level 5
03-31 07:40:58.429  2711  2711 I Finsky:background: [2] ppn.onTrimMemory(1): Memory trim requested to level 5
03-31 07:40:58.429  2585  2585 I Finsky  : [2] ppn.onTrimMemory(1): Memory trim requested to level 5
03-31 07:40:58.430  1340  1352 I ActivityManager: Process com.google.android.onetimeinitializer (pid 2842) has died: cch+6CEM 
03-31 07:40:58.433  1822  1822 I A       : Trimming objects from memory, since app is in the background.
03-31 07:40:58.476  2585  2635 I Finsky  : [154] ufa.a(67): SCH: Satisfied jobs for 9223 are: 10-12
03-31 07:40:58.479  1181  1258 E TrafficController: Failed to tag the socket: Bad file descriptor, fd: -1
03-31 07:40:58.511  3151  3199 I Finsky:quick_launch: [188] gzl.accept(81): [Counters Flush] Successfully generated counter events
03-31 07:40:58.536  3151  3199 E Finsky:quick_launch: [188] abim.e(5): Exception when attempting to synchronously retrieve class abcb
03-31 07:40:58.536  3151  3199 E Finsky:quick_launch: java.util.concurrent.ExecutionException: java.lang.UnsatisfiedLinkError: dalvik.system.PathClassLoader[DexPathList[[zip file "/system/framework/org.apache.http.legacy.boot.jar", zip file "/data/app/com.android.vending-pR86j0eo9UrJ2FHz0WzXQw==/base.apk"],nativeLibraryDirectories=[/data/app/com.android.vending-pR86j0eo9UrJ2FHz0WzXQw==/lib/x86_64, /data/app/com.android.vending-pR86j0eo9UrJ2FHz0WzXQw==/base.apk!/lib/x86_64, /system/lib64, /system/vendor/lib64]]] couldn't find "libmappedcountercacheversionjni.so"
03-31 07:40:58.536  3151  3199 E Finsky:quick_launch: 	at ajhq.s(PG:3)
03-31 07:40:58.536  3151  3199 E Finsky:quick_launch: 	at ajhq.get(PG:2)
03-31 07:40:58.536  3151  3199 E Finsky:quick_launch: 	at ajvs.aN(PG:1)
03-31 07:40:58.536  3151  3199 E Finsky:quick_launch: 	at abim.e(PG:2)
03-31 07:40:58.536  3151  3199 E Finsky:quick_launch: 	at hwc.a(PG:1)
03-31 07:40:58.536  3151  3199 E Finsky:quick_launch: 	at hvw.j(PG:19)
03-31 07:40:58.536  3151  3199 E Finsky:quick_launch: 	at hvw.E(PG:3)
03-31 07:40:58.536  3151  3199 E Finsky:quick_launch: 	at gzl.accept(PG:83)
03-31 07:40:58.536  3151  3199 E Finsky:quick_launch: 	at kgl.b(Unknown Source:2)
03-31 07:40:58.536  3151  3199 E Finsky:quick_launch: 	at ajix.run(PG:6)
03-31 07:40:58.536  3151  3199 E Finsky:quick_launch: 	at java.util.concurrent.ThreadPoolExecutor.runWorker(ThreadPoolExecutor.java:1167)
03-31 07:40:58.536  3151  3199 E Finsky:quick_launch: 	at java.util.concurrent.ThreadPoolExecutor$Worker.run(ThreadPoolExecutor.java:641)
03-31 07:40:58.536  3151  3199 E Finsky:quick_launch: 	at hsa.run(PG:14)
03-31 07:40:58.536  3151  3199 E Finsky:quick_launch: 	at java.lang.Thread.run(Thread.java:764)
03-31 07:40:58.536  3151  3199 E Finsky:quick_launch: Caused by: java.lang.UnsatisfiedLinkError: dalvik.system.PathClassLoader[DexPathList[[zip file "/system/framework/org.apache.http.legacy.boot.jar", zip file "/data/app/com.android.vending-pR86j0eo9UrJ2FHz0WzXQw==/base.apk"],nativeLibraryDirectories=[/data/app/com.android.vending-pR86j0eo9UrJ2FHz0WzXQw==/lib/x86_64, /data/app/com.android.vending-pR86j0eo9UrJ2FHz0WzXQw==/base.apk!/lib/x86_64, /system/lib64, /system/vendor/lib64]]] couldn't find "libmappedcountercacheversionjni.so"
03-31 07:40:58.536  3151  3199 E Finsky:quick_launch: 	at java.lang.Runtime.loadLibrary0(Runtime.java:1012)
03-31 07:40:58.536  3151  3199 E Finsky:quick_launch: 	at java.lang.System.loadLibrary(System.java:1669)
03-31 07:40:58.536  3151  3199 E Finsky:quick_launch: 	at agde.a(PG:8)
03-31 07:40:58.536  3151  3199 E Finsky:quick_launch: 	at aiip.a(PG:3)
03-31 07:40:58.536  3151  3199 E Finsky:quick_launch: 	at agde.a(PG:7)
03-31 07:40:58.536  3151  3199 E Finsky:quick_launch: 	at mrx.a(PG:20)
03-31 07:40:58.536  3151  3199 E Finsky:quick_launch: 	at ajin.a(PG:6)
03-31 07:40:58.536  3151  3199 E Finsky:quick_launch: 	at ajkc.a(PG:2)
03-31 07:40:58.536  3151  3199 E Finsky:quick_launch: 	at ajji.run(PG:3)
03-31 07:40:58.536  3151  3199 E Finsky:quick_launch: 	at ajke.run(Unknown Source:4)
03-31 07:40:58.536  3151  3199 E Finsky:quick_launch: 	at java.util.concurrent.ThreadPoolExecutor.runWorker(ThreadPoolExecutor.java:1167)
03-31 07:40:58.536  3151  3199 E Finsky:quick_launch: 	at java.util.concurrent.ThreadPoolExecutor$Worker.run(ThreadPoolExecutor.java:641)
03-31 07:40:58.536  3151  3199 E Finsky:quick_launch: 	at aazf.run(PG:23)
03-31 07:40:58.536  3151  3199 E Finsky:quick_launch: 	... 1 more
03-31 07:40:58.537  3151  3200 I PlayCommon: [189] agpk.j(22): Preparing logs for uploading
03-31 07:40:58.538  3151  3199 E Finsky:quick_launch: [188] abim.e(5): Exception when attempting to synchronously retrieve class abcb
03-31 07:40:58.538  3151  3199 E Finsky:quick_launch: java.util.concurrent.ExecutionException: java.lang.UnsatisfiedLinkError: dalvik.system.PathClassLoader[DexPathList[[zip file "/system/framework/org.apache.http.legacy.boot.jar", zip file "/data/app/com.android.vending-pR86j0eo9UrJ2FHz0WzXQw==/base.apk"],nativeLibraryDirectories=[/data/app/com.android.vending-pR86j0eo9UrJ2FHz0WzXQw==/lib/x86_64, /data/app/com.android.vending-pR86j0eo9UrJ2FHz0WzXQw==/base.apk!/lib/x86_64, /system/lib64, /system/vendor/lib64]]] couldn't find "libmappedcountercacheversionjni.so"
03-31 07:40:58.538  3151  3199 E Finsky:quick_launch: 	at ajhq.s(PG:3)
03-31 07:40:58.538  3151  3199 E Finsky:quick_launch: 	at ajhq.get(PG:2)
03-31 07:40:58.538  3151  3199 E Finsky:quick_launch: 	at ajvs.aN(PG:1)
03-31 07:40:58.538  3151  3199 E Finsky:quick_launch: 	at abim.e(PG:2)
03-31 07:40:58.538  3151  3199 E Finsky:quick_launch: 	at hwc.a(PG:1)
03-31 07:40:58.538  3151  3199 E Finsky:quick_launch: 	at hvw.j(PG:19)
03-31 07:40:58.538  3151  3199 E Finsky:quick_launch: 	at hvw.E(PG:3)
03-31 07:40:58.538  3151  3199 E Finsky:quick_launch: 	at gzl.accept(PG:83)
03-31 07:40:58.538  3151  3199 E Finsky:quick_launch: 	at kgl.b(Unknown Source:2)
03-31 07:40:58.538  3151  3199 E Finsky:quick_launch: 	at ajix.run(PG:6)
03-31 07:40:58.538  3151  3199 E Finsky:quick_launch: 	at java.util.concurrent.ThreadPoolExecutor.runWorker(ThreadPoolExecutor.java:1167)
03-31 07:40:58.538  3151  3199 E Finsky:quick_launch: 	at java.util.concurrent.ThreadPoolExecutor$Worker.run(ThreadPoolExecutor.java:641)
03-31 07:40:58.538  3151  3199 E Finsky:quick_launch: 	at hsa.run(PG:14)
03-31 07:40:58.538  3151  3199 E Finsky:quick_launch: 	at java.lang.Thread.run(Thread.java:764)
03-31 07:40:58.538  3151  3199 E Finsky:quick_launch: Caused by: java.lang.UnsatisfiedLinkError: dalvik.system.PathClassLoader[DexPathList[[zip file "/system/framework/org.apache.http.legacy.boot.jar", zip file "/data/app/com.android.vending-pR86j0eo9UrJ2FHz0WzXQw==/base.apk"],nativeLibraryDirectories=[/data/app/com.android.vending-pR86j0eo9UrJ2FHz0WzXQw==/lib/x86_64, /data/app/com.android.vending-pR86j0eo9UrJ2FHz0WzXQw==/base.apk!/lib/x86_64, /system/lib64, /system/vendor/lib64]]] couldn't find "libmappedcountercacheversionjni.so"
03-31 07:40:58.538  3151  3199 E Finsky:quick_launch: 	at java.lang.Runtime.loadLibrary0(Runtime.java:1012)
03-31 07:40:58.538  3151  3199 E Finsky:quick_launch: 	at java.lang.System.loadLibrary(System.java:1669)
03-31 07:40:58.538  3151  3199 E Finsky:quick_launch: 	at agde.a(PG:8)
03-31 07:40:58.538  3151  3199 E Finsky:quick_launch: 	at aiip.a(PG:3)
03-31 07:40:58.538  3151  3199 E Finsky:quick_launch: 	at agde.a(PG:7)
03-31 07:40:58.538  3151  3199 E Finsky:quick_launch: 	at mrx.a(PG:20)
03-31 07:40:58.538  3151  3199 E Finsky:quick_launch: 	at ajin.a(PG:6)
03-31 07:40:58.538  3151  3199 E Finsky:quick_launch: 	at ajkc.a(PG:2)
03-31 07:40:58.538  3151  3199 E Finsky:quick_launch: 	at ajji.run(PG:3)
03-31 07:40:58.538  3151  3199 E Finsky:quick_launch: 	at ajke.run(Unknown Source:4)
03-31 07:40:58.538  3151  3199 E Finsky:quick_launch: 	at java.util.concurrent.ThreadPoolExecutor.runWorker(ThreadPoolExecutor.java:1167)
03-31 07:40:58.538  3151  3199 E Finsky:quick_launch: 	at java.util.concurrent.ThreadPoolExecutor$Worker.run(ThreadPoolExecutor.java:641)
03-31 07:40:58.538  3151  3199 E Finsky:quick_launch: 	at aazf.run(PG:23)
03-31 07:40:58.538  3151  3199 E Finsky:quick_launch: 	... 1 more
03-31 07:40:58.588  3151  3200 I PlayCommon: [189] agpk.j(141): Connecting to server for timestamp: https://play.googleapis.com/play/log/timestamp
03-31 07:40:58.588  3151  3200 D NetworkSecurityConfig: No Network Security Config specified, using platform default
03-31 07:40:58.623  1340  1355 I ActivityManager: Waited long enough for: ServiceRecord{b812dab u0 com.android.calendar/.alerts.InitAlarmsService}
03-31 07:40:58.788  1933  2117 I chatty  : uid=10008(com.google.android.gms) lowpool[0] expire 9 lines
03-31 07:40:58.955  1340  1553 D BluetoothManagerService: 1 registered Ble Apps
03-31 07:40:58.956  1340  1553 D BluetoothManagerService: enable(com.google.android.gms):  mBluetooth =null mBinding = false mState = OFF
03-31 07:40:58.956  1340  1553 D BluetoothManagerService: enable returning
03-31 07:40:58.956  1340  1362 D BluetoothManagerService: MESSAGE_ENABLE(0): mBluetooth = null
03-31 07:40:58.956  1340  1362 E BluetoothManagerService: Fail to bind to: Intent { act=android.bluetooth.IBluetooth }
03-31 07:40:58.974  1340  1553 D ConnectivityService: requestNetwork for uid/pid:10008/1933 NetworkRequest [ TRACK_DEFAULT id=19, [ Capabilities: INTERNET&NOT_RESTRICTED&TRUSTED Unwanted:  Uid: 10008] ]
03-31 07:40:58.975  1563  1563 D PhoneSwitcherNetworkRequstListener: got request NetworkRequest [ TRACK_DEFAULT id=19, [ Capabilities: INTERNET&NOT_RESTRICTED&TRUSTED Unwanted:  Uid: 10008] ] with score 60
03-31 07:40:59.018  3151  3200 W PlayCommon: [189] agpk.l(1): No account for auth token provided
03-31 07:40:59.018  3151  3200 I PlayCommon: [189] agpk.j(177): Connecting to server: https://play.googleapis.com/play/log?format=raw&proto_v2=true
03-31 07:40:59.139  1181  1258 E TrafficController: Failed to tag the socket: Bad file descriptor, fd: -1
03-31 07:40:59.139  1933  3215 I chatty  : uid=10008(com.google.android.gms) ChromiumNet expire 1 line
03-31 07:40:59.205  3151  3200 I PlayCommon: [189] agpk.j(211): Successfully uploaded logs.
03-31 07:40:59.237  2585  2620 I Finsky  : [144] uex.r(4): SCH: jobFinished: 10-12. TimeElapsed: 2978ms.
03-31 07:40:59.358  2585  2644 I Finsky  : [158] tyj.accept(62): SCH: Scheduling phonesky job Id: 1-1337, CT: 1680262855951, Constraints: [{ L: 26036049, D: 69236049, C: 1, I: 1, N: 1 }]
03-31 07:40:59.373  1181  1258 E TrafficController: Failed to tag the socket: Bad file descriptor, fd: -1
03-31 07:40:59.429  2585  2637 I Finsky  : [156] ueu.apply(97): SCH: Scheduling 1 system job(s)
03-31 07:40:59.430  2585  2637 I Finsky  : [156] ues.d(4): SCH: Scheduling system job Id: 9247, L: 26032571, D: 69232571, C: false, I: false, N: 1
03-31 07:40:59.468  2585  2707 I Finsky  : [188] ugm.a(16): SCH: job service finished with id 9219.
03-31 07:40:59.468  2585  2636 I Finsky  : [155] tyj.accept(62): SCH: Scheduling phonesky job Id: 26-1414141414, CT: 1680241752999, Constraints: [{ L: 43200000, D: 44100000, C: 1, I: 1, N: 0 }]
03-31 07:40:59.468  2585  2636 I Finsky  : [155] tyj.accept(62): SCH: Scheduling phonesky job Id: 29-29, CT: 1680262846903, Constraints: [{ L: 30000, D: 60000, C: 1, I: 1, N: 0 }]
03-31 07:40:59.503  2585  2585 I Finsky  : [2] ufm.run(15): Detected restoreservicev2://recovery not needed, will not run
03-31 07:40:59.506  2585  2637 I Finsky  : [156] ueu.apply(97): SCH: Scheduling 1 system job(s)
03-31 07:40:59.506  2585  2637 I Finsky  : [156] ues.d(4): SCH: Scheduling system job Id: 9248, L: 17397, D: 47397, C: false, I: false, N: 0
03-31 07:40:59.515  2585  2585 I Finsky  : [2] nrx.onDestroy(8): IPC-SERVER: Stopping gRPC host service...
03-31 07:40:59.542  2585  2707 I Finsky  : [188] ugm.a(16): SCH: job service finished with id 9223.
03-31 07:41:00.000  1340  2081 D BluetoothManagerService: 1 registered Ble Apps
03-31 07:41:00.000  1340  2081 D BluetoothManagerService: enable(com.google.android.gms):  mBluetooth =null mBinding = false mState = OFF
03-31 07:41:00.000  1340  2081 D BluetoothManagerService: enable returning
03-31 07:41:00.000  1340  1362 D BluetoothManagerService: MESSAGE_ENABLE(0): mBluetooth = null
03-31 07:41:00.000  1340  1362 E BluetoothManagerService: Fail to bind to: Intent { act=android.bluetooth.IBluetooth }
03-31 07:41:00.016  2585  3231 I Finsky  : [217] agrj.c(2): registerListener
03-31 07:41:00.016  2585  3231 I Finsky  : [217] jyj.g(1): getDownloads()
03-31 07:41:00.017  2585  3231 I Finsky  : [217] si.run(14): Initialized AssetModuleDownloader.
03-31 07:41:00.018  2711  2768 I Finsky:background: [161] jve.f(1): getDownloads()
03-31 07:41:00.310  1822  1822 I PhenotypeBackgroundRecv: Skipping com.google.android.googlequicksearchbox which doesn't use ProcessStable flags.
03-31 07:41:00.315  1822  1822 I BgTaskExecutorImpl: (REDACTED) Starting %s background task %s.
03-31 07:41:00.379  1933  3118 I chatty  : uid=10008 com.google.android.gms.persistent expire 2 lines
03-31 07:41:00.402  1996  3089 I chatty  : uid=10008(com.google.android.gms) expire 2 lines
03-31 07:41:00.403  1996  2167 I chatty  : uid=10008(com.google.android.gms) expire 5 lines
03-31 07:41:00.458  1822  2061 I FedAssExpListener: Fed-ass not supported for signed out users.
03-31 07:41:00.458  1822  2061 I FedAssExpListener: Successfully processed experiments changed.
03-31 07:41:00.461  1822  2060 I A       : NGA disabled due to not being eligible.
03-31 07:41:00.462  1822  2059 I OpaEligibilityChecker: send OpaEligibilityChange broadcast to CommonBroadcastReceiver
03-31 07:41:00.464  1822  2059 I OpaEligibilityChecker: Clock app not installed.
03-31 07:41:00.466  1822  2067 I Ma      : #handleFlagUpdate()
03-31 07:41:00.467  1822  2067 I SettingsDataLayer.AE: Set Assistant eligibility status
03-31 07:41:00.467  1822  2070 W SearchServiceCore: Abort, client detached.
03-31 07:41:00.467  1822  2070 W SearchServiceCore: Abort, client detached.
03-31 07:41:00.469  1822  2075 I SettingsDataLayer.AE: Set isHotwordOpaEligible
03-31 07:41:00.471  1844  1844 I A       : (REDACTED) Created gRPC endpoint for service %s
03-31 07:41:00.474  1844  2079 D StrictMode: StrictMode policy violation: android.os.strictmode.DiskReadViolation
03-31 07:41:00.474  1844  2079 D StrictMode: 	at android.os.StrictMode$AndroidBlockGuardPolicy.onReadFromDisk(StrictMode.java:1504)
03-31 07:41:00.474  1844  2079 D StrictMode: 	at java.io.UnixFileSystem.getBooleanAttributes(UnixFileSystem.java:241)
03-31 07:41:00.474  1844  2079 D StrictMode: 	at java.io.File.isDirectory(File.java:845)
03-31 07:41:00.474  1844  2079 D StrictMode: 	at dalvik.system.DexPathList$Element.toString(DexPathList.java:681)
03-31 07:41:00.474  1844  2079 D StrictMode: 	at java.lang.String.valueOf(String.java:2896)
03-31 07:41:00.474  1844  2079 D StrictMode: 	at java.util.Arrays.toString(Arrays.java:4511)
03-31 07:41:00.474  1844  2079 D StrictMode: 	at dalvik.system.DexPathList.toString(DexPathList.java:201)
03-31 07:41:00.474  1844  2079 D StrictMode: 	at java.lang.String.valueOf(String.java:2896)
03-31 07:41:00.474  1844  2079 D StrictMode: 	at java.lang.StringBuilder.append(StringBuilder.java:132)
03-31 07:41:00.474  1844  2079 D StrictMode: 	at dalvik.system.BaseDexClassLoader.findClass(BaseDexClassLoader.java:134)
03-31 07:41:00.474  1844  2079 D StrictMode: 	at java.lang.ClassLoader.loadClass(ClassLoader.java:379)
03-31 07:41:00.474  1844  2079 D StrictMode: 	at java.lang.ClassLoader.loadClass(ClassLoader.java:312)
03-31 07:41:00.474  1844  2079 D StrictMode: 	at java.lang.Class.classForName(Native Method)
03-31 07:41:00.474  1844  2079 D StrictMode: 	at java.lang.Class.forName(Class.java:453)
03-31 07:41:00.474  1844  2079 D StrictMode: 	at java.lang.Class.forName(Class.java:378)
03-31 07:41:00.474  1844  2079 D StrictMode: 	at io.grpc.al.<clinit>(PG:2)
03-31 07:41:00.474  1844  2079 D StrictMode: 	at io.grpc.an.a(PG:1)
03-31 07:41:00.474  1844  2079 D StrictMode: 	at io.grpc.ag.a(PG:1)
03-31 07:41:00.474  1844  2079 D StrictMode: 	at io.grpc.e.bh.run(PG:1)
03-31 07:41:00.474  1844  2079 D StrictMode: 	at io.grpc.e.km.run(PG:2)
03-31 07:41:00.474  1844  2079 D StrictMode: 	at com.google.android.libraries.i.y.run(PG:1)
03-31 07:41:00.474  1844  2079 D StrictMode: 	at java.util.concurrent.ThreadPoolExecutor.runWorker(ThreadPoolExecutor.java:1167)
03-31 07:41:00.474  1844  2079 D StrictMode: 	at java.util.concurrent.ThreadPoolExecutor$Worker.run(ThreadPoolExecutor.java:641)
03-31 07:41:00.474  1844  2079 D StrictMode: 	at com.google.android.libraries.i.g.run(PG:2)
03-31 07:41:00.474  1844  2079 D StrictMode: 	at java.lang.Thread.run(Thread.java:764)
03-31 07:41:00.474  1844  2079 D StrictMode: 	at com.google.android.libraries.i.ah.run(PG:5)
03-31 07:41:00.476  1844  2079 I A       : (REDACTED) #handleFlagsUpdate: changed %s
03-31 07:41:00.490  1822  1822 I BgTaskExecutorImpl: (REDACTED) Starting %s background task %s.
03-31 07:41:00.491  1844  2079 I Ma-fcf  : FCF A11y Checker - readyForTngMa
03-31 07:41:00.491  1844  2076 I Ma-fcf  : (REDACTED) #FCF: Continued Conversation Mode Enabled: %s
03-31 07:41:00.492  1844  2076 I Ma-fcf  : (REDACTED) #FCF: Assistant primary locale : %s
03-31 07:41:00.492  1844  2076 I Ma-fcf  : (REDACTED) #FCF: Assistant Primary locale check status : %s
03-31 07:41:00.492  1844  2076 W Ma-fcf  : Unable to check for productivity accounts. Assuming there are none.
03-31 07:41:00.492  1844  2076 W Ma-fcf  : com.google.android.libraries.geller.portable.GellerException: Code: INVALID_ARGUMENT, Message: Account name is null.
03-31 07:41:00.492  1844  2076 W Ma-fcf  : 	at com.google.android.libraries.search.j.l.a(PG:6)
03-31 07:41:00.492  1844  2076 W Ma-fcf  : 	at com.google.apps.tiktok.tracing.eu.a(PG:3)
03-31 07:41:00.492  1844  2076 W Ma-fcf  : 	at com.google.common.util.concurrent.bc.a(PG:1)
03-31 07:41:00.492  1844  2076 W Ma-fcf  : 	at com.google.common.util.concurrent.cw.run(PG:4)
03-31 07:41:00.492  1844  2076 W Ma-fcf  : 	at com.google.android.libraries.i.y.run(PG:1)
03-31 07:41:00.492  1844  2076 W Ma-fcf  : 	at java.util.concurrent.ThreadPoolExecutor.runWorker(ThreadPoolExecutor.java:1167)
03-31 07:41:00.492  1844  2076 W Ma-fcf  : 	at java.util.concurrent.ThreadPoolExecutor$Worker.run(ThreadPoolExecutor.java:641)
03-31 07:41:00.492  1844  2076 W Ma-fcf  : 	at com.google.android.libraries.i.g.run(PG:2)
03-31 07:41:00.492  1844  2076 W Ma-fcf  : 	at java.lang.Thread.run(Thread.java:764)
03-31 07:41:00.492  1844  2076 W Ma-fcf  : 	at com.google.android.libraries.i.ah.run(PG:5)
03-31 07:41:00.493  1822  2070 W SearchServiceCore: Abort, client detached.
03-31 07:41:00.493  1822  2070 W SearchServiceCore: Abort, client detached.
03-31 07:41:00.493  1933  3116 I chatty  : uid=10008 com.google.android.gms.persistent expire 1 line
03-31 07:41:00.497  1844  2079 I Ma-fcf-tngMaStatus: (REDACTED) #FCF evaluate: %s
03-31 07:41:00.497  1844  2079 I Ma-fcf-tngMaStatus: (REDACTED) TngMaStatusChecker#evaluateInternal completed in %s millis
03-31 07:41:00.497  1844  2079 I Ma-Entry-Triggering: (REDACTED) TNG:MA status updated: %s
03-31 07:41:00.497  1844  2079 I Ma-Entry-Triggering: TNG:MA became ineligible, client should disconnect
03-31 07:41:00.498  1844  2079 I Ma-Entry-Triggering: #disconnectAndStop - preventing double stop
03-31 07:41:00.498  1844  2076 I Ma-fcf  : FCF A11y Checker - readyForTngMa
03-31 07:41:00.498  1844  2079 I Ma-fcf  : (REDACTED) #FCF: Continued Conversation Mode Enabled: %s
03-31 07:41:00.498  1844  2079 I Ma-fcf  : (REDACTED) #FCF: Assistant primary locale : %s
03-31 07:41:00.498  1844  2079 I Ma-fcf  : (REDACTED) #FCF: Assistant Primary locale check status : %s
03-31 07:41:00.498  1844  2079 W Ma-fcf  : Unable to check for productivity accounts. Assuming there are none.
03-31 07:41:00.498  1844  2079 W Ma-fcf  : com.google.android.libraries.geller.portable.GellerException: Code: INVALID_ARGUMENT, Message: Account name is null.
03-31 07:41:00.498  1844  2079 W Ma-fcf  : 	at com.google.android.libraries.search.j.l.a(PG:6)
03-31 07:41:00.498  1844  2079 W Ma-fcf  : 	at com.google.apps.tiktok.tracing.eu.a(PG:3)
03-31 07:41:00.498  1844  2079 W Ma-fcf  : 	at com.google.common.util.concurrent.bc.a(PG:1)
03-31 07:41:00.498  1844  2079 W Ma-fcf  : 	at com.google.common.util.concurrent.cw.run(PG:4)
03-31 07:41:00.498  1844  2079 W Ma-fcf  : 	at com.google.android.libraries.i.y.run(PG:1)
03-31 07:41:00.498  1844  2079 W Ma-fcf  : 	at java.util.concurrent.ThreadPoolExecutor.runWorker(ThreadPoolExecutor.java:1167)
03-31 07:41:00.498  1844  2079 W Ma-fcf  : 	at java.util.concurrent.ThreadPoolExecutor$Worker.run(ThreadPoolExecutor.java:641)
03-31 07:41:00.498  1844  2079 W Ma-fcf  : 	at com.google.android.libraries.i.g.run(PG:2)
03-31 07:41:00.498  1844  2079 W Ma-fcf  : 	at java.lang.Thread.run(Thread.java:764)
03-31 07:41:00.498  1844  2079 W Ma-fcf  : 	at com.google.android.libraries.i.ah.run(PG:5)
03-31 07:41:00.503  1844  2076 I Ma-fcf-tngMaStatus: (REDACTED) #FCF evaluate: %s
03-31 07:41:00.503  1844  2076 I Ma-fcf-tngMaStatus: (REDACTED) TngMaStatusChecker#evaluateInternal completed in %s millis
03-31 07:41:00.503  1844  2079 I Ma-fcf  : FCF A11y Checker - readyForTngMa
03-31 07:41:00.504  1844  2076 I Ma-fcf  : (REDACTED) #FCF: Continued Conversation Mode Enabled: %s
03-31 07:41:00.504  1844  2079 I Ma-fcf  : (REDACTED) #FCF: Assistant primary locale : %s
03-31 07:41:00.504  1844  2079 I Ma-fcf  : (REDACTED) #FCF: Assistant Primary locale check status : %s
03-31 07:41:00.505  1844  2079 W Ma-fcf  : Unable to check for productivity accounts. Assuming there are none.
03-31 07:41:00.505  1844  2079 W Ma-fcf  : com.google.android.libraries.geller.portable.GellerException: Code: INVALID_ARGUMENT, Message: Account name is null.
03-31 07:41:00.505  1844  2079 W Ma-fcf  : 	at com.google.android.libraries.search.j.l.a(PG:6)
03-31 07:41:00.505  1844  2079 W Ma-fcf  : 	at com.google.apps.tiktok.tracing.eu.a(PG:3)
03-31 07:41:00.505  1844  2079 W Ma-fcf  : 	at com.google.common.util.concurrent.bc.a(PG:1)
03-31 07:41:00.505  1844  2079 W Ma-fcf  : 	at com.google.common.util.concurrent.cw.run(PG:4)
03-31 07:41:00.505  1844  2079 W Ma-fcf  : 	at com.google.android.libraries.i.y.run(PG:1)
03-31 07:41:00.505  1844  2079 W Ma-fcf  : 	at java.util.concurrent.ThreadPoolExecutor.runWorker(ThreadPoolExecutor.java:1167)
03-31 07:41:00.505  1844  2079 W Ma-fcf  : 	at java.util.concurrent.ThreadPoolExecutor$Worker.run(ThreadPoolExecutor.java:641)
03-31 07:41:00.505  1844  2079 W Ma-fcf  : 	at com.google.android.libraries.i.g.run(PG:2)
03-31 07:41:00.505  1844  2079 W Ma-fcf  : 	at java.lang.Thread.run(Thread.java:764)
03-31 07:41:00.505  1844  2079 W Ma-fcf  : 	at com.google.android.libraries.i.ah.run(PG:5)
03-31 07:41:00.508  1844  2076 I Ma-fcf-tngMaStatus: (REDACTED) #FCF evaluate: %s
03-31 07:41:00.508  1844  2076 I Ma-fcf-tngMaStatus: (REDACTED) TngMaStatusChecker#evaluateInternal completed in %s millis
03-31 07:41:00.508  1844  2076 I Ma-fcf  : FCF A11y Checker - readyForTngMa
03-31 07:41:00.508  1844  2079 I Ma-fcf  : (REDACTED) #FCF: Continued Conversation Mode Enabled: %s
03-31 07:41:00.508  1844  2076 I Ma-fcf  : (REDACTED) #FCF: Assistant primary locale : %s
03-31 07:41:00.509  1844  2076 I Ma-fcf  : (REDACTED) #FCF: Assistant Primary locale check status : %s
03-31 07:41:00.509  1844  2076 W Ma-fcf  : Unable to check for productivity accounts. Assuming there are none.
03-31 07:41:00.509  1844  2076 W Ma-fcf  : com.google.android.libraries.geller.portable.GellerException: Code: INVALID_ARGUMENT, Message: Account name is null.
03-31 07:41:00.509  1844  2076 W Ma-fcf  : 	at com.google.android.libraries.search.j.l.a(PG:6)
03-31 07:41:00.509  1844  2076 W Ma-fcf  : 	at com.google.apps.tiktok.tracing.eu.a(PG:3)
03-31 07:41:00.509  1844  2076 W Ma-fcf  : 	at com.google.common.util.concurrent.bc.a(PG:1)
03-31 07:41:00.509  1844  2076 W Ma-fcf  : 	at com.google.common.util.concurrent.cw.run(PG:4)
03-31 07:41:00.509  1844  2076 W Ma-fcf  : 	at com.google.android.libraries.i.y.run(PG:1)
03-31 07:41:00.509  1844  2076 W Ma-fcf  : 	at java.util.concurrent.ThreadPoolExecutor.runWorker(ThreadPoolExecutor.java:1167)
03-31 07:41:00.509  1844  2076 W Ma-fcf  : 	at java.util.concurrent.ThreadPoolExecutor$Worker.run(ThreadPoolExecutor.java:641)
03-31 07:41:00.509  1844  2076 W Ma-fcf  : 	at com.google.android.libraries.i.g.run(PG:2)
03-31 07:41:00.509  1844  2076 W Ma-fcf  : 	at java.lang.Thread.run(Thread.java:764)
03-31 07:41:00.509  1844  2076 W Ma-fcf  : 	at com.google.android.libraries.i.ah.run(PG:5)
03-31 07:41:00.513  1844  2079 I Ma-fcf-tngMaStatus: (REDACTED) #FCF evaluate: %s
03-31 07:41:00.513  1844  2079 I Ma-fcf-tngMaStatus: (REDACTED) TngMaStatusChecker#evaluateInternal completed in %s millis
03-31 07:41:00.514  1844  2079 I Ma-fcf  : FCF A11y Checker - readyForTngMa
03-31 07:41:00.514  1844  2076 I Ma-fcf  : (REDACTED) #FCF: Continued Conversation Mode Enabled: %s
03-31 07:41:00.514  1844  2079 I Ma-fcf  : (REDACTED) #FCF: Assistant primary locale : %s
03-31 07:41:00.514  1844  2079 I Ma-fcf  : (REDACTED) #FCF: Assistant Primary locale check status : %s
03-31 07:41:00.514  1844  2079 W Ma-fcf  : Unable to check for productivity accounts. Assuming there are none.
03-31 07:41:00.514  1844  2079 W Ma-fcf  : com.google.android.libraries.geller.portable.GellerException: Code: INVALID_ARGUMENT, Message: Account name is null.
03-31 07:41:00.514  1844  2079 W Ma-fcf  : 	at com.google.android.libraries.search.j.l.a(PG:6)
03-31 07:41:00.514  1844  2079 W Ma-fcf  : 	at com.google.apps.tiktok.tracing.eu.a(PG:3)
03-31 07:41:00.514  1844  2079 W Ma-fcf  : 	at com.google.common.util.concurrent.bc.a(PG:1)
03-31 07:41:00.514  1844  2079 W Ma-fcf  : 	at com.google.common.util.concurrent.cw.run(PG:4)
03-31 07:41:00.514  1844  2079 W Ma-fcf  : 	at com.google.android.libraries.i.y.run(PG:1)
03-31 07:41:00.514  1844  2079 W Ma-fcf  : 	at java.util.concurrent.ThreadPoolExecutor.runWorker(ThreadPoolExecutor.java:1167)
03-31 07:41:00.514  1844  2079 W Ma-fcf  : 	at java.util.concurrent.ThreadPoolExecutor$Worker.run(ThreadPoolExecutor.java:641)
03-31 07:41:00.514  1844  2079 W Ma-fcf  : 	at com.google.android.libraries.i.g.run(PG:2)
03-31 07:41:00.514  1844  2079 W Ma-fcf  : 	at java.lang.Thread.run(Thread.java:764)
03-31 07:41:00.514  1844  2079 W Ma-fcf  : 	at com.google.android.libraries.i.ah.run(PG:5)
03-31 07:41:00.517  1844  2076 I Ma-fcf-tngMaStatus: (REDACTED) #FCF evaluate: %s
03-31 07:41:00.518  1844  2076 I Ma-fcf-tngMaStatus: (REDACTED) TngMaStatusChecker#evaluateInternal completed in %s millis
03-31 07:41:00.518  1844  2076 I Ma-fcf  : FCF A11y Checker - readyForTngMa
03-31 07:41:00.518  1844  2076 I Ma-fcf  : (REDACTED) #FCF: Continued Conversation Mode Enabled: %s
03-31 07:41:00.521  1844  2079 I Ma-fcf  : (REDACTED) #FCF: Assistant primary locale : %s
03-31 07:41:00.521  1844  2079 I Ma-fcf  : (REDACTED) #FCF: Assistant Primary locale check status : %s
03-31 07:41:00.522  1844  2079 W Ma-fcf  : Unable to check for productivity accounts. Assuming there are none.
03-31 07:41:00.522  1844  2079 W Ma-fcf  : com.google.android.libraries.geller.portable.GellerException: Code: INVALID_ARGUMENT, Message: Account name is null.
03-31 07:41:00.522  1844  2079 W Ma-fcf  : 	at com.google.android.libraries.search.j.l.a(PG:6)
03-31 07:41:00.522  1844  2079 W Ma-fcf  : 	at com.google.apps.tiktok.tracing.eu.a(PG:3)
03-31 07:41:00.522  1844  2079 W Ma-fcf  : 	at com.google.common.util.concurrent.bc.a(PG:1)
03-31 07:41:00.522  1844  2079 W Ma-fcf  : 	at com.google.common.util.concurrent.cw.run(PG:4)
03-31 07:41:00.522  1844  2079 W Ma-fcf  : 	at com.google.android.libraries.i.y.run(PG:1)
03-31 07:41:00.522  1844  2079 W Ma-fcf  : 	at java.util.concurrent.ThreadPoolExecutor.runWorker(ThreadPoolExecutor.java:1167)
03-31 07:41:00.522  1844  2079 W Ma-fcf  : 	at java.util.concurrent.ThreadPoolExecutor$Worker.run(ThreadPoolExecutor.java:641)
03-31 07:41:00.522  1844  2079 W Ma-fcf  : 	at com.google.android.libraries.i.g.run(PG:2)
03-31 07:41:00.522  1844  2079 W Ma-fcf  : 	at java.lang.Thread.run(Thread.java:764)
03-31 07:41:00.522  1844  2079 W Ma-fcf  : 	at com.google.android.libraries.i.ah.run(PG:5)
03-31 07:41:00.528  1844  2076 I Ma-fcf-tngMaStatus: (REDACTED) #FCF evaluate: %s
03-31 07:41:00.528  1844  2076 I Ma-fcf-tngMaStatus: (REDACTED) TngMaStatusChecker#evaluateInternal completed in %s millis
03-31 07:41:00.528  1844  2076 I Ma-fcf  : FCF A11y Checker - readyForTngMa
03-31 07:41:00.528  1844  2079 I Ma-fcf  : (REDACTED) #FCF: Continued Conversation Mode Enabled: %s
03-31 07:41:00.528  1844  2076 I Ma-fcf  : (REDACTED) #FCF: Assistant primary locale : %s
03-31 07:41:00.528  1844  2076 I Ma-fcf  : (REDACTED) #FCF: Assistant Primary locale check status : %s
03-31 07:41:00.529  1844  2076 W Ma-fcf  : Unable to check for productivity accounts. Assuming there are none.
03-31 07:41:00.529  1844  2076 W Ma-fcf  : com.google.android.libraries.geller.portable.GellerException: Code: INVALID_ARGUMENT, Message: Account name is null.
03-31 07:41:00.529  1844  2076 W Ma-fcf  : 	at com.google.android.libraries.search.j.l.a(PG:6)
03-31 07:41:00.529  1844  2076 W Ma-fcf  : 	at com.google.apps.tiktok.tracing.eu.a(PG:3)
03-31 07:41:00.529  1844  2076 W Ma-fcf  : 	at com.google.common.util.concurrent.bc.a(PG:1)
03-31 07:41:00.529  1844  2076 W Ma-fcf  : 	at com.google.common.util.concurrent.cw.run(PG:4)
03-31 07:41:00.529  1844  2076 W Ma-fcf  : 	at com.google.android.libraries.i.y.run(PG:1)
03-31 07:41:00.529  1844  2076 W Ma-fcf  : 	at java.util.concurrent.ThreadPoolExecutor.runWorker(ThreadPoolExecutor.java:1167)
03-31 07:41:00.529  1844  2076 W Ma-fcf  : 	at java.util.concurrent.ThreadPoolExecutor$Worker.run(ThreadPoolExecutor.java:641)
03-31 07:41:00.529  1844  2076 W Ma-fcf  : 	at com.google.android.libraries.i.g.run(PG:2)
03-31 07:41:00.529  1844  2076 W Ma-fcf  : 	at java.lang.Thread.run(Thread.java:764)
03-31 07:41:00.529  1844  2076 W Ma-fcf  : 	at com.google.android.libraries.i.ah.run(PG:5)
03-31 07:41:00.534  1844  2079 I Ma-fcf-tngMaStatus: (REDACTED) #FCF evaluate: %s
03-31 07:41:00.534  1844  2079 I Ma-fcf-tngMaStatus: (REDACTED) TngMaStatusChecker#evaluateInternal completed in %s millis
03-31 07:41:00.534  1844  2079 I A       : #handleFlagsUpdate: listeners notified
03-31 07:41:00.578  1199  1199 E lowmemorykiller: /dev/memcg/memory.memsw.usage_in_bytes open: No such file or directory
03-31 07:41:00.578  1199  1199 I lowmemorykiller: Kill 'com.android.chrome:webview_service' (2800), uid 10073, oom_adj 904 to free 79948kB
03-31 07:41:00.578  1199  1199 I lowmemorykiller: Killing to reclaim 16516kB, reclaimed 79948kB at oom_adj 800
03-31 07:41:00.583  1340  2439 I ActivityManager: Process com.android.chrome:webview_service (pid 2800) has died: cch+4CEM 
03-31 07:41:00.584  2585  2585 I Finsky  : [2] ppn.onTrimMemory(1): Memory trim requested to level 80
03-31 07:41:00.584  2585  2585 I Finsky  : [2] mwu.accept(9): Flushing in-memory image cache
03-31 07:41:00.584  2711  2711 I Finsky:background: [2] ppn.onTrimMemory(1): Memory trim requested to level 80
03-31 07:41:00.585  3151  3151 I Finsky:quick_launch: [2] ppn.onTrimMemory(1): Memory trim requested to level 60
03-31 07:41:00.587  1183  1183 I Zygote  : Process 2800 exited due to signal (9)
03-31 07:41:00.630  1933  2244 I chatty  : uid=10008 com.google.android.gms.persistent expire 1 line
03-31 07:41:00.700  1181  1258 E TrafficController: Failed to tag the socket: Bad file descriptor, fd: -1
03-31 07:41:00.732  1822  2070 W SearchServiceCore: Abort, client detached.
03-31 07:41:00.860  3014  3029 I chatty  : uid=10008(com.google.android.gms) Profile Saver expire 1 line
03-31 07:41:00.962  1933  2759 I chatty  : uid=10008 com.google.android.gms.persistent expire 1 line
03-31 07:41:01.017  1933  2134 W ChimeraUtils: Module com.google.android.gms.nearby_en has empty metadata display_name_string_id
03-31 07:41:01.017  1933  2134 W ChimeraUtils: Module com.google.android.gms.nearby_en has empty metadata display_name_string_id
03-31 07:41:01.039  1933  3063 I NearbyDiscovery: FastPairScanner: isScreenOn=true, scanWithScreenOff=false, isLocationEnabled=true, disableLocationRequirement=false, isDiscoveryScanningEnabled=true, during24GhzWifiWarmingUpPeriod=false [CONTEXT service_id=265 ]
03-31 07:41:01.039  1933  3063 D BluetoothAdapter: isLeEnabled(): OFF
03-31 07:41:01.039  1933  3063 I NearbyDiscovery: FastPairScanner: eventType=SERVICE_INITIALIZE, intReq=true, scanning=false, scanAllowed=true, bleEnabled=false, bleScanAvailable=true, lockScanRate=false, startScanningByLowPowerMode=false [CONTEXT service_id=265 ]
03-31 07:41:01.039  1340  2081 D BluetoothManagerService: 1 registered Ble Apps
03-31 07:41:01.039  1933  3063 D BluetoothAdapter: isLeEnabled(): OFF
03-31 07:41:01.040  1933  3063 D BluetoothAdapter: enableBLE(): Calling enable
03-31 07:41:01.040  1340  2081 D BluetoothManagerService: enable(com.google.android.gms):  mBluetooth =null mBinding = false mState = OFF
03-31 07:41:01.040  1340  2081 D BluetoothManagerService: enable returning
03-31 07:41:01.040  1933  3063 I NearbyDiscovery: FastPairScanner: post internal delayed task, eventType=SERVICE_INITIALIZE [CONTEXT service_id=265 ]
03-31 07:41:01.054  1340  1362 D BluetoothManagerService: MESSAGE_ENABLE(0): mBluetooth = null
03-31 07:41:01.054  1340  1362 E BluetoothManagerService: Fail to bind to: Intent { act=android.bluetooth.IBluetooth }
03-31 07:41:01.056  3240  3240 I Zygote  : seccomp disabled by setenforce 0
03-31 07:41:01.058  3240  3240 W id.ext.service: Unexpected CPU variant for X86 using defaults: x86_64
03-31 07:41:01.061  1340  2081 I ActivityManager: Start proc 3240:com.google.android.ext.services/u0a4 for service com.google.android.ext.services/android.ext.services.storage.CacheQuotaServiceImpl
03-31 07:41:01.090  1996  3090 I SystemUpdate: [Execution,InstallationEventIntentOperation] Handling event of type 2.
03-31 07:41:01.091  3240  3240 I id.ext.service: The ClassLoaderContext is a special shared library.
03-31 07:41:01.092  1996  3090 I SystemUpdate: [Execution,InstallationIntentOperation] Received intent: Intent { act=com.google.android.gms.update.INSTALL_UPDATE cat=[targeted_intent_op_prefix:.update.execution.InstallationIntentOperation] cmp=com.google.android.gms/.chimera.GmsIntentOperationService }.
03-31 07:41:01.120  1996  3090 I SystemUpdate: [Execution,ExecutionManager] Action finished-execution executed for 0.00 seconds.
03-31 07:41:01.809  1996  1996 D BoundBrokerSvc: onUnbind: Intent { act=com.google.android.gms.auth.service.START pkg=com.google.android.gms }
03-31 07:41:01.834  1996  1996 D BoundBrokerSvc: onUnbind: Intent { act=com.google.android.gms.findmydevice.spot.service.management.START dat=chimera-action: cmp=com.google.android.gms/.chimera.GmsApiService }
03-31 07:41:01.835  1996  1996 D BoundBrokerSvc: onUnbind: Intent { act=com.google.android.gms.findmydevice.spot.service.locationreport.START dat=chimera-action: cmp=com.google.android.gms/.chimera.GmsApiService }
03-31 07:41:02.079  1933  3063 I NearbyDiscovery: FastPairScanner: isScreenOn=true, scanWithScreenOff=false, isLocationEnabled=true, disableLocationRequirement=false, isDiscoveryScanningEnabled=true, during24GhzWifiWarmingUpPeriod=false [CONTEXT service_id=265 ]
03-31 07:41:02.079  1933  3063 D BluetoothAdapter: isLeEnabled(): OFF
03-31 07:41:02.079  1933  3063 I NearbyDiscovery: FastPairScanner: eventType=SERVICE_INITIALIZE, intReq=true, scanning=false, scanAllowed=true, bleEnabled=false, bleScanAvailable=true, lockScanRate=false, startScanningByLowPowerMode=false [CONTEXT service_id=265 ]
03-31 07:41:02.079  1340  1352 D BluetoothManagerService: 1 registered Ble Apps
03-31 07:41:02.079  1933  3063 D BluetoothAdapter: isLeEnabled(): OFF
03-31 07:41:02.079  1933  3063 D BluetoothAdapter: enableBLE(): Calling enable
03-31 07:41:02.079  1340  1352 D BluetoothManagerService: enable(com.google.android.gms):  mBluetooth =null mBinding = false mState = OFF
03-31 07:41:02.079  1340  1352 D BluetoothManagerService: enable returning
03-31 07:41:02.079  1340  1362 D BluetoothManagerService: MESSAGE_ENABLE(0): mBluetooth = null
03-31 07:41:02.079  1340  1362 E BluetoothManagerService: Fail to bind to: Intent { act=android.bluetooth.IBluetooth }
03-31 07:41:02.080  1933  3063 I NearbyDiscovery: FastPairScanner: post internal delayed task, eventType=SERVICE_INITIALIZE [CONTEXT service_id=265 ]
03-31 07:41:02.485  1996  1996 D BoundBrokerSvc: onUnbind: Intent { act=com.google.android.gms.safetynet.service.START pkg=com.google.android.gms }
03-31 07:41:02.661  1933  1933 D BoundBrokerSvc: onUnbind: Intent { act=com.google.android.gms.semanticlocation.service.START_ODLH pkg=com.google.android.gms }
03-31 07:41:03.021  1822  1822 I BgTaskExecutorImpl: (REDACTED) Starting %s background task %s.
03-31 07:41:03.021  1822  2075 I A       : Flag is_largescreen_foldable_phone is false
03-31 07:41:03.021  1822  2075 I A       : (REDACTED) Flag is_whitelisted_as_tablet is %b
03-31 07:41:03.021  1822  2075 I A       : (REDACTED) R.bool.is_tablet is %b
03-31 07:41:03.022  1822  2307 I NetworkRecognitionRnr: Using pair HTTP connection
03-31 07:41:03.022  1822  2780 I A       : [Upload] Connected
03-31 07:41:03.029  1822  2075 I A       : Flag is_largescreen_foldable_phone is false
03-31 07:41:03.029  1822  2075 I A       : (REDACTED) Flag is_whitelisted_as_tablet is %b
03-31 07:41:03.029  1822  2075 I A       : (REDACTED) R.bool.is_tablet is %b
03-31 07:41:03.029  1822  2075 I A       : Flag is_largescreen_foldable_phone is false
03-31 07:41:03.029  1822  2075 I A       : (REDACTED) Flag is_whitelisted_as_tablet is %b
03-31 07:41:03.029  1822  2075 I A       : (REDACTED) R.bool.is_tablet is %b
03-31 07:41:03.030  1822  2060 W CronetNetworkRqstWrppr: Upload request without a content type.
03-31 07:41:03.031  1822  1822 E A       : onError
03-31 07:41:03.031  1822  1822 E A       : com.google.android.apps.gsa.shared.speech.a.m: errorCode: 65561, engine: 2
03-31 07:41:03.031  1822  1822 E A       : 	at com.google.android.apps.gsa.staticplugins.cy.a.f.a(PG:3)
03-31 07:41:03.031  1822  1822 E A       : 	at com.google.android.apps.gsa.s3.o.gO(PG:1)
03-31 07:41:03.031  1822  1822 E A       : 	at com.google.cd.g.a.f.e(PG:2)
03-31 07:41:03.031  1822  1822 E A       : 	at com.google.android.apps.gsa.speech.k.a.g.d(PG:22)
03-31 07:41:03.031  1822  1822 E A       : 	at com.google.android.apps.gsa.speech.k.a.g.jy(PG:6)
03-31 07:41:03.031  1822  1822 E A       : 	at com.google.android.apps.gsa.s3.p.c(PG:14)
03-31 07:41:03.031  1822  1822 E A       : 	at com.google.android.apps.gsa.s3.q.run(PG:1)
03-31 07:41:03.031  1822  1822 E A       : 	at java.util.concurrent.Executors$RunnableAdapter.call(Executors.java:458)
03-31 07:41:03.031  1822  1822 E A       : 	at java.util.concurrent.FutureTask.run(FutureTask.java:266)
03-31 07:41:03.031  1822  1822 E A       : 	at com.google.android.apps.gsa.shared.util.c.a.e.run(PG:2)
03-31 07:41:03.031  1822  1822 E A       : 	at com.google.android.apps.gsa.shared.util.c.a.bh.run(PG:1)
03-31 07:41:03.031  1822  1822 E A       : 	at com.google.android.apps.gsa.shared.util.c.a.bh.run(PG:1)
03-31 07:41:03.031  1822  1822 E A       : 	at java.util.concurrent.ThreadPoolExecutor.runWorker(ThreadPoolExecutor.java:1167)
03-31 07:41:03.031  1822  1822 E A       : 	at java.util.concurrent.ThreadPoolExecutor$Worker.run(ThreadPoolExecutor.java:641)
03-31 07:41:03.031  1822  1822 E A       : 	at java.lang.Thread.run(Thread.java:764)
03-31 07:41:03.031  1822  1822 E A       : 	at com.google.android.apps.gsa.shared.util.c.a.l.run(PG:5)
03-31 07:41:03.031  1822  1822 E A       : Caused by: com.google.android.apps.gsa.shared.speech.a.o: errorCode: 65586, engine: 2
03-31 07:41:03.031  1822  1822 E A       : 	... 15 more
03-31 07:41:03.031  1822  1822 E A       : Caused by: com.google.android.apps.gsa.shared.speech.a.k: errorCode: 401, engine: 2
03-31 07:41:03.031  1822  1822 E A       : 	at com.google.android.apps.gsa.assistant.shared.n.h.a(PG:5)
03-31 07:41:03.031  1822  1822 E A       : 	at com.google.android.apps.gsa.s3.producers.j.hj(PG:2)
03-31 07:41:03.031  1822  1822 E A       : 	at com.google.android.apps.gsa.speech.k.a.g.d(PG:16)
03-31 07:41:03.031  1822  1822 E A       : 	... 12 more
03-31 07:41:03.032  1822  2780 I NetworkRecognitionRnr: Using pair HTTP connection
03-31 07:41:03.032  1822  2778 I A       : [Upload] Connected
03-31 07:41:03.032  1822  1822 W A       : Failed to sync device settings.
03-31 07:41:03.032  1822  1822 I A       : Retrying to sync device settings.
03-31 07:41:03.033  1822  2075 I A       : Flag is_largescreen_foldable_phone is false
03-31 07:41:03.033  1822  2075 I A       : (REDACTED) Flag is_whitelisted_as_tablet is %b
03-31 07:41:03.033  1822  2075 I A       : (REDACTED) R.bool.is_tablet is %b
03-31 07:41:03.086  1933  3063 I NearbyDiscovery: FastPairScanner: isScreenOn=true, scanWithScreenOff=false, isLocationEnabled=true, disableLocationRequirement=false, isDiscoveryScanningEnabled=true, during24GhzWifiWarmingUpPeriod=false [CONTEXT service_id=265 ]
03-31 07:41:03.086  1933  3063 D BluetoothAdapter: isLeEnabled(): OFF
03-31 07:41:03.086  1933  3063 I NearbyDiscovery: FastPairScanner: eventType=SERVICE_INITIALIZE, intReq=true, scanning=false, scanAllowed=true, bleEnabled=false, bleScanAvailable=true, lockScanRate=false, startScanningByLowPowerMode=false [CONTEXT service_id=265 ]
03-31 07:41:03.086  1340  2081 D BluetoothManagerService: 1 registered Ble Apps
03-31 07:41:03.086  1933  3063 D BluetoothAdapter: isLeEnabled(): OFF
03-31 07:41:03.086  1933  3063 D BluetoothAdapter: enableBLE(): Calling enable
03-31 07:41:03.086  1340  2081 D BluetoothManagerService: enable(com.google.android.gms):  mBluetooth =null mBinding = false mState = OFF
03-31 07:41:03.087  1340  2081 D BluetoothManagerService: enable returning
03-31 07:41:03.087  1340  1362 D BluetoothManagerService: MESSAGE_ENABLE(0): mBluetooth = null
03-31 07:41:03.087  1340  1362 E BluetoothManagerService: Fail to bind to: Intent { act=android.bluetooth.IBluetooth }
03-31 07:41:03.087  1933  3063 I NearbyDiscovery: FastPairScanner: post internal delayed task, eventType=SERVICE_INITIALIZE [CONTEXT service_id=265 ]
03-31 07:41:03.187  1996  1996 D BoundBrokerSvc: onUnbind: Intent { act=com.google.android.gms.wallet.service.BIND pkg=com.google.android.gms }
03-31 07:41:03.244  1996  1996 D BoundBrokerSvc: onUnbind: Intent { act=com.google.android.gms.pay.service.BIND dat=chimera-action: cmp=com.google.android.gms/.chimera.GmsApiService }
03-31 07:41:03.255  1933  1933 D BoundBrokerSvc: onUnbind: Intent { act=com.google.android.gms.tapandpay.service.BIND dat=chimera-action: cmp=com.google.android.gms/.chimera.PersistentApiService }
03-31 07:41:04.052  1933  3130 I Nearby  : [MBleClient] Start ble scanning from NearbyDirect:BluetoothAdapterWrapper, context tag = nearby [CONTEXT service_id=49 ]
03-31 07:41:04.118  1933  3063 I NearbyDiscovery: FastPairScanner: isScreenOn=true, scanWithScreenOff=false, isLocationEnabled=true, disableLocationRequirement=false, isDiscoveryScanningEnabled=true, during24GhzWifiWarmingUpPeriod=false [CONTEXT service_id=265 ]
03-31 07:41:04.118  1933  3063 D BluetoothAdapter: isLeEnabled(): OFF
03-31 07:41:04.118  1933  3063 I NearbyDiscovery: FastPairScanner: eventType=SERVICE_INITIALIZE, intReq=true, scanning=false, scanAllowed=true, bleEnabled=false, bleScanAvailable=true, lockScanRate=false, startScanningByLowPowerMode=false [CONTEXT service_id=265 ]
03-31 07:41:04.118  1340  2081 D BluetoothManagerService: 1 registered Ble Apps
03-31 07:41:04.118  1933  3063 D BluetoothAdapter: isLeEnabled(): OFF
03-31 07:41:04.118  1933  3063 D BluetoothAdapter: enableBLE(): Calling enable
03-31 07:41:04.118  1340  2081 D BluetoothManagerService: enable(com.google.android.gms):  mBluetooth =null mBinding = false mState = OFF
03-31 07:41:04.118  1340  2081 D BluetoothManagerService: enable returning
03-31 07:41:04.118  1340  1362 D BluetoothManagerService: MESSAGE_ENABLE(0): mBluetooth = null
03-31 07:41:04.119  1340  1362 E BluetoothManagerService: Fail to bind to: Intent { act=android.bluetooth.IBluetooth }
03-31 07:41:04.119  1933  3063 I NearbyDiscovery: FastPairScanner: post internal delayed task, eventType=SERVICE_INITIALIZE [CONTEXT service_id=265 ]
03-31 07:41:04.257  3258  3258 I Zygote  : seccomp disabled by setenforce 0
03-31 07:41:04.258  3258  3258 W ndroid.keychai: Unexpected CPU variant for X86 using defaults: x86_64
03-31 07:41:04.261  1340  2081 I ActivityManager: Start proc 3258:com.android.keychain/1000 for service com.android.keychain/.KeyChainService
03-31 07:41:04.265  3258  3258 I ndroid.keychai: The ClassLoaderContext is a special shared library.
03-31 07:41:04.766  1563  1563 E PhoneInterfaceManager: [PhoneIntfMgr] getCarrierPackageNamesForIntent: No UICC
03-31 07:41:04.766  1563  1563 D CarrierSvcBindHelper: No carrier app for: 0
03-31 07:41:04.768  1996  3237 I PeopleGalProvider: Gal directories started.
03-31 07:41:04.768  1996  3237 I PeopleGalProvider: Method 1 completed.
03-31 07:41:04.768  1996  3237 I PeopleGalProvider: Method 1 finished successfully.
03-31 07:41:04.773  1933  3116 I Fitness : OnPackageChangedOperation got intent: Intent { act=android.intent.action.PACKAGE_CHANGED dat=package:com.google.android.gms flg=0x45000010 pkg=com.google.android.gms cmp=com.google.android.gms/.chimera.PersistentIntentOperationService (has extras) } [CONTEXT service_id=17 ]
03-31 07:41:04.777  1933  2759 I Fitness : FitCleanupIntentOperation received Intent android.intent.action.PACKAGE_CHANGED [CONTEXT service_id=17 ]
03-31 07:41:04.778  1933  3129 W ChimeraUtils: Module com.google.android.gms.nearby_en has empty metadata display_name_string_id
03-31 07:41:04.780  1996  2252 I Icing   : IndexChimeraService.getServiceInterface callingPackage=com.google.android.gms componentName=AppsCorpus serviceId=36
03-31 07:41:04.781  1996  2119 I Icing   : updateResources: need to parse arcn{com.google.android.gms}
03-31 07:41:04.819  1996  2119 W Icing   : No valid account for uploading user actions
03-31 07:41:04.858  1996  2119 I Icing   : Usage reports ok 0, Failed Usage reports 0, indexed 0, rejected 0
03-31 07:41:04.859  1996  2119 I Icing   : Indexing com.google.android.gms-apps from com.google.android.gms
