03-31 07:41:04.861  1996  2119 I Icing   : Indexing done com.google.android.gms-apps
03-31 07:41:05.084  1340  1433 D ConnectivityService: reportNetworkConnectivity(100, false) by 10028
03-31 07:41:05.084  1340  3278 I chatty  : uid=1000 system_server expire 2 lines
03-31 07:41:05.084  1340  3279 I chatty  : uid=1000 system_server expire 2 lines
03-31 07:41:05.120  1340  1433 D ConnectivityService: NetworkAgentInfo [WIFI () - 100] validation passed
03-31 07:41:05.120  1340  1355 W BroadcastQueue: Background execution not allowed: receiving Intent { act=android.net.conn.NETWORK_CONDITIONS_MEASURED flg=0x10 (has extras) } to com.google.android.gms/.chimera.GmsIntentOperationService$PersistentTrustedReceiver
03-31 07:41:05.159  1933  3063 I NearbyDiscovery: FastPairScanner: isScreenOn=true, scanWithScreenOff=false, isLocationEnabled=true, disableLocationRequirement=false, isDiscoveryScanningEnabled=true, during24GhzWifiWarmingUpPeriod=false [CONTEXT service_id=265 ]
03-31 07:41:05.159  1933  3063 D BluetoothAdapter: isLeEnabled(): OFF
03-31 07:41:05.159  1933  3063 I NearbyDiscovery: FastPairScanner: eventType=SERVICE_INITIALIZE, intReq=true, scanning=false, scanAllowed=true, bleEnabled=false, bleScanAvailable=true, lockScanRate=false, startScanningByLowPowerMode=false [CONTEXT service_id=265 ]
03-31 07:41:05.160  1340  2439 D BluetoothManagerService: 1 registered Ble Apps
03-31 07:41:05.160  1933  3063 D BluetoothAdapter: isLeEnabled(): OFF
03-31 07:41:05.160  1933  3063 D BluetoothAdapter: enableBLE(): Calling enable
03-31 07:41:05.160  1340  2439 D BluetoothManagerService: enable(com.google.android.gms):  mBluetooth =null mBinding = false mState = OFF
03-31 07:41:05.160  1340  2439 D BluetoothManagerService: enable returning
03-31 07:41:05.160  1340  1362 D BluetoothManagerService: MESSAGE_ENABLE(0): mBluetooth = null
03-31 07:41:05.160  1340  1362 E BluetoothManagerService: Fail to bind to: Intent { act=android.bluetooth.IBluetooth }
03-31 07:41:05.160  1933  3063 I NearbyDiscovery: FastPairScanner: post internal delayed task, eventType=SERVICE_INITIALIZE [CONTEXT service_id=265 ]
03-31 07:41:05.376  1996  1996 D BoundBrokerSvc: onUnbind: Intent { act=com.google.android.gms.feedback.internal.IFeedbackService dat=chimera-action: cmp=com.google.android.gms/.chimera.GmsBoundBrokerService }
03-31 07:41:06.171  3240  3256 I id.ext.service: Waiting for a blocking GC ProfileSaver
03-31 07:41:06.200  1933  3063 I NearbyDiscovery: FastPairScanner: isScreenOn=true, scanWithScreenOff=false, isLocationEnabled=true, disableLocationRequirement=false, isDiscoveryScanningEnabled=true, during24GhzWifiWarmingUpPeriod=false [CONTEXT service_id=265 ]
03-31 07:41:06.201  1933  3063 D BluetoothAdapter: isLeEnabled(): OFF
03-31 07:41:06.201  1933  3063 I NearbyDiscovery: FastPairScanner: eventType=SERVICE_INITIALIZE, intReq=true, scanning=false, scanAllowed=true, bleEnabled=false, bleScanAvailable=true, lockScanRate=false, startScanningByLowPowerMode=false [CONTEXT service_id=265 ]
03-31 07:41:06.201  1340  2439 D BluetoothManagerService: 1 registered Ble Apps
03-31 07:41:06.201  1933  3063 D BluetoothAdapter: isLeEnabled(): OFF
03-31 07:41:06.201  1933  3063 D BluetoothAdapter: enableBLE(): Calling enable
03-31 07:41:06.201  1340  2439 D BluetoothManagerService: enable(com.google.android.gms):  mBluetooth =null mBinding = false mState = OFF
03-31 07:41:06.201  1340  2439 D BluetoothManagerService: enable returning
03-31 07:41:06.201  1340  1362 D BluetoothManagerService: MESSAGE_ENABLE(0): mBluetooth = null
03-31 07:41:06.201  1933  3063 I NearbyDiscovery: FastPairScanner: post internal delayed task, eventType=SERVICE_INITIALIZE [CONTEXT service_id=265 ]
03-31 07:41:06.201  1340  1362 E BluetoothManagerService: Fail to bind to: Intent { act=android.bluetooth.IBluetooth }
03-31 07:41:06.642  1822  2754 W A       : (REDACTED) [%s] response code: %d
03-31 07:41:07.209  1933  3063 I NearbyDiscovery: FastPairScanner: isScreenOn=true, scanWithScreenOff=false, isLocationEnabled=true, disableLocationRequirement=false, isDiscoveryScanningEnabled=true, during24GhzWifiWarmingUpPeriod=false [CONTEXT service_id=265 ]
03-31 07:41:07.209  1933  3063 D BluetoothAdapter: isLeEnabled(): OFF
03-31 07:41:07.209  1933  3063 I NearbyDiscovery: FastPairScanner: eventType=SERVICE_INITIALIZE, intReq=true, scanning=false, scanAllowed=true, bleEnabled=false, bleScanAvailable=true, lockScanRate=false, startScanningByLowPowerMode=false [CONTEXT service_id=265 ]
03-31 07:41:07.209  1933  3063 I NearbyDiscovery: FastPairScanner: internal retry count exceeds, eventType=SERVICE_INITIALIZE, limit=10 [CONTEXT service_id=265 ]
03-31 07:41:07.701  1933  1933 D BoundBrokerSvc: onUnbind: Intent { act=com.google.android.gms.clearcut.bootcount.service.START pkg=com.google.android.gms }
03-31 07:41:09.263  3151  3151 I Finsky:quick_launch: [2] nrx.onDestroy(8): IPC-SERVER: Stopping gRPC host service...
03-31 07:41:09.454  1933  1933 D BoundBrokerSvc: onUnbind: Intent { act=com.google.android.gms.auth.account.workaccount.START dat=chimera-action: cmp=com.google.android.gms/.chimera.PersistentApiService }
03-31 07:41:09.853  1933  3129 W ChimeraUtils: Module com.google.android.gms.nearby_en has empty metadata display_name_string_id
03-31 07:41:09.854  1933  3129 W ChimeraUtils: Module com.google.android.gms.nearby_en has empty metadata display_name_string_id
03-31 07:41:10.019  1933  1933 D BoundBrokerSvc: onUnbind: Intent { act=com.google.android.gms.auth.proximity.START dat=chimera-action: cmp=com.google.android.gms/.chimera.PersistentBoundBrokerService }
03-31 07:41:10.084  1996  1996 D BoundBrokerSvc: onUnbind: Intent { act=com.google.android.gms.auth.cryptauth.cryptauthservice.START dat=chimera-action: cmp=com.google.android.gms/.chimera.GmsBoundBrokerService }
03-31 07:41:10.090  2711  2711 I Finsky:background: [2] nrx.onDestroy(8): IPC-SERVER: Stopping gRPC host service...
03-31 07:41:10.506  1996  1996 D BoundBrokerSvc: onUnbind: Intent { act=com.google.android.gms.checkin.START pkg=com.google.android.gms }
03-31 07:41:10.936  1933  1933 D BoundBrokerSvc: onUnbind: Intent { act=com.google.android.gms.libs.gmscorelogger.service.START dat=chimera-action: cmp=com.google.android.gms/.chimera.PersistentDirectBootAwareApiService }
03-31 07:41:11.097  1933  1933 D BoundBrokerSvc: onUnbind: Intent { act=com.google.android.gms.gmscompliance.service.START dat=chimera-action: cmp=com.google.android.gms/.chimera.PersistentBoundBrokerService }
03-31 07:41:11.836  1996  1996 D BoundBrokerSvc: onUnbind: Intent { act=com.google.android.gms.chimera.container.moduleinstall.ModuleInstallService.START dat=chimera-action: cmp=com.google.android.gms/.chimera.GmsApiService }
03-31 07:41:12.160  1996  1996 D BoundBrokerSvc: onUnbind: Intent { act=com.google.android.mdd.service.START dat=chimera-action: cmp=com.google.android.gms/.chimera.GmsBoundBrokerService }
03-31 07:41:12.160  1996  1996 D BoundBrokerSvc: onUnbind: Intent { act=com.google.android.mobstore.service.START dat=chimera-action: cmp=com.google.android.gms/.chimera.GmsBoundBrokerService }
03-31 07:41:12.980  1933  1933 D BoundBrokerSvc: onUnbind: Intent { act=com.google.android.gms.presencemanager.service.START dat=chimera-action: cmp=com.google.android.gms/.chimera.PersistentApiService }
03-31 07:41:12.980  1933  1933 D BoundBrokerSvc: onUnbind: Intent { act=com.google.android.gms.presencemanager.service.INTERNAL_IDENTITY dat=chimera-action: cmp=com.google.android.gms/.chimera.PersistentApiService }
03-31 07:41:13.065  1933  1933 D BoundBrokerSvc: onUnbind: Intent { act=com.google.android.gms.usagereporting.service.START pkg=com.google.android.gms }
03-31 07:41:13.108  1933  1933 D BoundBrokerSvc: onUnbind: Intent { act=com.google.android.gms.phenotype.service.START pkg=com.google.android.gms }
03-31 07:41:13.390  1933  1933 D BoundBrokerSvc: onUnbind: Intent { act=com.google.android.gms.pseudonymous.service.START dat=chimera-action: cmp=com.google.android.gms/.chimera.PersistentApiService }
03-31 07:41:13.664  2321  2374 D InitAlarmsService: Clearing and rescheduling alarms.
03-31 07:41:15.579  1933  1933 D BoundBrokerSvc: onUnbind: Intent { act=com.google.android.gms.clearcut.service.START pkg=com.google.android.gms }
03-31 07:41:15.945  1933  1933 D BoundBrokerSvc: onUnbind: Intent { act=com.google.android.gms.phenotype.service.START dat=chimera-action: cmp=com.google.android.gms/.chimera.PersistentApiService }
03-31 07:41:16.907  2585  2585 I Finsky  : [2] ugm.onStartJob(4): SCH: job service start with id 9248.
03-31 07:41:16.919  2585  2635 I Finsky  : [154] ufa.a(67): SCH: Satisfied jobs for 9248 are: 29-29
03-31 07:41:16.920  2585  2707 I Finsky  : [188] tun.accept(15): SCH: Job 29-29 starting
03-31 07:41:16.921  2585  3284 I Finsky  : [219] aaji.f(0): ProcessRecoveryLogsUtil: No files in recovery directory
03-31 07:41:16.921  2585  3284 I Finsky  : [219] uex.r(4): SCH: jobFinished: 29-29. TimeElapsed: 2ms.
03-31 07:41:16.983  2585  2636 I Finsky  : [155] tyj.accept(62): SCH: Scheduling phonesky job Id: 26-1414141414, CT: 1680241752999, Constraints: [{ L: 43200000, D: 44100000, C: 1, I: 1, N: 0 }]
03-31 07:41:16.997  2585  2651 I Finsky  : [165] ueu.apply(97): SCH: Scheduling 1 system job(s)
03-31 07:41:16.998  2585  2651 I Finsky  : [165] ues.d(4): SCH: Scheduling system job Id: 9250, L: 22076002, D: 22976002, C: false, I: false, N: 0
03-31 07:41:17.009  2585  2707 I Finsky  : [188] ugm.a(16): SCH: job service finished with id 9248.
03-31 07:41:18.912  1181  1251 E TrafficController: Failed to add iface wlan0(5): Bad file descriptor
03-31 07:41:19.807  1933  1933 D BoundBrokerSvc: onUnbind: Intent { act=com.google.android.gms.clearcut.service.START dat=chimera-action: cmp=com.google.android.gms/.chimera.PersistentDirectBootAwareApiService }
03-31 07:41:19.807  1933  1933 D BoundBrokerSvc: onUnbind: Intent { act=com.google.android.gms.scheduler.ACTION_PROXY_SCHEDULE dat=chimera-action: cmp=com.google.android.gms/.chimera.PersistentApiService }
03-31 07:41:19.819  1933  1933 D BoundBrokerSvc: onUnbind: Intent { act=com.google.android.gms.icing.LIGHTWEIGHT_INDEX_SERVICE dat=chimera-action: cmp=com.google.android.gms/.chimera.PersistentApiService }
03-31 07:41:20.500  1822  2083 V ClearcutMetricXmitter: Transmission is done.
03-31 07:41:30.627  1215  1225 E storaged: getDiskStats failed with result NOT_SUPPORTED and size 0
03-31 07:41:31.291  1340  3286 I chatty  : uid=1000 system_server expire 50 lines
03-31 07:41:31.458  1208  1401 V installed: DexInv: --- BEGIN '/data/app/com.google.android.gms-racoMcA0ThlGabj6tnSb7g==/base.apk' ---
03-31 07:41:31.473  3287  3287 I dex2oat : type=1400 audit(0.0:622): avc: denied { search } for name="/" dev="tmpfs" ino=7328 scontext=u:r:dex2oat:s0 tcontext=u:object_r:tmpfs:s0 tclass=dir permissive=1
03-31 07:41:31.473  3287  3287 I dex2oat : type=1400 audit(0.0:623): avc: denied { getattr } for path="/vendor" dev="tmpfs" ino=7382 scontext=u:r:dex2oat:s0 tcontext=u:object_r:tmpfs:s0 tclass=lnk_file permissive=1
03-31 07:41:31.473  3287  3287 I dex2oat : type=1400 audit(0.0:624): avc: denied { read } for name="vendor" dev="tmpfs" ino=7382 scontext=u:r:dex2oat:s0 tcontext=u:object_r:tmpfs:s0 tclass=lnk_file permissive=1
03-31 07:41:31.521  3287  3287 I dex2oat : type=1400 audit(0.0:625): avc: denied { map } for path="/dev/event-log-tags" dev="tmpfs" ino=7628 scontext=u:r:dex2oat:s0 tcontext=u:object_r:runtime_event_log_tags_file:s0 tclass=file permissive=1
03-31 07:41:31.526  3287  3287 W dex2oat : Unexpected CPU variant for X86 using defaults: x86_64
03-31 07:41:31.526  3287  3287 W dex2oat : Mismatch between dex2oat instruction set features (ISA: X86 Feature string: -ssse3,-sse4.1,-sse4.2,-avx,-avx2,-popcnt) and those of dex2oat executable (ISA: X86 Feature string: ssse3,sse4.1,sse4.2,-avx,-avx2,popcnt) for the command line:
03-31 07:41:31.526  3287  3287 W dex2oat : /system/bin/dex2oat --zip-fd=16 --zip-location=base.apk --input-vdex-fd=-1 --output-vdex-fd=18 --oat-fd=17 --oat-location=/data/app/com.google.android.gms-racoMcA0ThlGabj6tnSb7g==/oat/x86/base.odex --instruction-set=x86 --instruction-set-variant=x86_64 --instruction-set-features=default --runtime-arg -Xms64m --runtime-arg -Xmx512m --compiler-filter=verify --swap-fd=19 --classpath-dir=/data/app/com.google.android.gms-racoMcA0ThlGabj6tnSb7g== --class-loader-context=PCL[/system/framework/org.apache.http.legacy.boot.jar:/system/framework/com.android.media.remotedisplay.jar:/system/framework/com.android.location.provider.jar] --generate-mini-debug-info --compact-dex-level=none --runtime-arg -Xtarget-sdk-version:33 --runtime-arg -Xhidden-api-checks --compilation-reason=boot
03-31 07:41:31.526  3287  3287 I dex2oat : /system/bin/dex2oat --input-vdex-fd=-1 --output-vdex-fd=18 --compiler-filter=verify --classpath-dir=/data/app/com.google.android.gms-racoMcA0ThlGabj6tnSb7g== --class-loader-context=PCL[/system/framework/org.apache.http.legacy.boot.jar:/system/framework/com.android.media.remotedisplay.jar:/system/framework/com.android.location.provider.jar] --generate-mini-debug-info --compact-dex-level=none --compilation-reason=boot
03-31 07:41:31.553  3287  3287 W dex2oat : Could not open dex files from location: /system/framework/com.android.location.provider.jar
03-31 07:41:31.553  3287  3287 W dex2oat : Failed to open classpath dex files
03-31 07:41:32.412  3287  3287 I dex2oat : Large app, accepted running with swap.
03-31 07:41:32.780  3287  3287 W dex2oat : Accessing hidden method Landroid/content/res/Resources$Theme;->rebase()V (dark greylist, linking)
03-31 07:41:32.842  3287  3290 W dex2oat : Accessing hidden method Landroid/view/View;->setTransitionVisibility(I)V (dark greylist, linking)
03-31 07:41:32.843  3287  3287 W dex2oat : Accessing hidden method Landroid/view/View;->setTransitionVisibility(I)V (dark greylist, linking)
03-31 07:41:33.152  3287  3287 I dex2oat : Explicit concurrent copying GC freed 62603(9MB) AllocSpace objects, 0(0B) LOS objects, 97% free, 40KB/1576KB, paused 18us total 49.327ms
03-31 07:41:33.441  3287  3291 W dex2oat : Accessing hidden method Landroid/hardware/usb/UsbManager;->setCurrentFunctions(J)V (dark greylist, linking)
03-31 07:41:33.441  3287  3292 W dex2oat : Accessing hidden method Landroid/hardware/usb/UsbManager;->getCurrentFunctions()J (dark greylist, linking)
03-31 07:41:33.441  3287  3287 W dex2oat : Accessing hidden method Landroid/hardware/usb/UsbManager;->setCurrentFunctions(J)V (dark greylist, linking)
03-31 07:41:33.594  3287  3287 I dex2oat : Explicit concurrent copying GC freed 81176(11MB) AllocSpace objects, 0(0B) LOS objects, 95% free, 67KB/1603KB, paused 9us total 61.073ms
03-31 07:41:34.119  3287  3287 I dex2oat : Explicit concurrent copying GC freed 101698(13MB) AllocSpace objects, 0(0B) LOS objects, 95% free, 78KB/1614KB, paused 9us total 88.641ms
03-31 07:41:34.220  3287  3295 W dex2oat : Accessing hidden field Landroid/net/wifi/WifiConfiguration;->meteredOverride:I (dark greylist, linking)
03-31 07:41:34.221  3287  3296 W dex2oat : Accessing hidden field Landroid/net/wifi/WifiConfiguration;->meteredOverride:I (dark greylist, linking)
03-31 07:41:34.221  3287  3296 I chatty  : uid=50008(com.google.android.gms) /system/bin/dex2oat identical 4 lines
03-31 07:41:34.221  3287  3296 W dex2oat : Accessing hidden field Landroid/net/wifi/WifiConfiguration;->meteredOverride:I (dark greylist, linking)
03-31 07:41:34.303  3287  3295 W dex2oat : Accessing hidden method Landroid/net/wifi/WifiScanner;->getAvailableChannels(I)Ljava/util/List; (dark greylist, linking)
03-31 07:41:34.326  3287  3287 W dex2oat : Accessing hidden method Landroid/media/AudioPlaybackConfiguration;->isActive()Z (dark greylist, linking)
03-31 07:41:34.327  3287  3287 W dex2oat : Accessing hidden method Landroid/media/AudioPlaybackConfiguration;->isActive()Z (dark greylist, linking)
03-31 07:41:34.414  3287  3295 W dex2oat : Accessing hidden method Landroid/net/wifi/WifiScanner;->getAvailableChannels(I)Ljava/util/List; (dark greylist, linking)
03-31 07:41:34.414  3287  3295 I chatty  : uid=50008(com.google.android.gms) /system/bin/dex2oat identical 1 line
03-31 07:41:34.414  3287  3295 W dex2oat : Accessing hidden method Landroid/net/wifi/WifiScanner;->getAvailableChannels(I)Ljava/util/List; (dark greylist, linking)
03-31 07:41:34.415  3287  3296 W dex2oat : Accessing hidden method Landroid/os/UserManager;->isGuestUser()Z (dark greylist, linking)
03-31 07:41:34.417  3287  3296 W dex2oat : Accessing hidden method Landroid/bluetooth/BluetoothServerSocket;->getPsm()I (dark greylist, linking)
03-31 07:41:34.424  3287  3287 W dex2oat : Accessing hidden method Landroid/net/wifi/WifiScanner;->getAvailableChannels(I)Ljava/util/List; (dark greylist, linking)
03-31 07:41:34.603  3287  3287 I dex2oat : Explicit concurrent copying GC freed 82073(10MB) AllocSpace objects, 0(0B) LOS objects, 94% free, 96KB/1632KB, paused 8us total 56.390ms
03-31 07:41:34.872  3287  3297 W dex2oat : Accessing hidden method Landroid/os/UserManager;->isGuestUser()Z (dark greylist, linking)
03-31 07:41:34.930  3014  3014 I lowpool[3]: type=1400 audit(0.0:626): avc: denied { call } for scontext=u:r:priv_app:s0:c512,c768 tcontext=u:r:hal_memtrack_default:s0 tclass=binder permissive=1
03-31 07:41:34.931  1115  1115 E SELinux : avc:  denied  { find } for interface=android.hardware.memtrack::IMemtrack sid=u:r:priv_app:s0:c512,c768 pid=3014 scontext=u:r:priv_app:s0:c512,c768 tcontext=u:object_r:hal_memtrack_hwservice:s0 tclass=hwservice_manager permissive=1
03-31 07:41:34.931  1115  1115 W hwservicemanager: getTransport: Cannot find entry android.hardware.memtrack@1.0::IMemtrack/default in either framework or device manifest.
03-31 07:41:35.078  3287  3297 W dex2oat : Accessing hidden method Landroid/os/UserManager;->isGuestUser()Z (dark greylist, linking)
03-31 07:41:35.162  3287  3287 I dex2oat : Explicit concurrent copying GC freed 89691(12MB) AllocSpace objects, 0(0B) LOS objects, 93% free, 102KB/1638KB, paused 7us total 74.079ms
03-31 07:41:35.495  3287  3299 W dex2oat : Accessing hidden method Landroid/net/wifi/WifiScanner;->getSingleScanResults()Ljava/util/List; (dark greylist, linking)
03-31 07:41:35.548  1340  3111 I ActivityManager: Killing 2321:com.android.calendar/u0a71 (adj 906): empty #17
03-31 07:41:35.548  1340  1358 I chatty  : uid=1000(system) ActivityManager expire 3 lines
03-31 07:41:35.555  1182  1182 I Zygote  : Process 2321 exited due to signal (9)
03-31 07:41:35.663  3287  3287 I dex2oat : Explicit concurrent copying GC freed 87870(12MB) AllocSpace objects, 0(0B) LOS objects, 93% free, 110KB/1646KB, paused 7us total 81.048ms
03-31 07:41:36.046  3287  3287 I dex2oat : Explicit concurrent copying GC freed 92180(11MB) AllocSpace objects, 0(0B) LOS objects, 93% free, 114KB/1650KB, paused 7us total 60.887ms
03-31 07:41:36.239  3287  3287 I dex2oat : Explicit concurrent copying GC freed 53080(5MB) AllocSpace objects, 0(0B) LOS objects, 92% free, 116KB/1652KB, paused 31us total 19.677ms
03-31 07:41:36.291  1822  1822 I BgTaskExecutorImpl: (REDACTED) Starting %s background task %s.
03-31 07:41:36.293  1822  2307 I NetworkRecognitionRnr: Using pair HTTP connection
03-31 07:41:36.293  1822  2067 I A       : Flag is_largescreen_foldable_phone is false
03-31 07:41:36.293  1822  2067 I A       : (REDACTED) Flag is_whitelisted_as_tablet is %b
03-31 07:41:36.293  1822  2067 I A       : (REDACTED) R.bool.is_tablet is %b
03-31 07:41:36.293  1822  2778 I A       : [Upload] Connected
03-31 07:41:36.294  1822  2067 I A       : Flag is_largescreen_foldable_phone is false
03-31 07:41:36.294  1822  2067 I A       : (REDACTED) Flag is_whitelisted_as_tablet is %b
03-31 07:41:36.294  1822  2067 I A       : (REDACTED) R.bool.is_tablet is %b
03-31 07:41:36.295  1822  2067 I A       : Flag is_largescreen_foldable_phone is false
03-31 07:41:36.295  1822  2067 I A       : (REDACTED) Flag is_whitelisted_as_tablet is %b
03-31 07:41:36.295  1822  2067 I A       : (REDACTED) R.bool.is_tablet is %b
03-31 07:41:36.296  1822  2060 W CronetNetworkRqstWrppr: Upload request without a content type.
03-31 07:41:36.297  1822  2778 I NetworkRecognitionRnr: Using pair HTTP connection
03-31 07:41:36.297  1822  2780 I A       : [Upload] Connected
03-31 07:41:36.297  1822  1822 E A       : onError
03-31 07:41:36.297  1822  1822 E A       : com.google.android.apps.gsa.shared.speech.a.m: errorCode: 65561, engine: 2
03-31 07:41:36.297  1822  1822 E A       : 	at com.google.android.apps.gsa.staticplugins.cy.a.f.a(PG:3)
03-31 07:41:36.297  1822  1822 E A       : 	at com.google.android.apps.gsa.s3.o.gO(PG:1)
03-31 07:41:36.297  1822  1822 E A       : 	at com.google.cd.g.a.f.e(PG:2)
03-31 07:41:36.297  1822  1822 E A       : 	at com.google.android.apps.gsa.speech.k.a.g.d(PG:22)
03-31 07:41:36.297  1822  1822 E A       : 	at com.google.android.apps.gsa.speech.k.a.g.jy(PG:6)
03-31 07:41:36.297  1822  1822 E A       : 	at com.google.android.apps.gsa.s3.p.c(PG:14)
03-31 07:41:36.297  1822  1822 E A       : 	at com.google.android.apps.gsa.s3.q.run(PG:1)
03-31 07:41:36.297  1822  1822 E A       : 	at java.util.concurrent.Executors$RunnableAdapter.call(Executors.java:458)
03-31 07:41:36.297  1822  1822 E A       : 	at java.util.concurrent.FutureTask.run(FutureTask.java:266)
03-31 07:41:36.297  1822  1822 E A       : 	at com.google.android.apps.gsa.shared.util.c.a.e.run(PG:2)
03-31 07:41:36.297  1822  1822 E A       : 	at com.google.android.apps.gsa.shared.util.c.a.bh.run(PG:1)
03-31 07:41:36.297  1822  1822 E A       : 	at com.google.android.apps.gsa.shared.util.c.a.bh.run(PG:1)
03-31 07:41:36.297  1822  1822 E A       : 	at java.util.concurrent.ThreadPoolExecutor.runWorker(ThreadPoolExecutor.java:1167)
03-31 07:41:36.297  1822  1822 E A       : 	at java.util.concurrent.ThreadPoolExecutor$Worker.run(ThreadPoolExecutor.java:641)
03-31 07:41:36.297  1822  1822 E A       : 	at java.lang.Thread.run(Thread.java:764)
03-31 07:41:36.297  1822  1822 E A       : 	at com.google.android.apps.gsa.shared.util.c.a.l.run(PG:5)
03-31 07:41:36.297  1822  1822 E A       : Caused by: com.google.android.apps.gsa.shared.speech.a.o: errorCode: 65586, engine: 2
03-31 07:41:36.297  1822  1822 E A       : 	... 15 more
03-31 07:41:36.297  1822  1822 E A       : Caused by: com.google.android.apps.gsa.shared.speech.a.k: errorCode: 401, engine: 2
03-31 07:41:36.297  1822  1822 E A       : 	at com.google.android.apps.gsa.assistant.shared.n.h.a(PG:5)
03-31 07:41:36.297  1822  1822 E A       : 	at com.google.android.apps.gsa.s3.producers.j.hj(PG:2)
03-31 07:41:36.297  1822  1822 E A       : 	at com.google.android.apps.gsa.speech.k.a.g.d(PG:16)
03-31 07:41:36.297  1822  1822 E A       : 	... 12 more
03-31 07:41:36.298  1822  1822 W A       : Failed to sync device settings.
03-31 07:41:36.298  1822  1822 I A       : Retrying to sync device settings.
03-31 07:41:36.298  1822  2067 I A       : Flag is_largescreen_foldable_phone is false
03-31 07:41:36.298  1822  2067 I A       : (REDACTED) Flag is_whitelisted_as_tablet is %b
03-31 07:41:36.298  1822  2067 I A       : (REDACTED) R.bool.is_tablet is %b
03-31 07:41:36.322  3287  3287 I dex2oat : Explicit concurrent copying GC freed 15170(1516KB) AllocSpace objects, 0(0B) LOS objects, 92% free, 119KB/1655KB, paused 8us total 4.043ms
03-31 07:41:36.327  3287  3287 I dex2oat : Explicit concurrent copying GC freed 253(46KB) AllocSpace objects, 0(0B) LOS objects, 92% free, 121KB/1657KB, paused 7us total 2.254ms
03-31 07:41:36.431  3287  3287 I dex2oat : dex2oat took 4.905s (10.146s cpu) (threads: 3) arena alloc=0B (0B) java alloc=121KB (124472B) native alloc=11MB (11816184B) free=3MB (3912456B) swap=16MB (16777216B)
03-31 07:41:36.442  1208  1401 V installed: DexInv: --- END '/data/app/com.google.android.gms-racoMcA0ThlGabj6tnSb7g==/base.apk' (success) ---
03-31 07:41:37.137  1208  1401 V installed: DexInv: --- BEGIN '/data/app/com.google.android.gms-racoMcA0ThlGabj6tnSb7g==/split_GoogleCertificates.apk' ---
03-31 07:41:37.138  3309  3309 I dex2oat : type=1400 audit(0.0:627): avc: denied { getattr } for path="/vendor" dev="tmpfs" ino=7382 scontext=u:r:dex2oat:s0 tcontext=u:object_r:tmpfs:s0 tclass=lnk_file permissive=1
03-31 07:41:37.138  3309  3309 I dex2oat : type=1400 audit(0.0:628): avc: denied { read } for name="vendor" dev="tmpfs" ino=7382 scontext=u:r:dex2oat:s0 tcontext=u:object_r:tmpfs:s0 tclass=lnk_file permissive=1
03-31 07:41:37.146  3309  3309 W dex2oat : Unexpected CPU variant for X86 using defaults: x86_64
03-31 07:41:37.146  3309  3309 I dex2oat : /system/bin/dex2oat --input-vdex-fd=-1 --output-vdex-fd=18 --compiler-filter=verify --classpath-dir=/data/app/com.google.android.gms-racoMcA0ThlGabj6tnSb7g== --class-loader-context=DLC[];PCL[/system/framework/org.apache.http.legacy.boot.jar:/system/framework/com.android.media.remotedisplay.jar:/system/framework/com.android.location.provider.jar:base.apk] --generate-mini-debug-info --compact-dex-level=none --compilation-reason=boot
03-31 07:41:38.065  3309  3309 I dex2oat : dex2oat took 919.547ms (788.531ms cpu) (threads: 3) arena alloc=0B (0B) java alloc=187KB (192136B) native alloc=1808KB (1851536B) free=751KB (769904B)
03-31 07:41:38.068  1208  1401 V installed: DexInv: --- END '/data/app/com.google.android.gms-racoMcA0ThlGabj6tnSb7g==/split_GoogleCertificates.apk' (success) ---
03-31 07:41:38.069  1340  3286 W system_server: Could not open dex files from location: /system/framework/com.android.location.provider.jar
03-31 07:41:38.377  1340  1433 D ConnectivityService: reportNetworkConnectivity(100, false) by 10028
03-31 07:41:38.377  1340  2026 D NetworkMonitor/NetworkAgentInfo [WIFI () - 100]: Forcing reevaluation for UID 10028
03-31 07:41:38.378  1340  3314 D NetworkMonitor/NetworkAgentInfo [WIFI () - 100]: PROBE_DNS connectivitycheck.gstatic.com 0ms OK 142.251.42.35
03-31 07:41:38.378  1340  3313 D NetworkMonitor/NetworkAgentInfo [WIFI () - 100]: PROBE_DNS www.google.com 0ms OK 142.250.192.36
03-31 07:41:38.412  1340  3313 D NetworkMonitor/NetworkAgentInfo [WIFI () - 100]: PROBE_HTTPS https://www.google.com/generate_204 time=34ms ret=204 request={User-Agent=[Mozilla/5.0 (X11; Linux x86_64) AppleWebKit/537.36 (KHTML, like Gecko) Chrome/60.0.3112.32 Safari/537.36]} headers={null=[HTTP/1.1 204 No Content], Alt-Svc=[h3=":443"; ma=2592000,h3-29=":443"; ma=2592000], Content-Length=[0], Cross-Origin-Resource-Policy=[cross-origin], Date=[Fri, 31 Mar 2023 11:41:38 GMT], X-Android-Received-Millis=[1680262898412], X-Android-Response-Source=[NETWORK 204], X-Android-Selected-Protocol=[http/1.1], X-Android-Sent-Millis=[1680262898378]}
03-31 07:41:38.412  1340  1355 W BroadcastQueue: Background execution not allowed: receiving Intent { act=android.net.conn.NETWORK_CONDITIONS_MEASURED flg=0x10 (has extras) } to com.google.android.gms/.chimera.GmsIntentOperationService$PersistentTrustedReceiver
03-31 07:41:38.412  1340  1433 D ConnectivityService: NetworkAgentInfo [WIFI () - 100] validation passed
03-31 07:41:38.424  1340  3314 D NetworkMonitor/NetworkAgentInfo [WIFI () - 100]: PROBE_HTTP http://connectivitycheck.gstatic.com/generate_204 time=46ms ret=204 request={User-Agent=[Mozilla/5.0 (X11; Linux x86_64) AppleWebKit/537.36 (KHTML, like Gecko) Chrome/60.0.3112.32 Safari/537.36]} headers={null=[HTTP/1.1 204 No Content], Content-Length=[0], Cross-Origin-Resource-Policy=[cross-origin], Date=[Fri, 31 Mar 2023 11:41:38 GMT], X-Android-Received-Millis=[1680262898424], X-Android-Response-Source=[NETWORK 204], X-Android-Selected-Protocol=[http/1.1], X-Android-Sent-Millis=[1680262898378]}
03-31 07:41:38.764  1340  3286 I PackageManager.DexOptimizer: Running dexopt (dexoptNeeded=1) on: /data/app/com.google.android.gms-racoMcA0ThlGabj6tnSb7g==/split_GoogleCertificates.apk pkg=com.google.android.gms isa=x86 dexoptFlags=boot_complete,public,enable_hidden_api_checks targetFilter=verify oatDir=/data/app/com.google.android.gms-racoMcA0ThlGabj6tnSb7g==/oat classLoaderContext=DLC[];PCL[/system/framework/org.apache.http.legacy.boot.jar:/system/framework/com.android.media.remotedisplay.jar:/system/framework/com.android.location.provider.jar:base.apk]
03-31 07:41:38.764  1208  1401 V installed: DexInv: --- BEGIN '/data/app/com.google.android.gms-racoMcA0ThlGabj6tnSb7g==/split_GoogleCertificates.apk' ---
03-31 07:41:38.772  3319  3319 W dex2oat : Unexpected CPU variant for X86 using defaults: x86_64
03-31 07:41:38.773  3319  3319 W dex2oat : Mismatch between dex2oat instruction set features (ISA: X86 Feature string: -ssse3,-sse4.1,-sse4.2,-avx,-avx2,-popcnt) and those of dex2oat executable (ISA: X86 Feature string: ssse3,sse4.1,sse4.2,-avx,-avx2,popcnt) for the command line:
03-31 07:41:38.773  3319  3319 W dex2oat : /system/bin/dex2oat --zip-fd=16 --zip-location=split_GoogleCertificates.apk --input-vdex-fd=-1 --output-vdex-fd=18 --oat-fd=17 --oat-location=/data/app/com.google.android.gms-racoMcA0ThlGabj6tnSb7g==/oat/x86/split_GoogleCertificates.odex --instruction-set=x86 --instruction-set-variant=x86_64 --instruction-set-features=default --runtime-arg -Xms64m --runtime-arg -Xmx512m --compiler-filter=verify --swap-fd=19 --classpath-dir=/data/app/com.google.android.gms-racoMcA0ThlGabj6tnSb7g== --class-loader-context=DLC[];PCL[/system/framework/org.apache.http.legacy.boot.jar:/system/framework/com.android.media.remotedisplay.jar:/system/framework/com.android.location.provider.jar:base.apk] --generate-mini-debug-info --compact-dex-level=none --runtime-arg -Xtarget-sdk-version:33 --runtime-arg -Xhidden-api-checks --compilation-reason=boot
03-31 07:41:38.773  3319  3319 I dex2oat : /system/bin/dex2oat --input-vdex-fd=-1 --output-vdex-fd=18 --compiler-filter=verify --classpath-dir=/data/app/com.google.android.gms-racoMcA0ThlGabj6tnSb7g== --class-loader-context=DLC[];PCL[/system/framework/org.apache.http.legacy.boot.jar:/system/framework/com.android.media.remotedisplay.jar:/system/framework/com.android.location.provider.jar:base.apk] --generate-mini-debug-info --compact-dex-level=none --compilation-reason=boot
03-31 07:41:38.779  3319  3319 W dex2oat : Could not open dex files from location: /system/framework/com.android.location.provider.jar
03-31 07:41:39.524  3319  3319 W dex2oat : Failed to open classpath dex files
03-31 07:41:39.617  3319  3319 I dex2oat : dex2oat took 845.348ms (775.873ms cpu) (threads: 3) arena alloc=0B (0B) java alloc=134KB (137392B) native alloc=1932KB (1978704B) free=1139KB (1167024B)
03-31 07:41:39.620  1208  1401 V installed: DexInv: --- END '/data/app/com.google.android.gms-racoMcA0ThlGabj6tnSb7g==/split_GoogleCertificates.apk' (success) ---
03-31 07:41:39.621  1077  1077 I loop0   : type=1400 audit(0.0:629): avc: denied { read } for path="/mnt/android-9.0-r2/system.img" dev="sda1" ino=393223 scontext=u:r:kernel:s0 tcontext=u:object_r:unlabeled:s0 tclass=file permissive=1
03-31 07:41:39.621  1340  3286 I system_server: The ClassLoaderContext is a special shared library.
03-31 07:41:39.625  1340  3286 I system_server: The ClassLoaderContext is a special shared library.
03-31 07:41:39.625  1340  3286 I chatty  : uid=1000 system_server identical 1 line
03-31 07:41:39.627  1340  3286 I system_server: The ClassLoaderContext is a special shared library.
03-31 07:41:39.630  1340  3286 I PackageManager.DexOptimizer: Running dexopt (dexoptNeeded=1) on: /data/app/org.test.jeapp2.jeapp2-zpcChVod9PXvGdmvp_jcDA==/base.apk pkg=org.test.jeapp2.jeapp2 isa=x86 dexoptFlags=boot_complete,debuggable,public,enable_hidden_api_checks targetFilter=verify oatDir=/data/app/org.test.jeapp2.jeapp2-zpcChVod9PXvGdmvp_jcDA==/oat classLoaderContext=PCL[]
03-31 07:41:39.630  1208  1401 V installed: DexInv: --- BEGIN '/data/app/org.test.jeapp2.jeapp2-zpcChVod9PXvGdmvp_jcDA==/base.apk' ---
03-31 07:41:39.639  3323  3323 W dex2oat : Unexpected CPU variant for X86 using defaults: x86_64
03-31 07:41:39.639  3323  3323 W dex2oat : Mismatch between dex2oat instruction set features (ISA: X86 Feature string: -ssse3,-sse4.1,-sse4.2,-avx,-avx2,-popcnt) and those of dex2oat executable (ISA: X86 Feature string: ssse3,sse4.1,sse4.2,-avx,-avx2,popcnt) for the command line:
03-31 07:41:39.639  3323  3323 W dex2oat : /system/bin/dex2oat --zip-fd=16 --zip-location=base.apk --input-vdex-fd=-1 --output-vdex-fd=18 --oat-fd=17 --oat-location=/data/app/org.test.jeapp2.jeapp2-zpcChVod9PXvGdmvp_jcDA==/oat/x86/base.odex --instruction-set=x86 --instruction-set-variant=x86_64 --instruction-set-features=default --runtime-arg -Xms64m --runtime-arg -Xmx512m --compiler-filter=verify --swap-fd=19 --debuggable --classpath-dir=/data/app/org.test.jeapp2.jeapp2-zpcChVod9PXvGdmvp_jcDA== --class-loader-context=PCL[] --generate-mini-debug-info --compact-dex-level=none --runtime-arg -Xtarget-sdk-version:31 --runtime-arg -Xhidden-api-checks --compilation-reason=boot
03-31 07:41:39.639  3323  3323 I dex2oat : /system/bin/dex2oat --input-vdex-fd=-1 --output-vdex-fd=18 --compiler-filter=verify --debuggable --classpath-dir=/data/app/org.test.jeapp2.jeapp2-zpcChVod9PXvGdmvp_jcDA== --class-loader-context=PCL[] --generate-mini-debug-info --compact-dex-level=none --compilation-reason=boot
03-31 07:41:39.755  3323  3323 I dex2oat : Explicit concurrent copying GC freed 30(30KB) AllocSpace objects, 0(0B) LOS objects, 99% free, 1160B/1537KB, paused 20us total 1.480ms
03-31 07:41:39.758  3323  3323 I dex2oat : Explicit concurrent copying GC freed 43(47KB) AllocSpace objects, 0(0B) LOS objects, 99% free, 2000B/1537KB, paused 6us total 1.361ms
03-31 07:41:39.766  3323  3323 I dex2oat : Explicit concurrent copying GC freed 295(80KB) AllocSpace objects, 0(0B) LOS objects, 99% free, 4KB/1540KB, paused 7us total 1.617ms
03-31 07:41:39.768  3323  3323 I dex2oat : Explicit concurrent copying GC freed 51(31KB) AllocSpace objects, 0(0B) LOS objects, 99% free, 4KB/1540KB, paused 6us total 1.485ms
03-31 07:41:39.770  3323  3323 I dex2oat : Explicit concurrent copying GC freed 15(15KB) AllocSpace objects, 0(0B) LOS objects, 99% free, 5KB/1541KB, paused 6us total 1.432ms
03-31 07:41:39.774  3323  3323 I dex2oat : Explicit concurrent copying GC freed 138(82KB) AllocSpace objects, 0(0B) LOS objects, 99% free, 6KB/1542KB, paused 6us total 1.506ms
03-31 07:41:39.839  3323  3323 I dex2oat : dex2oat took 200.325ms (52.164ms cpu) (threads: 3) arena alloc=0B (0B) java alloc=6KB (6760B) native alloc=1851KB (1895552B) free=1732KB (1774464B)
03-31 07:41:39.840  1208  1401 V installed: DexInv: --- END '/data/app/org.test.jeapp2.jeapp2-zpcChVod9PXvGdmvp_jcDA==/base.apk' (success) ---
03-31 07:41:39.846  1340  3286 I system_server: The ClassLoaderContext is a special shared library.
03-31 07:41:39.978  1340  3286 I chatty  : uid=1000 system_server identical 34 lines
03-31 07:41:39.983  1340  3286 I system_server: The ClassLoaderContext is a special shared library.
03-31 07:41:39.983  1340  3286 I BackgroundDexOptService: Pinning optimized code {com.google.android.gms, org.test.jeapp2.jeapp2}
03-31 07:41:40.205  1822  2754 W A       : (REDACTED) [%s] response code: %d
03-31 07:41:41.107  1933  1933 D BoundBrokerSvc: onBind: Intent { act=com.google.android.gms.scheduler.ACTION_PROXY_SCHEDULE dat=chimera-action: cmp=com.google.android.gms/.chimera.PersistentApiService }
03-31 07:41:41.107  1933  1933 D BoundBrokerSvc: Loading bound service for intent: Intent { act=com.google.android.gms.scheduler.ACTION_PROXY_SCHEDULE dat=chimera-action: cmp=com.google.android.gms/.chimera.PersistentApiService }
03-31 07:41:42.854  1181  2253 W DnsTlsSocket: SSL_connect error 5, errno=111
03-31 07:41:42.854  1181  2253 E DnsTlsSocket: Failed to increment eventfd by -9223372036854775808
03-31 07:41:42.854  1340  1433 E ConnectivityService: Can't set TCP buffer sizes:java.io.FileNotFoundException: /sys/kernel/ipv4/tcp_rmem_min (No such file or directory)
03-31 07:41:46.422  2585  2616 I Finsky  : [140] hsa.run(19): Stats for Executor: BlockingExecutor kgt@1c2311d[Running, pool size = 3, active threads = 0, queued tasks = 0, completed tasks = 27]
03-31 07:41:46.422  2585  2616 I Finsky  : [140] hsa.run(19): Stats for Executor: LightweightExecutor kgt@413ef92[Running, pool size = 2, active threads = 0, queued tasks = 0, completed tasks = 96]
03-31 07:41:46.905  2585  2616 I Finsky  : [140] hsa.run(19): Stats for Executor: bgExecutor kgt@c67ad63[Running, pool size = 4, active threads = 0, queued tasks = 0, completed tasks = 546]
03-31 07:41:47.720  2711  2736 I Finsky:background: [149] hsa.run(19): Stats for Executor: bgExecutor kgt@89d45d7[Running, pool size = 4, active threads = 0, queued tasks = 0, completed tasks = 30]
03-31 07:41:47.720  2711  2736 I Finsky:background: [149] hsa.run(19): Stats for Executor: LightweightExecutor kgt@1886ec4[Running, pool size = 0, active threads = 0, queued tasks = 0, completed tasks = 0]
03-31 07:41:49.893  1115  1115 W hwservicemanager: getTransport: Cannot find entry android.hardware.memtrack@1.0::IMemtrack/default in either framework or device manifest.
03-31 07:41:56.156  1933  1933 D BoundBrokerSvc: onUnbind: Intent { act=com.google.android.gms.scheduler.ACTION_PROXY_SCHEDULE dat=chimera-action: cmp=com.google.android.gms/.chimera.PersistentApiService }
03-31 07:41:56.951  2711  2736 I Finsky:background: [149] hsa.run(19): Stats for Executor: BlockingExecutor kgt@86f11ad[Running, pool size = 0, active threads = 0, queued tasks = 0, completed tasks = 0]
03-31 07:41:57.989  3151  3174 I Finsky:quick_launch: [172] hsa.run(19): Stats for Executor: bgExecutor kgt@5eb54e7[Running, pool size = 4, active threads = 0, queued tasks = 0, completed tasks = 28]
03-31 07:41:57.989  3151  3174 I Finsky:quick_launch: [172] hsa.run(19): Stats for Executor: LightweightExecutor kgt@abbb894[Running, pool size = 0, active threads = 0, queued tasks = 0, completed tasks = 0]
03-31 07:41:58.149  3151  3174 I Finsky:quick_launch: [172] hsa.run(19): Stats for Executor: BlockingExecutor kgt@aa2df3d[Running, pool size = 0, active threads = 0, queued tasks = 0, completed tasks = 0]
03-31 07:42:15.021  1115  1115 W hwservicemanager: getTransport: Cannot find entry android.hardware.memtrack@1.0::IMemtrack/default in either framework or device manifest.
03-31 07:42:18.417  1340  1433 D ConnectivityService: releasing NetworkRequest [ REQUEST id=16, [ Transports: CELLULAR Capabilities: INTERNET&NOT_RESTRICTED&TRUSTED&NOT_VPN Unwanted:  Uid: 10028] ] (release request)
03-31 07:42:23.023  1340  1411 W ActivityManager: Unable to start service Intent { act=com.google.android.gms.drive.ApiService.RESET_AFTER_BOOT flg=0x4 cmp=com.google.android.gms/.drive.api.ApiService (has extras) } U=0: not found
03-31 07:42:25.088  1181  1251 E TrafficController: Failed to add iface wlan0(5): Bad file descriptor
03-31 07:42:25.088  1340  3276 D WificondControl: Scan result ready event
03-31 07:42:25.088  1340  1361 I EthernetTracker: interfaceLinkStateChanged, iface: wlan0, up: true
03-31 07:42:30.627  1215  1225 E storaged: getDiskStats failed with result NOT_SUPPORTED and size 0
03-31 07:42:50.287  1822  2070 I WorkerManager: dispose()
03-31 07:42:50.288  1822  2070 W A       : (REDACTED) Queue length for executor %s is now %d. Perhaps some tasks are too long, or the pool is too small.
03-31 07:42:56.654  1822  1822 I BgTaskExecutorImpl: (REDACTED) Starting %s background task %s.
03-31 07:42:56.659  1822  2070 I A       : getLocaleToModelSpecsMap
03-31 07:42:56.659  1822  3341 I NetworkRecognitionRnr: Using pair HTTP connection
03-31 07:42:56.659  1822  2070 I A       : getLocaleToModelSpecsMap
03-31 07:42:56.659  1822  2070 I chatty  : uid=10028(com.google.android.googlequicksearchbox) EventBus0 identical 1 line
03-31 07:42:56.660  1822  2070 I A       : getLocaleToModelSpecsMap
03-31 07:42:56.660  1822  2070 I A       : Proto config empty. Exit merge.
03-31 07:42:56.660  1822  2070 I A       : getLocaleToModelSpecsMap
03-31 07:42:56.660  1822  2070 I chatty  : uid=10028(com.google.android.googlequicksearchbox) EventBus0 identical 1 line
03-31 07:42:56.660  1822  2070 I A       : getLocaleToModelSpecsMap
03-31 07:42:56.660  1822  2070 I MicroDetectionState: (REDACTED) #takeChangeMicroDetectorMode [mIsBargeInEnabled: %b, mCurrentDetectionMode: %s]
03-31 07:42:56.660  1822  2070 I MicroDetectionState: (REDACTED) Should stop hotword detection immediately - %b
03-31 07:42:56.661  1822  2067 I A       : Flag is_largescreen_foldable_phone is false
03-31 07:42:56.661  1822  2067 I A       : (REDACTED) Flag is_whitelisted_as_tablet is %b
03-31 07:42:56.661  1822  2067 I A       : (REDACTED) R.bool.is_tablet is %b
03-31 07:42:56.661  1822  2780 I A       : [Upload] Connected
03-31 07:42:56.661  1822  2067 I A       : Flag is_largescreen_foldable_phone is false
03-31 07:42:56.661  1822  2067 I A       : (REDACTED) Flag is_whitelisted_as_tablet is %b
03-31 07:42:56.661  1822  2067 I A       : (REDACTED) R.bool.is_tablet is %b
03-31 07:42:56.662  1822  2067 I A       : Flag is_largescreen_foldable_phone is false
03-31 07:42:56.662  1822  2067 I A       : (REDACTED) Flag is_whitelisted_as_tablet is %b
03-31 07:42:56.662  1822  2067 I A       : (REDACTED) R.bool.is_tablet is %b
03-31 07:42:56.666  1822  2061 W CronetNetworkRqstWrppr: Upload request without a content type.
03-31 07:42:56.667  1822  2780 I NetworkRecognitionRnr: Using pair HTTP connection
03-31 07:42:56.667  1822  1822 E A       : onError
03-31 07:42:56.667  1822  1822 E A       : com.google.android.apps.gsa.shared.speech.a.m: errorCode: 65561, engine: 2
03-31 07:42:56.667  1822  1822 E A       : 	at com.google.android.apps.gsa.staticplugins.cy.a.f.a(PG:3)
03-31 07:42:56.667  1822  1822 E A       : 	at com.google.android.apps.gsa.s3.o.gO(PG:1)
03-31 07:42:56.667  1822  1822 E A       : 	at com.google.cd.g.a.f.e(PG:2)
03-31 07:42:56.667  1822  1822 E A       : 	at com.google.android.apps.gsa.speech.k.a.g.d(PG:22)
03-31 07:42:56.667  1822  1822 E A       : 	at com.google.android.apps.gsa.speech.k.a.g.jy(PG:6)
03-31 07:42:56.667  1822  1822 E A       : 	at com.google.android.apps.gsa.s3.p.c(PG:14)
03-31 07:42:56.667  1822  1822 E A       : 	at com.google.android.apps.gsa.s3.q.run(PG:1)
03-31 07:42:56.667  1822  1822 E A       : 	at java.util.concurrent.Executors$RunnableAdapter.call(Executors.java:458)
03-31 07:42:56.667  1822  1822 E A       : 	at java.util.concurrent.FutureTask.run(FutureTask.java:266)
03-31 07:42:56.667  1822  1822 E A       : 	at com.google.android.apps.gsa.shared.util.c.a.e.run(PG:2)
03-31 07:42:56.667  1822  1822 E A       : 	at com.google.android.apps.gsa.shared.util.c.a.bh.run(PG:1)
03-31 07:42:56.667  1822  1822 E A       : 	at com.google.android.apps.gsa.shared.util.c.a.bh.run(PG:1)
03-31 07:42:56.667  1822  1822 E A       : 	at java.util.concurrent.ThreadPoolExecutor.runWorker(ThreadPoolExecutor.java:1167)
03-31 07:42:56.667  1822  1822 E A       : 	at java.util.concurrent.ThreadPoolExecutor$Worker.run(ThreadPoolExecutor.java:641)
03-31 07:42:56.667  1822  1822 E A       : 	at java.lang.Thread.run(Thread.java:764)
03-31 07:42:56.667  1822  1822 E A       : 	at com.google.android.apps.gsa.shared.util.c.a.l.run(PG:5)
03-31 07:42:56.667  1822  1822 E A       : Caused by: com.google.android.apps.gsa.shared.speech.a.o: errorCode: 65586, engine: 2
03-31 07:42:56.667  1822  1822 E A       : 	... 15 more
03-31 07:42:56.667  1822  1822 E A       : Caused by: com.google.android.apps.gsa.shared.speech.a.k: errorCode: 401, engine: 2
03-31 07:42:56.667  1822  1822 E A       : 	at com.google.android.apps.gsa.assistant.shared.n.h.a(PG:5)
03-31 07:42:56.667  1822  1822 E A       : 	at com.google.android.apps.gsa.s3.producers.j.hj(PG:2)
03-31 07:42:56.667  1822  1822 E A       : 	at com.google.android.apps.gsa.speech.k.a.g.d(PG:16)
03-31 07:42:56.667  1822  1822 E A       : 	... 12 more
03-31 07:42:56.667  1822  2778 I A       : [Upload] Connected
03-31 07:42:56.667  1822  1822 W A       : Failed to sync device settings.
03-31 07:42:56.667  1822  1822 I A       : Retrying to sync device settings.
03-31 07:42:56.667  1822  2067 I A       : Flag is_largescreen_foldable_phone is false
03-31 07:42:56.667  1822  2067 I A       : (REDACTED) Flag is_whitelisted_as_tablet is %b
03-31 07:42:56.667  1822  2067 I A       : (REDACTED) R.bool.is_tablet is %b
03-31 07:42:56.672  1996  2786 I TelephonySpamChimeraSer: Running Telephony Spam Chimera Service [CONTEXT service_id=150 ]
03-31 07:42:56.672  1996  2786 I TelephonySpamChimeraSer: Cleaning SIP Header local table of old entries [CONTEXT service_id=150 ]
03-31 07:42:56.672  1933  2982 I NetworkScheduler.Stats: Task com.google.android.gms/com.google.android.gms.telephonyspam.sync.SpamListSyncTaskService started execution. cause:4 exec_start_elapsed_seconds: 153 [CONTEXT service_id=218 ]
03-31 07:42:56.672  1996  2786 I SpamListSync: Call spam module disabled. Skipping cleaning cache sip header table. [CONTEXT service_id=150 ]
03-31 07:42:56.673  1996  2786 I TelephonySpamChimeraSer: Syncing Call Spam List [CONTEXT service_id=150 ]
03-31 07:42:56.673  1996  2786 I SpamListSync: SpamListSyncChimeraService.syncSpamList called with tag: telephonyspam.SpamListSyncOneOffTask, extras: Bundle[{SpamList Type=0, Action=1.0}] [CONTEXT service_id=150 ]
03-31 07:42:56.673  1996  2786 I SpamListSync: Call spam module disabled. Skipping spam list syncing. [CONTEXT service_id=150 ]
03-31 07:42:56.674  1933  2117 I NetworkScheduler.Stats: Task com.google.android.gms/com.google.android.gms.telephonyspam.sync.SpamListSyncTaskService finished executing. cause:4 result: 1 elapsed_millis: 9 uptime_millis: 9 exec_start_elapsed_seconds: 153 [CONTEXT service_id=218 ]
03-31 07:42:56.745  1933  2982 I NetworkScheduler.Stats: Task com.google.android.gms/com.google.android.gms.auth.account.be.legacy.AuthCronService started execution. cause:5 exec_start_elapsed_seconds: 153 [CONTEXT service_id=218 ]
03-31 07:42:56.762  3014  3238 W DG      : [flow devicekey] DroidGuardRunner.newVmProcessForFastSignalCollection(): Fast program not found [CONTEXT service_id=25 ]
03-31 07:42:56.766  1181  1258 E TrafficController: Failed to tag the socket: Bad file descriptor, fd: -1
03-31 07:42:56.766  3014  3074 I NetworkManagementSocketTagger: tagSocketFd(69, 6147, 10008) failed with errno-101
03-31 07:42:57.131  3014  3014 I Binder:3014_5: type=1400 audit(0.0:630): avc: denied { open } for path="/proc/bus/pci/devices" dev="proc" ino=4026532078 scontext=u:r:priv_app:s0:c512,c768 tcontext=u:object_r:proc:s0 tclass=file permissive=1
03-31 07:42:57.152  3014  3014 I Binder:3014_5: type=1400 audit(0.0:631): avc: denied { open } for path="/sys/fs/ext4" dev="sysfs" ino=5552 scontext=u:r:priv_app:s0:c512,c768 tcontext=u:object_r:sysfs:s0 tclass=dir permissive=1
03-31 07:42:57.201  3014  3238 W SystemServiceRegistry: No service published for: persistent_data_block
03-31 07:42:57.290  3014  3238 I ConfigStore: android::hardware::configstore::V1_0::ISurfaceFlingerConfigs::hasWideColorDisplay retrieved: 0
03-31 07:42:57.290  3014  3238 I ConfigStore: android::hardware::configstore::V1_0::ISurfaceFlingerConfigs::hasHDRDisplay retrieved: 0
03-31 07:42:57.425  3014  3238 I ConfigStore: android::hardware::configstore::V1_0::ISurfaceFlingerConfigs::hasWideColorDisplay retrieved: 0
03-31 07:42:57.425  3014  3238 I ConfigStore: android::hardware::configstore::V1_0::ISurfaceFlingerConfigs::hasHDRDisplay retrieved: 0
03-31 07:42:57.645  1181  1258 E TrafficController: Failed to tag the socket: Bad file descriptor, fd: -1
03-31 07:42:57.684  1933  3128 W Conscrypt: Could not set socket write timeout: java.net.SocketException: Socket closed
03-31 07:42:57.684  1933  3128 W Conscrypt: 	at com.google.android.gms.org.conscrypt.Platform.setSocketWriteTimeout(:com.google.android.gms@231115032@23.11.15 (100800-520109968):2)
03-31 07:42:57.684  1933  3128 W Conscrypt: 	at com.google.android.gms.org.conscrypt.ConscryptFileDescriptorSocket.setSoWriteTimeout(:com.google.android.gms@231115032@23.11.15 (100800-520109968):0)
03-31 07:42:57.792  1933  3128 W Conscrypt: Could not set socket write timeout: java.net.SocketException: Socket closed
03-31 07:42:57.792  1933  3128 W Conscrypt: 	at com.google.android.gms.org.conscrypt.Platform.setSocketWriteTimeout(:com.google.android.gms@231115032@23.11.15 (100800-520109968):2)
03-31 07:42:57.793  1933  3128 W Conscrypt: 	at com.google.android.gms.org.conscrypt.ConscryptFileDescriptorSocket.setSoWriteTimeout(:com.google.android.gms@231115032@23.11.15 (100800-520109968):0)
03-31 07:42:57.946  1933  1933 D BoundBrokerSvc: onBind: Intent { act=com.google.android.gms.scheduler.ACTION_PROXY_SCHEDULE dat=chimera-action: cmp=com.google.android.gms/.chimera.PersistentApiService }
03-31 07:42:57.946  1933  1933 D BoundBrokerSvc: Loading bound service for intent: Intent { act=com.google.android.gms.scheduler.ACTION_PROXY_SCHEDULE dat=chimera-action: cmp=com.google.android.gms/.chimera.PersistentApiService }
03-31 07:42:57.947  1933  3128 W GLSUser : [AppCertManager] Exception while requesting key: 
03-31 07:42:57.947  1933  3128 W GLSUser : java.io.IOException: Invalid device key response.
03-31 07:42:57.947  1933  3128 W GLSUser : 	at nyz.b(:com.google.android.gms@231115032@23.11.15 (100800-520109968):41)
03-31 07:42:57.947  1933  3128 W GLSUser : 	at nyx.b(:com.google.android.gms@231115032@23.11.15 (100800-520109968):4)
03-31 07:42:57.947  1933  3128 W GLSUser : 	at nys.a(:com.google.android.gms@231115032@23.11.15 (100800-520109968):0)
03-31 07:42:57.947  1933  3128 W GLSUser : 	at nyv.a(:com.google.android.gms@231115032@23.11.15 (100800-520109968):5)
03-31 07:42:57.947  1933  3128 W GLSUser : 	at llf.call(:com.google.android.gms@231115032@23.11.15 (100800-520109968):14)
03-31 07:42:57.947  1933  3128 W GLSUser : 	at java.util.concurrent.FutureTask.run(FutureTask.java:266)
03-31 07:42:57.947  1933  3128 W GLSUser : 	at acmr.c(:com.google.android.gms@231115032@23.11.15 (100800-520109968):6)
03-31 07:42:57.947  1933  3128 W GLSUser : 	at acmr.run(:com.google.android.gms@231115032@23.11.15 (100800-520109968):7)
